
> ai-tech-news@0.1.0 test:e2e
> playwright test

[WebServer]  ⚠ The "middleware" file convention is deprecated. Please use "proxy" instead. Learn more: https://nextjs.org/docs/messages/middleware-to-proxy

Running 119 tests using 5 workers

  ✘    3 [chromium] › tests/e2e/admin-authentication.spec.ts:9:7 › Admin Authentication › should redirect to login when accessing admin without auth (1.0m)
  ✘    2 [chromium] › tests/e2e/admin-authentication.spec.ts:23:7 › Admin Authentication › should login with correct password (1.0m)
  ✘    1 [chromium] › tests/e2e/admin-authentication.spec.ts:14:7 › Admin Authentication › should show error for invalid password (1.0m)
  ✘    4 [chromium] › tests/e2e/admin-authentication.spec.ts:34:7 › Admin Authentication › should redirect to intended page after login (1.0m)
  ✘    5 [chromium] › tests/e2e/admin-authentication.spec.ts:46:7 › Admin Authentication › should logout and redirect to login (1.1m)
  ✘    6 [chromium] › tests/e2e/admin-navigation.spec.ts:4:7 › Admin navigation › menu links render and highlight active route (1.0m)
  ✘    8 [chromium] › tests/e2e/admin-authentication.spec.ts:82:7 › Admin Authentication › should show loading state during login (1.0m)
  ✘    9 [chromium] › tests/e2e/articles-crud.spec.ts:43:7 › Articles CRUD › should create a new article (1.0m)
  ✘    7 [chromium] › tests/e2e/admin-authentication.spec.ts:64:7 › Admin Authentication › should maintain session across page navigations (1.0m)
  ✘   10 [chromium] › tests/e2e/articles-crud.spec.ts:80:7 › Articles CRUD › should auto-generate slug from title (1.0m)
[WebServer]  ⨯ Error: ENOENT: no such file or directory, open '/Users/aishwaryashrivastav/Development/port/.next/dev/server/app/admin/login/page/build-manifest.json'
[WebServer]     at ignore-listed frames {
[WebServer]   errno: -2,
[WebServer]   code: 'ENOENT',
[WebServer]   syscall: 'open',
[WebServer]   path: '/Users/aishwaryashrivastav/Development/port/.next/dev/server/app/admin/login/page/build-manifest.json'
[WebServer] }
[WebServer]  ⨯ Error: ENOENT: no such file or directory, open '/Users/aishwaryashrivastav/Development/port/.next/dev/server/app/admin/login/page/build-manifest.json'
[WebServer]     at ignore-listed frames {
[WebServer]   errno: -2,
[WebServer]   code: 'ENOENT',
[WebServer]   syscall: 'open',
[WebServer]   path: '/Users/aishwaryashrivastav/Development/port/.next/dev/server/app/admin/login/page/build-manifest.json'
[WebServer] }
[WebServer]  ⨯ Error: ENOENT: no such file or directory, open '/Users/aishwaryashrivastav/Development/port/.next/dev/server/app/admin/login/page/build-manifest.json'
[WebServer]     at ignore-listed frames {
[WebServer]   errno: -2,
[WebServer]   code: 'ENOENT',
[WebServer]   syscall: 'open',
[WebServer]   path: '/Users/aishwaryashrivastav/Development/port/.next/dev/server/app/admin/login/page/build-manifest.json'
[WebServer] }
[WebServer]  ⨯ Error: ENOENT: no such file or directory, open '/Users/aishwaryashrivastav/Development/port/.next/dev/server/app/admin/login/page/build-manifest.json'
[WebServer]     at ignore-listed frames {
[WebServer]   errno: -2,
[WebServer]   code: 'ENOENT',
[WebServer]   syscall: 'open',
[WebServer]   path: '/Users/aishwaryashrivastav/Development/port/.next/dev/server/app/admin/login/page/build-manifest.json'
[WebServer] }
[WebServer]  ⨯ Error: ENOENT: no such file or directory, open '/Users/aishwaryashrivastav/Development/port/.next/dev/server/app/api/categories/[__metadata_id__]/route/app-paths-manifest.json'
[WebServer]     at ignore-listed frames {
[WebServer]   errno: -2,
[WebServer]   code: 'ENOENT',
[WebServer]   syscall: 'open',
[WebServer]   path: '/Users/aishwaryashrivastav/Development/port/.next/dev/server/app/api/categories/[__metadata_id__]/route/app-paths-manifest.json'
[WebServer] }
[WebServer]  ⨯ Error: ENOENT: no such file or directory, open '/Users/aishwaryashrivastav/Development/port/.next/dev/server/app/api/settings/[__metadata_id__]/route/app-paths-manifest.json'
[WebServer]     at ignore-listed frames {
[WebServer]   errno: -2,
[WebServer]   code: 'ENOENT',
[WebServer]   syscall: 'open',
[WebServer]   path: '/Users/aishwaryashrivastav/Development/port/.next/dev/server/app/api/settings/[__metadata_id__]/route/app-paths-manifest.json'
[WebServer] }
[WebServer]  ⨯ Error: ENOENT: no such file or directory, open '/Users/aishwaryashrivastav/Development/port/.next/dev/server/app/api/settings/[__metadata_id__]/route/app-paths-manifest.json'
[WebServer]     at ignore-listed frames {
[WebServer]   errno: -2,
[WebServer]   code: 'ENOENT',
[WebServer]   syscall: 'open',
[WebServer]   path: '/Users/aishwaryashrivastav/Development/port/.next/dev/server/app/api/settings/[__metadata_id__]/route/app-paths-manifest.json'
[WebServer] }
[WebServer]  ⨯ Error: ENOENT: no such file or directory, open '/Users/aishwaryashrivastav/Development/port/.next/dev/server/app/api/categories/[__metadata_id__]/route/app-paths-manifest.json'
[WebServer]     at ignore-listed frames {
[WebServer]   errno: -2,
[WebServer]   code: 'ENOENT',
[WebServer]   syscall: 'open',
[WebServer]   path: '/Users/aishwaryashrivastav/Development/port/.next/dev/server/app/api/categories/[__metadata_id__]/route/app-paths-manifest.json'
[WebServer] }
[WebServer]  ⨯ Error: ENOENT: no such file or directory, open '/Users/aishwaryashrivastav/Development/port/.next/dev/server/app/api/settings/[__metadata_id__]/route/app-paths-manifest.json'
[WebServer]     at ignore-listed frames {
[WebServer]   errno: -2,
[WebServer]   code: 'ENOENT',
[WebServer]   syscall: 'open',
[WebServer]   path: '/Users/aishwaryashrivastav/Development/port/.next/dev/server/app/api/settings/[__metadata_id__]/route/app-paths-manifest.json'
[WebServer] }
[WebServer]  ⨯ Error: ENOENT: no such file or directory, open '/Users/aishwaryashrivastav/Development/port/.next/dev/server/app/api/categories/[__metadata_id__]/route/app-paths-manifest.json'
[WebServer]     at ignore-listed frames {
[WebServer]   errno: -2,
[WebServer]   code: 'ENOENT',
[WebServer]   syscall: 'open',
[WebServer]   path: '/Users/aishwaryashrivastav/Development/port/.next/dev/server/app/api/categories/[__metadata_id__]/route/app-paths-manifest.json'
[WebServer] }
[WebServer]  ⨯ Error: ENOENT: no such file or directory, open '/Users/aishwaryashrivastav/Development/port/.next/dev/server/app/api/categories/[__metadata_id__]/route/app-paths-manifest.json'
[WebServer]     at ignore-listed frames {
[WebServer]   errno: -2,
[WebServer]   code: 'ENOENT',
[WebServer]   syscall: 'open',
[WebServer]   path: '/Users/aishwaryashrivastav/Development/port/.next/dev/server/app/api/categories/[__metadata_id__]/route/app-paths-manifest.json'
[WebServer] }
[WebServer]  ⨯ Error: ENOENT: no such file or directory, open '/Users/aishwaryashrivastav/Development/port/.next/dev/server/app/api/settings/[__metadata_id__]/route/app-paths-manifest.json'
[WebServer]     at ignore-listed frames {
[WebServer]   errno: -2,
[WebServer]   code: 'ENOENT',
[WebServer]   syscall: 'open',
[WebServer]   path: '/Users/aishwaryashrivastav/Development/port/.next/dev/server/app/api/settings/[__metadata_id__]/route/app-paths-manifest.json'
[WebServer] }
[WebServer]  ⨯ Error: ENOENT: no such file or directory, open '/Users/aishwaryashrivastav/Development/port/.next/dev/static/development/_buildManifest.js.tmp.xy17p2t3sqi'
[WebServer]     at ignore-listed frames {
[WebServer]   errno: -2,
[WebServer]   code: 'ENOENT',
[WebServer]   syscall: 'open',
[WebServer]   path: '/Users/aishwaryashrivastav/Development/port/.next/dev/static/development/_buildManifest.js.tmp.xy17p2t3sqi'
[WebServer] }
[WebServer]  ⨯ Error: Cannot find module '../chunks/ssr/[turbopack]_runtime.js'
[WebServer] Require stack:
[WebServer] - /Users/aishwaryashrivastav/Development/port/.next/dev/server/pages/_document.js
[WebServer] - /Users/aishwaryashrivastav/Development/port/node_modules/next/dist/server/require.js
[WebServer] - /Users/aishwaryashrivastav/Development/port/node_modules/next/dist/server/load-components.js
[WebServer] - /Users/aishwaryashrivastav/Development/port/node_modules/next/dist/build/utils.js
[WebServer] - /Users/aishwaryashrivastav/Development/port/node_modules/next/dist/build/swc/options.js
[WebServer] - /Users/aishwaryashrivastav/Development/port/node_modules/next/dist/build/swc/index.js
[WebServer] - /Users/aishwaryashrivastav/Development/port/node_modules/next/dist/build/next-config-ts/transpile-config.js
[WebServer] - /Users/aishwaryashrivastav/Development/port/node_modules/next/dist/server/config.js
[WebServer] - /Users/aishwaryashrivastav/Development/port/node_modules/next/dist/server/next.js
[WebServer] - /Users/aishwaryashrivastav/Development/port/node_modules/next/dist/server/lib/start-server.js
[WebServer]     at Object.<anonymous> (.next/dev/server/pages/_document.js:1:7) {
[WebServer]   code: 'MODULE_NOT_FOUND',
[WebServer]   requireStack: [Array]
[WebServer] }
[WebServer]  ⨯ Error: Cannot find module '../chunks/ssr/[turbopack]_runtime.js'
[WebServer] Require stack:
[WebServer] - /Users/aishwaryashrivastav/Development/port/.next/dev/server/pages/_document.js
[WebServer] - /Users/aishwaryashrivastav/Development/port/node_modules/next/dist/server/require.js
[WebServer] - /Users/aishwaryashrivastav/Development/port/node_modules/next/dist/server/load-components.js
[WebServer] - /Users/aishwaryashrivastav/Development/port/node_modules/next/dist/build/utils.js
[WebServer] - /Users/aishwaryashrivastav/Development/port/node_modules/next/dist/build/swc/options.js
[WebServer] - /Users/aishwaryashrivastav/Development/port/node_modules/next/dist/build/swc/index.js
[WebServer] - /Users/aishwaryashrivastav/Development/port/node_modules/next/dist/build/next-config-ts/transpile-config.js
[WebServer] - /Users/aishwaryashrivastav/Development/port/node_modules/next/dist/server/config.js
[WebServer] - /Users/aishwaryashrivastav/Development/port/node_modules/next/dist/server/next.js
[WebServer] - /Users/aishwaryashrivastav/Development/port/node_modules/next/dist/server/lib/start-server.js
[WebServer]     at Object.<anonymous> (.next/dev/server/pages/_document.js:1:7) {
[WebServer]   code: 'MODULE_NOT_FOUND',
[WebServer]   requireStack: [Array]
[WebServer] }
[WebServer]  ⨯ Error: Cannot find module '../chunks/ssr/[turbopack]_runtime.js'
[WebServer] Require stack:
[WebServer] - /Users/aishwaryashrivastav/Development/port/.next/dev/server/pages/_document.js
[WebServer] - /Users/aishwaryashrivastav/Development/port/node_modules/next/dist/server/require.js
[WebServer] - /Users/aishwaryashrivastav/Development/port/node_modules/next/dist/server/load-components.js
[WebServer] - /Users/aishwaryashrivastav/Development/port/node_modules/next/dist/build/utils.js
[WebServer] - /Users/aishwaryashrivastav/Development/port/node_modules/next/dist/build/swc/options.js
[WebServer] - /Users/aishwaryashrivastav/Development/port/node_modules/next/dist/build/swc/index.js
[WebServer] - /Users/aishwaryashrivastav/Development/port/node_modules/next/dist/build/next-config-ts/transpile-config.js
[WebServer] - /Users/aishwaryashrivastav/Development/port/node_modules/next/dist/server/config.js
[WebServer] - /Users/aishwaryashrivastav/Development/port/node_modules/next/dist/server/next.js
[WebServer] - /Users/aishwaryashrivastav/Development/port/node_modules/next/dist/server/lib/start-server.js
[WebServer]     at Object.<anonymous> (.next/dev/server/pages/_document.js:1:7) {
[WebServer]   code: 'MODULE_NOT_FOUND',
[WebServer]   requireStack: [Array]
[WebServer] }
[WebServer]  ⨯ Error: Cannot find module '../chunks/ssr/[turbopack]_runtime.js'
[WebServer] Require stack:
[WebServer] - /Users/aishwaryashrivastav/Development/port/.next/dev/server/pages/_document.js
[WebServer] - /Users/aishwaryashrivastav/Development/port/node_modules/next/dist/server/require.js
[WebServer] - /Users/aishwaryashrivastav/Development/port/node_modules/next/dist/server/load-components.js
[WebServer] - /Users/aishwaryashrivastav/Development/port/node_modules/next/dist/build/utils.js
[WebServer] - /Users/aishwaryashrivastav/Development/port/node_modules/next/dist/build/swc/options.js
[WebServer] - /Users/aishwaryashrivastav/Development/port/node_modules/next/dist/build/swc/index.js
[WebServer] - /Users/aishwaryashrivastav/Development/port/node_modules/next/dist/build/next-config-ts/transpile-config.js
[WebServer] - /Users/aishwaryashrivastav/Development/port/node_modules/next/dist/server/config.js
[WebServer] - /Users/aishwaryashrivastav/Development/port/node_modules/next/dist/server/next.js
[WebServer] - /Users/aishwaryashrivastav/Development/port/node_modules/next/dist/server/lib/start-server.js
[WebServer]     at Object.<anonymous> (.next/dev/server/pages/_document.js:1:7) {
[WebServer]   code: 'MODULE_NOT_FOUND',
[WebServer]   requireStack: [Array]
[WebServer] }
[WebServer]  ⨯ Error: Cannot find module '../chunks/ssr/[turbopack]_runtime.js'
[WebServer] Require stack:
[WebServer] - /Users/aishwaryashrivastav/Development/port/.next/dev/server/pages/_document.js
[WebServer] - /Users/aishwaryashrivastav/Development/port/node_modules/next/dist/server/require.js
[WebServer] - /Users/aishwaryashrivastav/Development/port/node_modules/next/dist/server/load-components.js
[WebServer] - /Users/aishwaryashrivastav/Development/port/node_modules/next/dist/build/utils.js
[WebServer] - /Users/aishwaryashrivastav/Development/port/node_modules/next/dist/build/swc/options.js
[WebServer] - /Users/aishwaryashrivastav/Development/port/node_modules/next/dist/build/swc/index.js
[WebServer] - /Users/aishwaryashrivastav/Development/port/node_modules/next/dist/build/next-config-ts/transpile-config.js
[WebServer] - /Users/aishwaryashrivastav/Development/port/node_modules/next/dist/server/config.js
[WebServer] - /Users/aishwaryashrivastav/Development/port/node_modules/next/dist/server/next.js
[WebServer] - /Users/aishwaryashrivastav/Development/port/node_modules/next/dist/server/lib/start-server.js
[WebServer]     at Object.<anonymous> (.next/dev/server/pages/_document.js:1:7) {
[WebServer]   code: 'MODULE_NOT_FOUND',
[WebServer]   requireStack: [Array]
[WebServer] }
[WebServer]  ⨯ Error: Cannot find module '../chunks/ssr/[turbopack]_runtime.js'
[WebServer] Require stack:
[WebServer] - /Users/aishwaryashrivastav/Development/port/.next/dev/server/pages/_document.js
[WebServer] - /Users/aishwaryashrivastav/Development/port/node_modules/next/dist/server/require.js
[WebServer] - /Users/aishwaryashrivastav/Development/port/node_modules/next/dist/server/load-components.js
[WebServer] - /Users/aishwaryashrivastav/Development/port/node_modules/next/dist/build/utils.js
[WebServer] - /Users/aishwaryashrivastav/Development/port/node_modules/next/dist/build/swc/options.js
[WebServer] - /Users/aishwaryashrivastav/Development/port/node_modules/next/dist/build/swc/index.js
[WebServer] - /Users/aishwaryashrivastav/Development/port/node_modules/next/dist/build/next-config-ts/transpile-config.js
[WebServer] - /Users/aishwaryashrivastav/Development/port/node_modules/next/dist/server/config.js
[WebServer] - /Users/aishwaryashrivastav/Development/port/node_modules/next/dist/server/next.js
[WebServer] - /Users/aishwaryashrivastav/Development/port/node_modules/next/dist/server/lib/start-server.js
[WebServer]     at Object.<anonymous> (.next/dev/server/pages/_document.js:1:7) {
[WebServer]   code: 'MODULE_NOT_FOUND',
[WebServer]   requireStack: [Array]
[WebServer] }
[WebServer]  ⨯ Error: Cannot find module '../chunks/ssr/[turbopack]_runtime.js'
[WebServer] Require stack:
[WebServer] - /Users/aishwaryashrivastav/Development/port/.next/dev/server/pages/_document.js
[WebServer] - /Users/aishwaryashrivastav/Development/port/node_modules/next/dist/server/require.js
[WebServer] - /Users/aishwaryashrivastav/Development/port/node_modules/next/dist/server/load-components.js
[WebServer] - /Users/aishwaryashrivastav/Development/port/node_modules/next/dist/build/utils.js
[WebServer] - /Users/aishwaryashrivastav/Development/port/node_modules/next/dist/build/swc/options.js
[WebServer] - /Users/aishwaryashrivastav/Development/port/node_modules/next/dist/build/swc/index.js
[WebServer] - /Users/aishwaryashrivastav/Development/port/node_modules/next/dist/build/next-config-ts/transpile-config.js
[WebServer] - /Users/aishwaryashrivastav/Development/port/node_modules/next/dist/server/config.js
[WebServer] - /Users/aishwaryashrivastav/Development/port/node_modules/next/dist/server/next.js
[WebServer] - /Users/aishwaryashrivastav/Development/port/node_modules/next/dist/server/lib/start-server.js
[WebServer]     at Object.<anonymous> (.next/dev/server/pages/_document.js:1:7) {
[WebServer]   code: 'MODULE_NOT_FOUND',
[WebServer]   requireStack: [Array]
[WebServer] }
[WebServer]  ⨯ Error: Cannot find module '../chunks/ssr/[turbopack]_runtime.js'
[WebServer] Require stack:
[WebServer] - /Users/aishwaryashrivastav/Development/port/.next/dev/server/pages/_document.js
[WebServer] - /Users/aishwaryashrivastav/Development/port/node_modules/next/dist/server/require.js
[WebServer] - /Users/aishwaryashrivastav/Development/port/node_modules/next/dist/server/load-components.js
[WebServer] - /Users/aishwaryashrivastav/Development/port/node_modules/next/dist/build/utils.js
[WebServer] - /Users/aishwaryashrivastav/Development/port/node_modules/next/dist/build/swc/options.js
[WebServer] - /Users/aishwaryashrivastav/Development/port/node_modules/next/dist/build/swc/index.js
[WebServer] - /Users/aishwaryashrivastav/Development/port/node_modules/next/dist/build/next-config-ts/transpile-config.js
[WebServer] - /Users/aishwaryashrivastav/Development/port/node_modules/next/dist/server/config.js
[WebServer] - /Users/aishwaryashrivastav/Development/port/node_modules/next/dist/server/next.js
[WebServer] - /Users/aishwaryashrivastav/Development/port/node_modules/next/dist/server/lib/start-server.js
[WebServer]     at Object.<anonymous> (.next/dev/server/pages/_document.js:1:7) {
[WebServer]   code: 'MODULE_NOT_FOUND',
[WebServer]   requireStack: [Array]
[WebServer] }
[WebServer]  ⨯ Error: Cannot find module '../chunks/ssr/[turbopack]_runtime.js'
[WebServer] Require stack:
[WebServer] - /Users/aishwaryashrivastav/Development/port/.next/dev/server/pages/_document.js
[WebServer] - /Users/aishwaryashrivastav/Development/port/node_modules/next/dist/server/require.js
[WebServer] - /Users/aishwaryashrivastav/Development/port/node_modules/next/dist/server/load-components.js
[WebServer] - /Users/aishwaryashrivastav/Development/port/node_modules/next/dist/build/utils.js
[WebServer] - /Users/aishwaryashrivastav/Development/port/node_modules/next/dist/build/swc/options.js
[WebServer] - /Users/aishwaryashrivastav/Development/port/node_modules/next/dist/build/swc/index.js
[WebServer] - /Users/aishwaryashrivastav/Development/port/node_modules/next/dist/build/next-config-ts/transpile-config.js
[WebServer] - /Users/aishwaryashrivastav/Development/port/node_modules/next/dist/server/config.js
[WebServer] - /Users/aishwaryashrivastav/Development/port/node_modules/next/dist/server/next.js
[WebServer] - /Users/aishwaryashrivastav/Development/port/node_modules/next/dist/server/lib/start-server.js
[WebServer]     at Object.<anonymous> (.next/dev/server/pages/_document.js:1:7) {
[WebServer]   code: 'MODULE_NOT_FOUND',
[WebServer]   requireStack: [Array]
[WebServer] }
[WebServer]  ⨯ Error: Cannot find module '../chunks/ssr/[turbopack]_runtime.js'
[WebServer] Require stack:
[WebServer] - /Users/aishwaryashrivastav/Development/port/.next/dev/server/pages/_document.js
[WebServer] - /Users/aishwaryashrivastav/Development/port/node_modules/next/dist/server/require.js
[WebServer] - /Users/aishwaryashrivastav/Development/port/node_modules/next/dist/server/load-components.js
[WebServer] - /Users/aishwaryashrivastav/Development/port/node_modules/next/dist/build/utils.js
[WebServer] - /Users/aishwaryashrivastav/Development/port/node_modules/next/dist/build/swc/options.js
[WebServer] - /Users/aishwaryashrivastav/Development/port/node_modules/next/dist/build/swc/index.js
[WebServer] - /Users/aishwaryashrivastav/Development/port/node_modules/next/dist/build/next-config-ts/transpile-config.js
[WebServer] - /Users/aishwaryashrivastav/Development/port/node_modules/next/dist/server/config.js
[WebServer] - /Users/aishwaryashrivastav/Development/port/node_modules/next/dist/server/next.js
[WebServer] - /Users/aishwaryashrivastav/Development/port/node_modules/next/dist/server/lib/start-server.js
[WebServer]     at Object.<anonymous> (.next/dev/server/pages/_document.js:1:7) {
[WebServer]   code: 'MODULE_NOT_FOUND',
[WebServer]   requireStack: [Array]
[WebServer] }
[WebServer]  ⨯ Error: Cannot find module '../chunks/ssr/[turbopack]_runtime.js'
[WebServer] Require stack:
[WebServer] - /Users/aishwaryashrivastav/Development/port/.next/dev/server/pages/_document.js
[WebServer] - /Users/aishwaryashrivastav/Development/port/node_modules/next/dist/server/require.js
[WebServer] - /Users/aishwaryashrivastav/Development/port/node_modules/next/dist/server/load-components.js
[WebServer] - /Users/aishwaryashrivastav/Development/port/node_modules/next/dist/build/utils.js
[WebServer] - /Users/aishwaryashrivastav/Development/port/node_modules/next/dist/build/swc/options.js
[WebServer] - /Users/aishwaryashrivastav/Development/port/node_modules/next/dist/build/swc/index.js
[WebServer] - /Users/aishwaryashrivastav/Development/port/node_modules/next/dist/build/next-config-ts/transpile-config.js
[WebServer] - /Users/aishwaryashrivastav/Development/port/node_modules/next/dist/server/config.js
[WebServer] - /Users/aishwaryashrivastav/Development/port/node_modules/next/dist/server/next.js
[WebServer] - /Users/aishwaryashrivastav/Development/port/node_modules/next/dist/server/lib/start-server.js
[WebServer]     at Object.<anonymous> (.next/dev/server/pages/_document.js:1:7) {
[WebServer]   code: 'MODULE_NOT_FOUND',
[WebServer]   requireStack: [Array]
[WebServer] }
[WebServer]  ⨯ Error: Cannot find module '../chunks/ssr/[turbopack]_runtime.js'
[WebServer] Require stack:
[WebServer] - /Users/aishwaryashrivastav/Development/port/.next/dev/server/pages/_document.js
[WebServer] - /Users/aishwaryashrivastav/Development/port/node_modules/next/dist/server/require.js
[WebServer] - /Users/aishwaryashrivastav/Development/port/node_modules/next/dist/server/load-components.js
[WebServer] - /Users/aishwaryashrivastav/Development/port/node_modules/next/dist/build/utils.js
[WebServer] - /Users/aishwaryashrivastav/Development/port/node_modules/next/dist/build/swc/options.js
[WebServer] - /Users/aishwaryashrivastav/Development/port/node_modules/next/dist/build/swc/index.js
[WebServer] - /Users/aishwaryashrivastav/Development/port/node_modules/next/dist/build/next-config-ts/transpile-config.js
[WebServer] - /Users/aishwaryashrivastav/Development/port/node_modules/next/dist/server/config.js
[WebServer] - /Users/aishwaryashrivastav/Development/port/node_modules/next/dist/server/next.js
[WebServer] - /Users/aishwaryashrivastav/Development/port/node_modules/next/dist/server/lib/start-server.js
[WebServer]     at Object.<anonymous> (.next/dev/server/pages/_document.js:1:7) {
[WebServer]   code: 'MODULE_NOT_FOUND',
[WebServer]   requireStack: [Array]
[WebServer] }
[WebServer]  ⨯ Error: Cannot find module '../chunks/ssr/[turbopack]_runtime.js'
[WebServer] Require stack:
[WebServer] - /Users/aishwaryashrivastav/Development/port/.next/dev/server/pages/_document.js
[WebServer] - /Users/aishwaryashrivastav/Development/port/node_modules/next/dist/server/require.js
[WebServer] - /Users/aishwaryashrivastav/Development/port/node_modules/next/dist/server/load-components.js
[WebServer] - /Users/aishwaryashrivastav/Development/port/node_modules/next/dist/build/utils.js
[WebServer] - /Users/aishwaryashrivastav/Development/port/node_modules/next/dist/build/swc/options.js
[WebServer] - /Users/aishwaryashrivastav/Development/port/node_modules/next/dist/build/swc/index.js
[WebServer] - /Users/aishwaryashrivastav/Development/port/node_modules/next/dist/build/next-config-ts/transpile-config.js
[WebServer] - /Users/aishwaryashrivastav/Development/port/node_modules/next/dist/server/config.js
[WebServer] - /Users/aishwaryashrivastav/Development/port/node_modules/next/dist/server/next.js
[WebServer] - /Users/aishwaryashrivastav/Development/port/node_modules/next/dist/server/lib/start-server.js
[WebServer]     at Object.<anonymous> (.next/dev/server/pages/_document.js:1:7) {
[WebServer]   code: 'MODULE_NOT_FOUND',
[WebServer]   requireStack: [Array]
[WebServer] }
[WebServer]  ⨯ Error: Cannot find module '../chunks/ssr/[turbopack]_runtime.js'
[WebServer] Require stack:
[WebServer] - /Users/aishwaryashrivastav/Development/port/.next/dev/server/pages/_document.js
[WebServer] - /Users/aishwaryashrivastav/Development/port/node_modules/next/dist/server/require.js
[WebServer] - /Users/aishwaryashrivastav/Development/port/node_modules/next/dist/server/load-components.js
[WebServer] - /Users/aishwaryashrivastav/Development/port/node_modules/next/dist/build/utils.js
[WebServer] - /Users/aishwaryashrivastav/Development/port/node_modules/next/dist/build/swc/options.js
[WebServer] - /Users/aishwaryashrivastav/Development/port/node_modules/next/dist/build/swc/index.js
[WebServer] - /Users/aishwaryashrivastav/Development/port/node_modules/next/dist/build/next-config-ts/transpile-config.js
[WebServer] - /Users/aishwaryashrivastav/Development/port/node_modules/next/dist/server/config.js
[WebServer] - /Users/aishwaryashrivastav/Development/port/node_modules/next/dist/server/next.js
[WebServer] - /Users/aishwaryashrivastav/Development/port/node_modules/next/dist/server/lib/start-server.js
[WebServer]     at Object.<anonymous> (.next/dev/server/pages/_document.js:1:7) {
[WebServer]   code: 'MODULE_NOT_FOUND',
[WebServer]   requireStack: [Array]
[WebServer] }
[WebServer]  ⨯ Error: Cannot find module '../chunks/ssr/[turbopack]_runtime.js'
[WebServer] Require stack:
[WebServer] - /Users/aishwaryashrivastav/Development/port/.next/dev/server/pages/_document.js
[WebServer] - /Users/aishwaryashrivastav/Development/port/node_modules/next/dist/server/require.js
[WebServer] - /Users/aishwaryashrivastav/Development/port/node_modules/next/dist/server/load-components.js
[WebServer] - /Users/aishwaryashrivastav/Development/port/node_modules/next/dist/build/utils.js
[WebServer] - /Users/aishwaryashrivastav/Development/port/node_modules/next/dist/build/swc/options.js
[WebServer] - /Users/aishwaryashrivastav/Development/port/node_modules/next/dist/build/swc/index.js
[WebServer] - /Users/aishwaryashrivastav/Development/port/node_modules/next/dist/build/next-config-ts/transpile-config.js
[WebServer] - /Users/aishwaryashrivastav/Development/port/node_modules/next/dist/server/config.js
[WebServer] - /Users/aishwaryashrivastav/Development/port/node_modules/next/dist/server/next.js
[WebServer] - /Users/aishwaryashrivastav/Development/port/node_modules/next/dist/server/lib/start-server.js
[WebServer]     at Object.<anonymous> (.next/dev/server/pages/_document.js:1:7) {
[WebServer]   code: 'MODULE_NOT_FOUND',
[WebServer]   requireStack: [Array]
[WebServer] }
[WebServer] Error: ENOENT: no such file or directory, open '/Users/aishwaryashrivastav/Development/port/.next/dev/routes-manifest.json'
[WebServer]     at ignore-listed frames {
[WebServer]   errno: -2,
[WebServer]   code: 'ENOENT',
[WebServer]   syscall: 'open',
[WebServer]   path: '/Users/aishwaryashrivastav/Development/port/.next/dev/routes-manifest.json'
[WebServer] }
[WebServer] Error: ENOENT: no such file or directory, open '/Users/aishwaryashrivastav/Development/port/.next/dev/routes-manifest.json'
[WebServer]     at ignore-listed frames {
[WebServer]   errno: -2,
[WebServer]   code: 'ENOENT',
[WebServer]   syscall: 'open',
[WebServer]   path: '/Users/aishwaryashrivastav/Development/port/.next/dev/routes-manifest.json'
[WebServer] }
[WebServer] Error: ENOENT: no such file or directory, open '/Users/aishwaryashrivastav/Development/port/.next/dev/routes-manifest.json'
[WebServer]     at ignore-listed frames {
[WebServer]   errno: -2,
[WebServer]   code: 'ENOENT',
[WebServer]   syscall: 'open',
[WebServer]   path: '/Users/aishwaryashrivastav/Development/port/.next/dev/routes-manifest.json'
[WebServer] }
[WebServer] Error: ENOENT: no such file or directory, open '/Users/aishwaryashrivastav/Development/port/.next/dev/routes-manifest.json'
[WebServer]     at ignore-listed frames {
[WebServer]   errno: -2,
[WebServer]   code: 'ENOENT',
[WebServer]   syscall: 'open',
[WebServer]   path: '/Users/aishwaryashrivastav/Development/port/.next/dev/routes-manifest.json'
[WebServer] }
[WebServer] Error: ENOENT: no such file or directory, open '/Users/aishwaryashrivastav/Development/port/.next/dev/server/app/api/categories/[__metadata_id__]/route/app-paths-manifest.json'
[WebServer]     at ignore-listed frames {
[WebServer]   errno: -2,
[WebServer]   code: 'ENOENT',
[WebServer]   syscall: 'open',
[WebServer]   path: '/Users/aishwaryashrivastav/Development/port/.next/dev/server/app/api/categories/[__metadata_id__]/route/app-paths-manifest.json'
[WebServer] }
[WebServer] Error: ENOENT: no such file or directory, open '/Users/aishwaryashrivastav/Development/port/.next/dev/server/app/api/settings/[__metadata_id__]/route/app-paths-manifest.json'
[WebServer]     at ignore-listed frames {
[WebServer]   errno: -2,
[WebServer]   code: 'ENOENT',
[WebServer]   syscall: 'open',
[WebServer]   path: '/Users/aishwaryashrivastav/Development/port/.next/dev/server/app/api/settings/[__metadata_id__]/route/app-paths-manifest.json'
[WebServer] }
[WebServer] Error: ENOENT: no such file or directory, open '/Users/aishwaryashrivastav/Development/port/.next/dev/server/app/api/settings/[__metadata_id__]/route/app-paths-manifest.json'
[WebServer]     at ignore-listed frames {
[WebServer]   errno: -2,
[WebServer]   code: 'ENOENT',
[WebServer]   syscall: 'open',
[WebServer]   path: '/Users/aishwaryashrivastav/Development/port/.next/dev/server/app/api/settings/[__metadata_id__]/route/app-paths-manifest.json'
[WebServer] }
[WebServer] Error: ENOENT: no such file or directory, open '/Users/aishwaryashrivastav/Development/port/.next/dev/server/app/api/categories/[__metadata_id__]/route/app-paths-manifest.json'
[WebServer]     at ignore-listed frames {
[WebServer]   errno: -2,
[WebServer]   code: 'ENOENT',
[WebServer]   syscall: 'open',
[WebServer]   path: '/Users/aishwaryashrivastav/Development/port/.next/dev/server/app/api/categories/[__metadata_id__]/route/app-paths-manifest.json'
[WebServer] }
[WebServer] Error: ENOENT: no such file or directory, open '/Users/aishwaryashrivastav/Development/port/.next/dev/server/app/api/settings/[__metadata_id__]/route/app-paths-manifest.json'
[WebServer]     at ignore-listed frames {
[WebServer]   errno: -2,
[WebServer]   code: 'ENOENT',
[WebServer]   syscall: 'open',
[WebServer]   path: '/Users/aishwaryashrivastav/Development/port/.next/dev/server/app/api/settings/[__metadata_id__]/route/app-paths-manifest.json'
[WebServer] }
[WebServer] Error: ENOENT: no such file or directory, open '/Users/aishwaryashrivastav/Development/port/.next/dev/server/app/api/categories/[__metadata_id__]/route/app-paths-manifest.json'
[WebServer]     at ignore-listed frames {
[WebServer]   errno: -2,
[WebServer]   code: 'ENOENT',
[WebServer]   syscall: 'open',
[WebServer]   path: '/Users/aishwaryashrivastav/Development/port/.next/dev/server/app/api/categories/[__metadata_id__]/route/app-paths-manifest.json'
[WebServer] }
[WebServer] Error: ENOENT: no such file or directory, open '/Users/aishwaryashrivastav/Development/port/.next/dev/server/app/api/categories/[__metadata_id__]/route/app-paths-manifest.json'
[WebServer]     at ignore-listed frames {
[WebServer]   errno: -2,
[WebServer]   code: 'ENOENT',
[WebServer]   syscall: 'open',
[WebServer]   path: '/Users/aishwaryashrivastav/Development/port/.next/dev/server/app/api/categories/[__metadata_id__]/route/app-paths-manifest.json'
[WebServer] }
[WebServer] Error: ENOENT: no such file or directory, open '/Users/aishwaryashrivastav/Development/port/.next/dev/server/app/api/settings/[__metadata_id__]/route/app-paths-manifest.json'
[WebServer]     at ignore-listed frames {
[WebServer]   errno: -2,
[WebServer]   code: 'ENOENT',
[WebServer]   syscall: 'open',
[WebServer]   path: '/Users/aishwaryashrivastav/Development/port/.next/dev/server/app/api/settings/[__metadata_id__]/route/app-paths-manifest.json'
[WebServer] }
[WebServer] Error: ENOENT: no such file or directory, open '/Users/aishwaryashrivastav/Development/port/.next/dev/server/app/admin/login/page/build-manifest.json'
[WebServer]     at ignore-listed frames {
[WebServer]   errno: -2,
[WebServer]   code: 'ENOENT',
[WebServer]   syscall: 'open',
[WebServer]   path: '/Users/aishwaryashrivastav/Development/port/.next/dev/server/app/admin/login/page/build-manifest.json'
[WebServer] }
[WebServer] Error: ENOENT: no such file or directory, open '/Users/aishwaryashrivastav/Development/port/.next/dev/server/app/admin/login/page/build-manifest.json'
[WebServer]     at ignore-listed frames {
[WebServer]   errno: -2,
[WebServer]   code: 'ENOENT',
[WebServer]   syscall: 'open',
[WebServer]   path: '/Users/aishwaryashrivastav/Development/port/.next/dev/server/app/admin/login/page/build-manifest.json'
[WebServer] }
[WebServer] Error: ENOENT: no such file or directory, open '/Users/aishwaryashrivastav/Development/port/.next/dev/server/app/admin/login/page/build-manifest.json'
[WebServer]     at ignore-listed frames {
[WebServer]   errno: -2,
[WebServer]   code: 'ENOENT',
[WebServer]   syscall: 'open',
[WebServer]   path: '/Users/aishwaryashrivastav/Development/port/.next/dev/server/app/admin/login/page/build-manifest.json'
[WebServer] }
[WebServer] Error: ENOENT: no such file or directory, open '/Users/aishwaryashrivastav/Development/port/.next/dev/server/app/admin/login/page/build-manifest.json'
[WebServer]     at ignore-listed frames {
[WebServer]   errno: -2,
[WebServer]   code: 'ENOENT',
[WebServer]   syscall: 'open',
[WebServer]   path: '/Users/aishwaryashrivastav/Development/port/.next/dev/server/app/admin/login/page/build-manifest.json'
[WebServer] }
[WebServer]  ⨯ Error: Cannot find module '../chunks/ssr/[turbopack]_runtime.js'
[WebServer] Require stack:
[WebServer] - /Users/aishwaryashrivastav/Development/port/.next/dev/server/pages/_document.js
[WebServer] - /Users/aishwaryashrivastav/Development/port/node_modules/next/dist/server/require.js
[WebServer] - /Users/aishwaryashrivastav/Development/port/node_modules/next/dist/server/load-components.js
[WebServer] - /Users/aishwaryashrivastav/Development/port/node_modules/next/dist/build/utils.js
[WebServer] - /Users/aishwaryashrivastav/Development/port/node_modules/next/dist/build/swc/options.js
[WebServer] - /Users/aishwaryashrivastav/Development/port/node_modules/next/dist/build/swc/index.js
[WebServer] - /Users/aishwaryashrivastav/Development/port/node_modules/next/dist/build/next-config-ts/transpile-config.js
[WebServer] - /Users/aishwaryashrivastav/Development/port/node_modules/next/dist/server/config.js
[WebServer] - /Users/aishwaryashrivastav/Development/port/node_modules/next/dist/server/next.js
[WebServer] - /Users/aishwaryashrivastav/Development/port/node_modules/next/dist/server/lib/start-server.js
[WebServer]     at Object.<anonymous> (.next/dev/server/pages/_document.js:1:7) {
[WebServer]   code: 'MODULE_NOT_FOUND',
[WebServer]   requireStack: [Array]
[WebServer] }
[WebServer]  ⨯ Error: Cannot find module '../chunks/ssr/[turbopack]_runtime.js'
[WebServer] Require stack:
[WebServer] - /Users/aishwaryashrivastav/Development/port/.next/dev/server/pages/_document.js
[WebServer] - /Users/aishwaryashrivastav/Development/port/node_modules/next/dist/server/require.js
[WebServer] - /Users/aishwaryashrivastav/Development/port/node_modules/next/dist/server/load-components.js
[WebServer] - /Users/aishwaryashrivastav/Development/port/node_modules/next/dist/build/utils.js
[WebServer] - /Users/aishwaryashrivastav/Development/port/node_modules/next/dist/build/swc/options.js
[WebServer] - /Users/aishwaryashrivastav/Development/port/node_modules/next/dist/build/swc/index.js
[WebServer] - /Users/aishwaryashrivastav/Development/port/node_modules/next/dist/build/next-config-ts/transpile-config.js
[WebServer] - /Users/aishwaryashrivastav/Development/port/node_modules/next/dist/server/config.js
[WebServer] - /Users/aishwaryashrivastav/Development/port/node_modules/next/dist/server/next.js
[WebServer] - /Users/aishwaryashrivastav/Development/port/node_modules/next/dist/server/lib/start-server.js
[WebServer]     at Object.<anonymous> (.next/dev/server/pages/_document.js:1:7) {
[WebServer]   code: 'MODULE_NOT_FOUND',
[WebServer]   requireStack: [Array]
[WebServer] }
[WebServer]  ⨯ Error: Cannot find module '../chunks/ssr/[turbopack]_runtime.js'
[WebServer] Require stack:
[WebServer] - /Users/aishwaryashrivastav/Development/port/.next/dev/server/pages/_document.js
[WebServer] - /Users/aishwaryashrivastav/Development/port/node_modules/next/dist/server/require.js
[WebServer] - /Users/aishwaryashrivastav/Development/port/node_modules/next/dist/server/load-components.js
[WebServer] - /Users/aishwaryashrivastav/Development/port/node_modules/next/dist/build/utils.js
[WebServer] - /Users/aishwaryashrivastav/Development/port/node_modules/next/dist/build/swc/options.js
[WebServer] - /Users/aishwaryashrivastav/Development/port/node_modules/next/dist/build/swc/index.js
[WebServer] - /Users/aishwaryashrivastav/Development/port/node_modules/next/dist/build/next-config-ts/transpile-config.js
[WebServer] - /Users/aishwaryashrivastav/Development/port/node_modules/next/dist/server/config.js
[WebServer] - /Users/aishwaryashrivastav/Development/port/node_modules/next/dist/server/next.js
[WebServer] - /Users/aishwaryashrivastav/Development/port/node_modules/next/dist/server/lib/start-server.js
[WebServer]     at Object.<anonymous> (.next/dev/server/pages/_document.js:1:7) {
[WebServer]   code: 'MODULE_NOT_FOUND',
[WebServer]   requireStack: [Array]
[WebServer] }
[WebServer]  ⨯ Error: Cannot find module '../chunks/ssr/[turbopack]_runtime.js'
[WebServer] Require stack:
[WebServer] - /Users/aishwaryashrivastav/Development/port/.next/dev/server/pages/_document.js
[WebServer] - /Users/aishwaryashrivastav/Development/port/node_modules/next/dist/server/require.js
[WebServer] - /Users/aishwaryashrivastav/Development/port/node_modules/next/dist/server/load-components.js
[WebServer] - /Users/aishwaryashrivastav/Development/port/node_modules/next/dist/build/utils.js
[WebServer] - /Users/aishwaryashrivastav/Development/port/node_modules/next/dist/build/swc/options.js
[WebServer] - /Users/aishwaryashrivastav/Development/port/node_modules/next/dist/build/swc/index.js
[WebServer] - /Users/aishwaryashrivastav/Development/port/node_modules/next/dist/build/next-config-ts/transpile-config.js
[WebServer] - /Users/aishwaryashrivastav/Development/port/node_modules/next/dist/server/config.js
[WebServer] - /Users/aishwaryashrivastav/Development/port/node_modules/next/dist/server/next.js
[WebServer] - /Users/aishwaryashrivastav/Development/port/node_modules/next/dist/server/lib/start-server.js
[WebServer]     at Object.<anonymous> (.next/dev/server/pages/_document.js:1:7) {
[WebServer]   code: 'MODULE_NOT_FOUND',
[WebServer]   requireStack: [Array]
[WebServer] }
[WebServer]  ⨯ Error: Cannot find module '../chunks/ssr/[turbopack]_runtime.js'
[WebServer] Require stack:
[WebServer] - /Users/aishwaryashrivastav/Development/port/.next/dev/server/pages/_document.js
[WebServer] - /Users/aishwaryashrivastav/Development/port/node_modules/next/dist/server/require.js
[WebServer] - /Users/aishwaryashrivastav/Development/port/node_modules/next/dist/server/load-components.js
[WebServer] - /Users/aishwaryashrivastav/Development/port/node_modules/next/dist/build/utils.js
[WebServer] - /Users/aishwaryashrivastav/Development/port/node_modules/next/dist/build/swc/options.js
[WebServer] - /Users/aishwaryashrivastav/Development/port/node_modules/next/dist/build/swc/index.js
[WebServer] - /Users/aishwaryashrivastav/Development/port/node_modules/next/dist/build/next-config-ts/transpile-config.js
[WebServer] - /Users/aishwaryashrivastav/Development/port/node_modules/next/dist/server/config.js
[WebServer] - /Users/aishwaryashrivastav/Development/port/node_modules/next/dist/server/next.js
[WebServer] - /Users/aishwaryashrivastav/Development/port/node_modules/next/dist/server/lib/start-server.js
[WebServer]     at Object.<anonymous> (.next/dev/server/pages/_document.js:1:7) {
[WebServer]   code: 'MODULE_NOT_FOUND',
[WebServer]   requireStack: [Array]
[WebServer] }
[WebServer]  ⨯ Error: Cannot find module '../chunks/ssr/[turbopack]_runtime.js'
[WebServer] Require stack:
[WebServer] - /Users/aishwaryashrivastav/Development/port/.next/dev/server/pages/_document.js
[WebServer] - /Users/aishwaryashrivastav/Development/port/node_modules/next/dist/server/require.js
[WebServer] - /Users/aishwaryashrivastav/Development/port/node_modules/next/dist/server/load-components.js
[WebServer] - /Users/aishwaryashrivastav/Development/port/node_modules/next/dist/build/utils.js
[WebServer] - /Users/aishwaryashrivastav/Development/port/node_modules/next/dist/build/swc/options.js
[WebServer] - /Users/aishwaryashrivastav/Development/port/node_modules/next/dist/build/swc/index.js
[WebServer] - /Users/aishwaryashrivastav/Development/port/node_modules/next/dist/build/next-config-ts/transpile-config.js
[WebServer] - /Users/aishwaryashrivastav/Development/port/node_modules/next/dist/server/config.js
[WebServer] - /Users/aishwaryashrivastav/Development/port/node_modules/next/dist/server/next.js
[WebServer] - /Users/aishwaryashrivastav/Development/port/node_modules/next/dist/server/lib/start-server.js
[WebServer]     at Object.<anonymous> (.next/dev/server/pages/_document.js:1:7) {
[WebServer]   code: 'MODULE_NOT_FOUND',
[WebServer]   requireStack: [Array]
[WebServer] }
[WebServer]  ⨯ Error: Cannot find module '../chunks/ssr/[turbopack]_runtime.js'
[WebServer] Require stack:
[WebServer] - /Users/aishwaryashrivastav/Development/port/.next/dev/server/pages/_document.js
[WebServer] - /Users/aishwaryashrivastav/Development/port/node_modules/next/dist/server/require.js
[WebServer] - /Users/aishwaryashrivastav/Development/port/node_modules/next/dist/server/load-components.js
[WebServer] - /Users/aishwaryashrivastav/Development/port/node_modules/next/dist/build/utils.js
[WebServer] - /Users/aishwaryashrivastav/Development/port/node_modules/next/dist/build/swc/options.js
[WebServer] - /Users/aishwaryashrivastav/Development/port/node_modules/next/dist/build/swc/index.js
[WebServer] - /Users/aishwaryashrivastav/Development/port/node_modules/next/dist/build/next-config-ts/transpile-config.js
[WebServer] - /Users/aishwaryashrivastav/Development/port/node_modules/next/dist/server/config.js
[WebServer] - /Users/aishwaryashrivastav/Development/port/node_modules/next/dist/server/next.js
[WebServer] - /Users/aishwaryashrivastav/Development/port/node_modules/next/dist/server/lib/start-server.js
[WebServer]     at Object.<anonymous> (.next/dev/server/pages/_document.js:1:7) {
[WebServer]   code: 'MODULE_NOT_FOUND',
[WebServer]   requireStack: [Array]
[WebServer] }
[WebServer]  ⨯ Error: Cannot find module '../chunks/ssr/[turbopack]_runtime.js'
[WebServer] Require stack:
[WebServer] - /Users/aishwaryashrivastav/Development/port/.next/dev/server/pages/_document.js
[WebServer] - /Users/aishwaryashrivastav/Development/port/node_modules/next/dist/server/require.js
[WebServer] - /Users/aishwaryashrivastav/Development/port/node_modules/next/dist/server/load-components.js
[WebServer] - /Users/aishwaryashrivastav/Development/port/node_modules/next/dist/build/utils.js
[WebServer] - /Users/aishwaryashrivastav/Development/port/node_modules/next/dist/build/swc/options.js
[WebServer] - /Users/aishwaryashrivastav/Development/port/node_modules/next/dist/build/swc/index.js
[WebServer] - /Users/aishwaryashrivastav/Development/port/node_modules/next/dist/build/next-config-ts/transpile-config.js
[WebServer] - /Users/aishwaryashrivastav/Development/port/node_modules/next/dist/server/config.js
[WebServer] - /Users/aishwaryashrivastav/Development/port/node_modules/next/dist/server/next.js
[WebServer] - /Users/aishwaryashrivastav/Development/port/node_modules/next/dist/server/lib/start-server.js
[WebServer]     at Object.<anonymous> (.next/dev/server/pages/_document.js:1:7) {
[WebServer]   code: 'MODULE_NOT_FOUND',
[WebServer]   requireStack: [Array]
[WebServer] }
[WebServer]  ⨯ Error: Cannot find module '../chunks/ssr/[turbopack]_runtime.js'
[WebServer] Require stack:
[WebServer] - /Users/aishwaryashrivastav/Development/port/.next/dev/server/pages/_document.js
[WebServer] - /Users/aishwaryashrivastav/Development/port/node_modules/next/dist/server/require.js
[WebServer] - /Users/aishwaryashrivastav/Development/port/node_modules/next/dist/server/load-components.js
[WebServer] - /Users/aishwaryashrivastav/Development/port/node_modules/next/dist/build/utils.js
[WebServer] - /Users/aishwaryashrivastav/Development/port/node_modules/next/dist/build/swc/options.js
[WebServer] - /Users/aishwaryashrivastav/Development/port/node_modules/next/dist/build/swc/index.js
[WebServer] - /Users/aishwaryashrivastav/Development/port/node_modules/next/dist/build/next-config-ts/transpile-config.js
[WebServer] - /Users/aishwaryashrivastav/Development/port/node_modules/next/dist/server/config.js
[WebServer] - /Users/aishwaryashrivastav/Development/port/node_modules/next/dist/server/next.js
[WebServer] - /Users/aishwaryashrivastav/Development/port/node_modules/next/dist/server/lib/start-server.js
[WebServer]     at Object.<anonymous> (.next/dev/server/pages/_document.js:1:7) {
[WebServer]   code: 'MODULE_NOT_FOUND',
[WebServer]   requireStack: [Array]
[WebServer] }
[WebServer]  ⨯ Error: Cannot find module '../chunks/ssr/[turbopack]_runtime.js'
[WebServer] Require stack:
[WebServer] - /Users/aishwaryashrivastav/Development/port/.next/dev/server/pages/_document.js
[WebServer] - /Users/aishwaryashrivastav/Development/port/node_modules/next/dist/server/require.js
[WebServer] - /Users/aishwaryashrivastav/Development/port/node_modules/next/dist/server/load-components.js
[WebServer] - /Users/aishwaryashrivastav/Development/port/node_modules/next/dist/build/utils.js
[WebServer] - /Users/aishwaryashrivastav/Development/port/node_modules/next/dist/build/swc/options.js
[WebServer] - /Users/aishwaryashrivastav/Development/port/node_modules/next/dist/build/swc/index.js
[WebServer] - /Users/aishwaryashrivastav/Development/port/node_modules/next/dist/build/next-config-ts/transpile-config.js
[WebServer] - /Users/aishwaryashrivastav/Development/port/node_modules/next/dist/server/config.js
[WebServer] - /Users/aishwaryashrivastav/Development/port/node_modules/next/dist/server/next.js
[WebServer] - /Users/aishwaryashrivastav/Development/port/node_modules/next/dist/server/lib/start-server.js
[WebServer]     at Object.<anonymous> (.next/dev/server/pages/_document.js:1:7) {
[WebServer]   code: 'MODULE_NOT_FOUND',
[WebServer]   requireStack: [Array]
[WebServer] }
[WebServer]  ⨯ Error: Cannot find module '../chunks/ssr/[turbopack]_runtime.js'
[WebServer] Require stack:
[WebServer] - /Users/aishwaryashrivastav/Development/port/.next/dev/server/pages/_document.js
[WebServer] - /Users/aishwaryashrivastav/Development/port/node_modules/next/dist/server/require.js
[WebServer] - /Users/aishwaryashrivastav/Development/port/node_modules/next/dist/server/load-components.js
[WebServer] - /Users/aishwaryashrivastav/Development/port/node_modules/next/dist/build/utils.js
[WebServer] - /Users/aishwaryashrivastav/Development/port/node_modules/next/dist/build/swc/options.js
[WebServer] - /Users/aishwaryashrivastav/Development/port/node_modules/next/dist/build/swc/index.js
[WebServer] - /Users/aishwaryashrivastav/Development/port/node_modules/next/dist/build/next-config-ts/transpile-config.js
[WebServer] - /Users/aishwaryashrivastav/Development/port/node_modules/next/dist/server/config.js
[WebServer] - /Users/aishwaryashrivastav/Development/port/node_modules/next/dist/server/next.js
[WebServer] - /Users/aishwaryashrivastav/Development/port/node_modules/next/dist/server/lib/start-server.js
[WebServer]     at Object.<anonymous> (.next/dev/server/pages/_document.js:1:7) {
[WebServer]   code: 'MODULE_NOT_FOUND',
[WebServer]   requireStack: [Array]
[WebServer] }
[WebServer]  ⨯ Error: Cannot find module '../chunks/ssr/[turbopack]_runtime.js'
[WebServer] Require stack:
[WebServer] - /Users/aishwaryashrivastav/Development/port/.next/dev/server/pages/_document.js
[WebServer] - /Users/aishwaryashrivastav/Development/port/node_modules/next/dist/server/require.js
[WebServer] - /Users/aishwaryashrivastav/Development/port/node_modules/next/dist/server/load-components.js
[WebServer] - /Users/aishwaryashrivastav/Development/port/node_modules/next/dist/build/utils.js
[WebServer] - /Users/aishwaryashrivastav/Development/port/node_modules/next/dist/build/swc/options.js
[WebServer] - /Users/aishwaryashrivastav/Development/port/node_modules/next/dist/build/swc/index.js
[WebServer] - /Users/aishwaryashrivastav/Development/port/node_modules/next/dist/build/next-config-ts/transpile-config.js
[WebServer] - /Users/aishwaryashrivastav/Development/port/node_modules/next/dist/server/config.js
[WebServer] - /Users/aishwaryashrivastav/Development/port/node_modules/next/dist/server/next.js
[WebServer] - /Users/aishwaryashrivastav/Development/port/node_modules/next/dist/server/lib/start-server.js
[WebServer]     at Object.<anonymous> (.next/dev/server/pages/_document.js:1:7) {
[WebServer]   code: 'MODULE_NOT_FOUND',
[WebServer]   requireStack: [Array]
[WebServer] }
[WebServer]  ⨯ Error: Cannot find module '../chunks/ssr/[turbopack]_runtime.js'
[WebServer] Require stack:
[WebServer] - /Users/aishwaryashrivastav/Development/port/.next/dev/server/pages/_document.js
[WebServer] - /Users/aishwaryashrivastav/Development/port/node_modules/next/dist/server/require.js
[WebServer] - /Users/aishwaryashrivastav/Development/port/node_modules/next/dist/server/load-components.js
[WebServer] - /Users/aishwaryashrivastav/Development/port/node_modules/next/dist/build/utils.js
[WebServer] - /Users/aishwaryashrivastav/Development/port/node_modules/next/dist/build/swc/options.js
[WebServer] - /Users/aishwaryashrivastav/Development/port/node_modules/next/dist/build/swc/index.js
[WebServer] - /Users/aishwaryashrivastav/Development/port/node_modules/next/dist/build/next-config-ts/transpile-config.js
[WebServer] - /Users/aishwaryashrivastav/Development/port/node_modules/next/dist/server/config.js
[WebServer] - /Users/aishwaryashrivastav/Development/port/node_modules/next/dist/server/next.js
[WebServer] - /Users/aishwaryashrivastav/Development/port/node_modules/next/dist/server/lib/start-server.js
[WebServer]     at Object.<anonymous> (.next/dev/server/pages/_document.js:1:7) {
[WebServer]   code: 'MODULE_NOT_FOUND',
[WebServer]   requireStack: [Array]
[WebServer] }
[WebServer]  ⨯ Error: Cannot find module '../chunks/ssr/[turbopack]_runtime.js'
[WebServer] Require stack:
[WebServer] - /Users/aishwaryashrivastav/Development/port/.next/dev/server/pages/_document.js
[WebServer] - /Users/aishwaryashrivastav/Development/port/node_modules/next/dist/server/require.js
[WebServer] - /Users/aishwaryashrivastav/Development/port/node_modules/next/dist/server/load-components.js
[WebServer] - /Users/aishwaryashrivastav/Development/port/node_modules/next/dist/build/utils.js
[WebServer] - /Users/aishwaryashrivastav/Development/port/node_modules/next/dist/build/swc/options.js
[WebServer] - /Users/aishwaryashrivastav/Development/port/node_modules/next/dist/build/swc/index.js
[WebServer] - /Users/aishwaryashrivastav/Development/port/node_modules/next/dist/build/next-config-ts/transpile-config.js
[WebServer] - /Users/aishwaryashrivastav/Development/port/node_modules/next/dist/server/config.js
[WebServer] - /Users/aishwaryashrivastav/Development/port/node_modules/next/dist/server/next.js
[WebServer] - /Users/aishwaryashrivastav/Development/port/node_modules/next/dist/server/lib/start-server.js
[WebServer]     at Object.<anonymous> (.next/dev/server/pages/_document.js:1:7) {
[WebServer]   code: 'MODULE_NOT_FOUND',
[WebServer]   requireStack: [Array]
[WebServer] }
[WebServer]  ⨯ Error: Cannot find module '../chunks/ssr/[turbopack]_runtime.js'
[WebServer] Require stack:
[WebServer] - /Users/aishwaryashrivastav/Development/port/.next/dev/server/pages/_document.js
[WebServer] - /Users/aishwaryashrivastav/Development/port/node_modules/next/dist/server/require.js
[WebServer] - /Users/aishwaryashrivastav/Development/port/node_modules/next/dist/server/load-components.js
[WebServer] - /Users/aishwaryashrivastav/Development/port/node_modules/next/dist/build/utils.js
[WebServer] - /Users/aishwaryashrivastav/Development/port/node_modules/next/dist/build/swc/options.js
[WebServer] - /Users/aishwaryashrivastav/Development/port/node_modules/next/dist/build/swc/index.js
[WebServer] - /Users/aishwaryashrivastav/Development/port/node_modules/next/dist/build/next-config-ts/transpile-config.js
[WebServer] - /Users/aishwaryashrivastav/Development/port/node_modules/next/dist/server/config.js
[WebServer] - /Users/aishwaryashrivastav/Development/port/node_modules/next/dist/server/next.js
[WebServer] - /Users/aishwaryashrivastav/Development/port/node_modules/next/dist/server/lib/start-server.js
[WebServer]     at Object.<anonymous> (.next/dev/server/pages/_document.js:1:7) {
[WebServer]   code: 'MODULE_NOT_FOUND',
[WebServer]   requireStack: [Array]
[WebServer] }
[WebServer]  ⨯ Error: Cannot find module '../chunks/ssr/[turbopack]_runtime.js'
[WebServer] Require stack:
[WebServer] - /Users/aishwaryashrivastav/Development/port/.next/dev/server/pages/_document.js
[WebServer] - /Users/aishwaryashrivastav/Development/port/node_modules/next/dist/server/require.js
[WebServer] - /Users/aishwaryashrivastav/Development/port/node_modules/next/dist/server/load-components.js
[WebServer] - /Users/aishwaryashrivastav/Development/port/node_modules/next/dist/build/utils.js
[WebServer] - /Users/aishwaryashrivastav/Development/port/node_modules/next/dist/build/swc/options.js
[WebServer] - /Users/aishwaryashrivastav/Development/port/node_modules/next/dist/build/swc/index.js
[WebServer] - /Users/aishwaryashrivastav/Development/port/node_modules/next/dist/build/next-config-ts/transpile-config.js
[WebServer] - /Users/aishwaryashrivastav/Development/port/node_modules/next/dist/server/config.js
[WebServer] - /Users/aishwaryashrivastav/Development/port/node_modules/next/dist/server/next.js
[WebServer] - /Users/aishwaryashrivastav/Development/port/node_modules/next/dist/server/lib/start-server.js
[WebServer]     at Object.<anonymous> (.next/dev/server/pages/_document.js:1:7) {
[WebServer]   code: 'MODULE_NOT_FOUND',
[WebServer]   requireStack: [Array]
[WebServer] }
[WebServer] Error: ENOENT: no such file or directory, open '/Users/aishwaryashrivastav/Development/port/.next/dev/routes-manifest.json'
[WebServer]     at ignore-listed frames {
[WebServer]   errno: -2,
[WebServer]   code: 'ENOENT',
[WebServer]   syscall: 'open',
[WebServer]   path: '/Users/aishwaryashrivastav/Development/port/.next/dev/routes-manifest.json'
[WebServer] }
[WebServer] Error: ENOENT: no such file or directory, open '/Users/aishwaryashrivastav/Development/port/.next/dev/routes-manifest.json'
[WebServer]     at ignore-listed frames {
[WebServer]   errno: -2,
[WebServer]   code: 'ENOENT',
[WebServer]   syscall: 'open',
[WebServer]   path: '/Users/aishwaryashrivastav/Development/port/.next/dev/routes-manifest.json'
[WebServer] }
[WebServer] Error: ENOENT: no such file or directory, open '/Users/aishwaryashrivastav/Development/port/.next/dev/routes-manifest.json'
[WebServer]     at ignore-listed frames {
[WebServer]   errno: -2,
[WebServer]   code: 'ENOENT',
[WebServer]   syscall: 'open',
[WebServer]   path: '/Users/aishwaryashrivastav/Development/port/.next/dev/routes-manifest.json'
[WebServer] }
[WebServer] Error: ENOENT: no such file or directory, open '/Users/aishwaryashrivastav/Development/port/.next/dev/routes-manifest.json'
[WebServer]     at ignore-listed frames {
[WebServer]   errno: -2,
[WebServer]   code: 'ENOENT',
[WebServer]   syscall: 'open',
[WebServer]   path: '/Users/aishwaryashrivastav/Development/port/.next/dev/routes-manifest.json'
[WebServer] }
[WebServer] Error: ENOENT: no such file or directory, open '/Users/aishwaryashrivastav/Development/port/.next/dev/routes-manifest.json'
[WebServer]     at ignore-listed frames {
[WebServer]   errno: -2,
[WebServer]   code: 'ENOENT',
[WebServer]   syscall: 'open',
[WebServer]   path: '/Users/aishwaryashrivastav/Development/port/.next/dev/routes-manifest.json'
[WebServer] }
[WebServer] Error: ENOENT: no such file or directory, open '/Users/aishwaryashrivastav/Development/port/.next/dev/routes-manifest.json'
[WebServer]     at ignore-listed frames {
[WebServer]   errno: -2,
[WebServer]   code: 'ENOENT',
[WebServer]   syscall: 'open',
[WebServer]   path: '/Users/aishwaryashrivastav/Development/port/.next/dev/routes-manifest.json'
[WebServer] }
[WebServer] Error: ENOENT: no such file or directory, open '/Users/aishwaryashrivastav/Development/port/.next/dev/routes-manifest.json'
[WebServer]     at ignore-listed frames {
[WebServer]   errno: -2,
[WebServer]   code: 'ENOENT',
[WebServer]   syscall: 'open',
[WebServer]   path: '/Users/aishwaryashrivastav/Development/port/.next/dev/routes-manifest.json'
[WebServer] }
[WebServer] Error: ENOENT: no such file or directory, open '/Users/aishwaryashrivastav/Development/port/.next/dev/routes-manifest.json'
[WebServer]     at ignore-listed frames {
[WebServer]   errno: -2,
[WebServer]   code: 'ENOENT',
[WebServer]   syscall: 'open',
[WebServer]   path: '/Users/aishwaryashrivastav/Development/port/.next/dev/routes-manifest.json'
[WebServer] }
[WebServer] Error: ENOENT: no such file or directory, open '/Users/aishwaryashrivastav/Development/port/.next/dev/routes-manifest.json'
[WebServer]     at ignore-listed frames {
[WebServer]   errno: -2,
[WebServer]   code: 'ENOENT',
[WebServer]   syscall: 'open',
[WebServer]   path: '/Users/aishwaryashrivastav/Development/port/.next/dev/routes-manifest.json'
[WebServer] }
[WebServer] Error: ENOENT: no such file or directory, open '/Users/aishwaryashrivastav/Development/port/.next/dev/routes-manifest.json'
[WebServer]     at ignore-listed frames {
[WebServer]   errno: -2,
[WebServer]   code: 'ENOENT',
[WebServer]   syscall: 'open',
[WebServer]   path: '/Users/aishwaryashrivastav/Development/port/.next/dev/routes-manifest.json'
[WebServer] }
[WebServer] Error: ENOENT: no such file or directory, open '/Users/aishwaryashrivastav/Development/port/.next/dev/routes-manifest.json'
[WebServer]     at ignore-listed frames {
[WebServer]   errno: -2,
[WebServer]   code: 'ENOENT',
[WebServer]   syscall: 'open',
[WebServer]   path: '/Users/aishwaryashrivastav/Development/port/.next/dev/routes-manifest.json'
[WebServer] }
[WebServer] Error: ENOENT: no such file or directory, open '/Users/aishwaryashrivastav/Development/port/.next/dev/routes-manifest.json'
[WebServer]     at ignore-listed frames {
[WebServer]   errno: -2,
[WebServer]   code: 'ENOENT',
[WebServer]   syscall: 'open',
[WebServer]   path: '/Users/aishwaryashrivastav/Development/port/.next/dev/routes-manifest.json'
[WebServer] }
[WebServer] Error: ENOENT: no such file or directory, open '/Users/aishwaryashrivastav/Development/port/.next/dev/routes-manifest.json'
[WebServer]     at ignore-listed frames {
[WebServer]   errno: -2,
[WebServer]   code: 'ENOENT',
[WebServer]   syscall: 'open',
[WebServer]   path: '/Users/aishwaryashrivastav/Development/port/.next/dev/routes-manifest.json'
[WebServer] }
[WebServer] Error: ENOENT: no such file or directory, open '/Users/aishwaryashrivastav/Development/port/.next/dev/routes-manifest.json'
[WebServer]     at ignore-listed frames {
[WebServer]   errno: -2,
[WebServer]   code: 'ENOENT',
[WebServer]   syscall: 'open',
[WebServer]   path: '/Users/aishwaryashrivastav/Development/port/.next/dev/routes-manifest.json'
[WebServer] }
[WebServer] Error: ENOENT: no such file or directory, open '/Users/aishwaryashrivastav/Development/port/.next/dev/routes-manifest.json'
[WebServer]     at ignore-listed frames {
[WebServer]   errno: -2,
[WebServer]   code: 'ENOENT',
[WebServer]   syscall: 'open',
[WebServer]   path: '/Users/aishwaryashrivastav/Development/port/.next/dev/routes-manifest.json'
[WebServer] }
[WebServer] Error: ENOENT: no such file or directory, open '/Users/aishwaryashrivastav/Development/port/.next/dev/routes-manifest.json'
[WebServer]     at ignore-listed frames {
[WebServer]   errno: -2,
[WebServer]   code: 'ENOENT',
[WebServer]   syscall: 'open',
[WebServer]   path: '/Users/aishwaryashrivastav/Development/port/.next/dev/routes-manifest.json'
[WebServer] }
[WebServer]  ⨯ Error: ENOENT: no such file or directory, open '/Users/aishwaryashrivastav/Development/port/.next/dev/server/app/admin/login/page/build-manifest.json'
[WebServer]     at ignore-listed frames {
[WebServer]   errno: -2,
[WebServer]   code: 'ENOENT',
[WebServer]   syscall: 'open',
[WebServer]   path: '/Users/aishwaryashrivastav/Development/port/.next/dev/server/app/admin/login/page/build-manifest.json'
[WebServer] }
[WebServer]  ⨯ Error: Cannot find module '../chunks/ssr/[turbopack]_runtime.js'
[WebServer] Require stack:
[WebServer] - /Users/aishwaryashrivastav/Development/port/.next/dev/server/pages/_document.js
[WebServer] - /Users/aishwaryashrivastav/Development/port/node_modules/next/dist/server/require.js
[WebServer] - /Users/aishwaryashrivastav/Development/port/node_modules/next/dist/server/load-components.js
[WebServer] - /Users/aishwaryashrivastav/Development/port/node_modules/next/dist/build/utils.js
[WebServer] - /Users/aishwaryashrivastav/Development/port/node_modules/next/dist/build/swc/options.js
[WebServer] - /Users/aishwaryashrivastav/Development/port/node_modules/next/dist/build/swc/index.js
[WebServer] - /Users/aishwaryashrivastav/Development/port/node_modules/next/dist/build/next-config-ts/transpile-config.js
[WebServer] - /Users/aishwaryashrivastav/Development/port/node_modules/next/dist/server/config.js
[WebServer] - /Users/aishwaryashrivastav/Development/port/node_modules/next/dist/server/next.js
[WebServer] - /Users/aishwaryashrivastav/Development/port/node_modules/next/dist/server/lib/start-server.js
[WebServer]     at Object.<anonymous> (.next/dev/server/pages/_document.js:1:7) {
[WebServer]   code: 'MODULE_NOT_FOUND',
[WebServer]   requireStack: [Array]
[WebServer] }
[WebServer] Error: ENOENT: no such file or directory, open '/Users/aishwaryashrivastav/Development/port/.next/dev/server/app/admin/login/page/build-manifest.json'
[WebServer]     at ignore-listed frames {
[WebServer]   errno: -2,
[WebServer]   code: 'ENOENT',
[WebServer]   syscall: 'open',
[WebServer]   path: '/Users/aishwaryashrivastav/Development/port/.next/dev/server/app/admin/login/page/build-manifest.json'
[WebServer] }
[WebServer]  ⨯ Error: Cannot find module '../chunks/ssr/[turbopack]_runtime.js'
[WebServer] Require stack:
[WebServer] - /Users/aishwaryashrivastav/Development/port/.next/dev/server/pages/_document.js
[WebServer] - /Users/aishwaryashrivastav/Development/port/node_modules/next/dist/server/require.js
[WebServer] - /Users/aishwaryashrivastav/Development/port/node_modules/next/dist/server/load-components.js
[WebServer] - /Users/aishwaryashrivastav/Development/port/node_modules/next/dist/build/utils.js
[WebServer] - /Users/aishwaryashrivastav/Development/port/node_modules/next/dist/build/swc/options.js
[WebServer] - /Users/aishwaryashrivastav/Development/port/node_modules/next/dist/build/swc/index.js
[WebServer] - /Users/aishwaryashrivastav/Development/port/node_modules/next/dist/build/next-config-ts/transpile-config.js
[WebServer] - /Users/aishwaryashrivastav/Development/port/node_modules/next/dist/server/config.js
[WebServer] - /Users/aishwaryashrivastav/Development/port/node_modules/next/dist/server/next.js
[WebServer] - /Users/aishwaryashrivastav/Development/port/node_modules/next/dist/server/lib/start-server.js
[WebServer]     at Object.<anonymous> (.next/dev/server/pages/_document.js:1:7) {
[WebServer]   code: 'MODULE_NOT_FOUND',
[WebServer]   requireStack: [Array]
[WebServer] }
[WebServer] Error: ENOENT: no such file or directory, open '/Users/aishwaryashrivastav/Development/port/.next/dev/routes-manifest.json'
[WebServer]     at ignore-listed frames {
[WebServer]   errno: -2,
[WebServer]   code: 'ENOENT',
[WebServer]   syscall: 'open',
[WebServer]   path: '/Users/aishwaryashrivastav/Development/port/.next/dev/routes-manifest.json'
[WebServer] }
  ✘   12 [chromium] › tests/e2e/articles-crud.spec.ts:130:7 › Articles CRUD › should delete an article (1.0m)
  ✘   14 [chromium] › tests/e2e/articles-crud.spec.ts:94:7 › Articles CRUD › should validate required fields (1.0m)
  ✘   13 [chromium] › tests/e2e/articles-crud.spec.ts:155:7 › Articles CRUD › should publish an article (1.0m)
  ✘   11 [chromium] › tests/e2e/articles-crud.spec.ts:105:7 › Articles CRUD › should edit an existing article (1.0m)
[WebServer]  ⨯ Error: ENOENT: no such file or directory, open '/Users/aishwaryashrivastav/Development/port/.next/dev/server/app/admin/login/page/build-manifest.json'
[WebServer]     at ignore-listed frames {
[WebServer]   errno: -2,
[WebServer]   code: 'ENOENT',
[WebServer]   syscall: 'open',
[WebServer]   path: '/Users/aishwaryashrivastav/Development/port/.next/dev/server/app/admin/login/page/build-manifest.json'
[WebServer] }
[WebServer]  ⨯ Error: ENOENT: no such file or directory, open '/Users/aishwaryashrivastav/Development/port/.next/dev/server/app/admin/login/page/build-manifest.json'
[WebServer]     at ignore-listed frames {
[WebServer]   errno: -2,
[WebServer]   code: 'ENOENT',
[WebServer]   syscall: 'open',
[WebServer]   path: '/Users/aishwaryashrivastav/Development/port/.next/dev/server/app/admin/login/page/build-manifest.json'
[WebServer] }
[WebServer]  ⨯ Error: ENOENT: no such file or directory, open '/Users/aishwaryashrivastav/Development/port/.next/dev/server/app/admin/login/page/build-manifest.json'
[WebServer]     at ignore-listed frames {
[WebServer]   errno: -2,
[WebServer]   code: 'ENOENT',
[WebServer]   syscall: 'open',
[WebServer]   path: '/Users/aishwaryashrivastav/Development/port/.next/dev/server/app/admin/login/page/build-manifest.json'
[WebServer] }
[WebServer]  ⨯ Error: ENOENT: no such file or directory, open '/Users/aishwaryashrivastav/Development/port/.next/dev/server/app/admin/login/page/build-manifest.json'
[WebServer]     at ignore-listed frames {
[WebServer]   errno: -2,
[WebServer]   code: 'ENOENT',
[WebServer]   syscall: 'open',
[WebServer]   path: '/Users/aishwaryashrivastav/Development/port/.next/dev/server/app/admin/login/page/build-manifest.json'
[WebServer] }
[WebServer]  ⨯ Error: ENOENT: no such file or directory, open '/Users/aishwaryashrivastav/Development/port/.next/dev/server/app/admin/login/page/build-manifest.json'
[WebServer]     at ignore-listed frames {
[WebServer]   errno: -2,
[WebServer]   code: 'ENOENT',
[WebServer]   syscall: 'open',
[WebServer]   path: '/Users/aishwaryashrivastav/Development/port/.next/dev/server/app/admin/login/page/build-manifest.json'
[WebServer] }
[WebServer]  ⨯ Error: ENOENT: no such file or directory, open '/Users/aishwaryashrivastav/Development/port/.next/dev/server/app/admin/login/page/build-manifest.json'
[WebServer]     at ignore-listed frames {
[WebServer]   errno: -2,
[WebServer]   code: 'ENOENT',
[WebServer]   syscall: 'open',
[WebServer]   path: '/Users/aishwaryashrivastav/Development/port/.next/dev/server/app/admin/login/page/build-manifest.json'
[WebServer] }
[WebServer]  ⨯ Error: ENOENT: no such file or directory, open '/Users/aishwaryashrivastav/Development/port/.next/dev/server/app/admin/login/page/build-manifest.json'
[WebServer]     at ignore-listed frames {
[WebServer]   errno: -2,
[WebServer]   code: 'ENOENT',
[WebServer]   syscall: 'open',
[WebServer]   path: '/Users/aishwaryashrivastav/Development/port/.next/dev/server/app/admin/login/page/build-manifest.json'
[WebServer] }
[WebServer]  ⨯ Error: ENOENT: no such file or directory, open '/Users/aishwaryashrivastav/Development/port/.next/dev/server/app/admin/login/page/build-manifest.json'
[WebServer]     at ignore-listed frames {
[WebServer]   errno: -2,
[WebServer]   code: 'ENOENT',
[WebServer]   syscall: 'open',
[WebServer]   path: '/Users/aishwaryashrivastav/Development/port/.next/dev/server/app/admin/login/page/build-manifest.json'
[WebServer] }
[WebServer]  ⨯ Error: ENOENT: no such file or directory, open '/Users/aishwaryashrivastav/Development/port/.next/dev/server/app/admin/login/page/build-manifest.json'
[WebServer]     at ignore-listed frames {
[WebServer]   errno: -2,
[WebServer]   code: 'ENOENT',
[WebServer]   syscall: 'open',
[WebServer]   path: '/Users/aishwaryashrivastav/Development/port/.next/dev/server/app/admin/login/page/build-manifest.json'
[WebServer] }
[WebServer]  ⨯ Error: ENOENT: no such file or directory, open '/Users/aishwaryashrivastav/Development/port/.next/dev/server/app/admin/login/page/build-manifest.json'
[WebServer]     at ignore-listed frames {
[WebServer]   errno: -2,
[WebServer]   code: 'ENOENT',
[WebServer]   syscall: 'open',
[WebServer]   path: '/Users/aishwaryashrivastav/Development/port/.next/dev/server/app/admin/login/page/build-manifest.json'
[WebServer] }
[WebServer]  ⨯ Error: ENOENT: no such file or directory, open '/Users/aishwaryashrivastav/Development/port/.next/dev/server/app/admin/login/page/build-manifest.json'
[WebServer]     at ignore-listed frames {
[WebServer]   errno: -2,
[WebServer]   code: 'ENOENT',
[WebServer]   syscall: 'open',
[WebServer]   path: '/Users/aishwaryashrivastav/Development/port/.next/dev/server/app/admin/login/page/build-manifest.json'
[WebServer] }
[WebServer]  ⨯ Error: ENOENT: no such file or directory, open '/Users/aishwaryashrivastav/Development/port/.next/dev/server/app/admin/login/page/build-manifest.json'
[WebServer]     at ignore-listed frames {
[WebServer]   errno: -2,
[WebServer]   code: 'ENOENT',
[WebServer]   syscall: 'open',
[WebServer]   path: '/Users/aishwaryashrivastav/Development/port/.next/dev/server/app/admin/login/page/build-manifest.json'
[WebServer] }
[WebServer]  ⨯ Error: ENOENT: no such file or directory, open '/Users/aishwaryashrivastav/Development/port/.next/dev/server/app/admin/login/page/build-manifest.json'
[WebServer]     at ignore-listed frames {
[WebServer]   errno: -2,
[WebServer]   code: 'ENOENT',
[WebServer]   syscall: 'open',
[WebServer]   path: '/Users/aishwaryashrivastav/Development/port/.next/dev/server/app/admin/login/page/build-manifest.json'
[WebServer] }
[WebServer]  ⨯ Error: ENOENT: no such file or directory, open '/Users/aishwaryashrivastav/Development/port/.next/dev/server/app/admin/login/page/build-manifest.json'
[WebServer]     at ignore-listed frames {
[WebServer]   errno: -2,
[WebServer]   code: 'ENOENT',
[WebServer]   syscall: 'open',
[WebServer]   path: '/Users/aishwaryashrivastav/Development/port/.next/dev/server/app/admin/login/page/build-manifest.json'
[WebServer] }
[WebServer]  ⨯ Error: ENOENT: no such file or directory, open '/Users/aishwaryashrivastav/Development/port/.next/dev/server/app/admin/login/page/build-manifest.json'
[WebServer]     at ignore-listed frames {
[WebServer]   errno: -2,
[WebServer]   code: 'ENOENT',
[WebServer]   syscall: 'open',
[WebServer]   path: '/Users/aishwaryashrivastav/Development/port/.next/dev/server/app/admin/login/page/build-manifest.json'
[WebServer] }
[WebServer]  ⨯ Error: ENOENT: no such file or directory, open '/Users/aishwaryashrivastav/Development/port/.next/dev/server/app/admin/login/page/build-manifest.json'
[WebServer]     at ignore-listed frames {
[WebServer]   errno: -2,
[WebServer]   code: 'ENOENT',
[WebServer]   syscall: 'open',
[WebServer]   path: '/Users/aishwaryashrivastav/Development/port/.next/dev/server/app/admin/login/page/build-manifest.json'
[WebServer] }
[WebServer]  ⨯ Error: ENOENT: no such file or directory, open '/Users/aishwaryashrivastav/Development/port/.next/dev/server/app/admin/login/page/build-manifest.json'
[WebServer]     at ignore-listed frames {
[WebServer]   errno: -2,
[WebServer]   code: 'ENOENT',
[WebServer]   syscall: 'open',
[WebServer]   path: '/Users/aishwaryashrivastav/Development/port/.next/dev/server/app/admin/login/page/build-manifest.json'
[WebServer] }
[WebServer]  ⨯ Error: ENOENT: no such file or directory, open '/Users/aishwaryashrivastav/Development/port/.next/dev/server/app/admin/login/page/build-manifest.json'
[WebServer]     at ignore-listed frames {
[WebServer]   errno: -2,
[WebServer]   code: 'ENOENT',
[WebServer]   syscall: 'open',
[WebServer]   path: '/Users/aishwaryashrivastav/Development/port/.next/dev/server/app/admin/login/page/build-manifest.json'
[WebServer] }
[WebServer]  ⨯ Error: ENOENT: no such file or directory, open '/Users/aishwaryashrivastav/Development/port/.next/dev/server/app/admin/login/page/build-manifest.json'
[WebServer]     at ignore-listed frames {
[WebServer]   errno: -2,
[WebServer]   code: 'ENOENT',
[WebServer]   syscall: 'open',
[WebServer]   path: '/Users/aishwaryashrivastav/Development/port/.next/dev/server/app/admin/login/page/build-manifest.json'
[WebServer] }
[WebServer]  ⨯ Error: ENOENT: no such file or directory, open '/Users/aishwaryashrivastav/Development/port/.next/dev/server/app/admin/login/page/build-manifest.json'
[WebServer]     at ignore-listed frames {
[WebServer]   errno: -2,
[WebServer]   code: 'ENOENT',
[WebServer]   syscall: 'open',
[WebServer]   path: '/Users/aishwaryashrivastav/Development/port/.next/dev/server/app/admin/login/page/build-manifest.json'
[WebServer] }
  ✘   15 [chromium] › tests/e2e/articles-crud.spec.ts:191:7 › Articles CRUD › should schedule an article for later (1.0m)
[WebServer]  ⨯ Error: ENOENT: no such file or directory, open '/Users/aishwaryashrivastav/Development/port/.next/dev/server/app/admin/login/page/build-manifest.json'
[WebServer]     at ignore-listed frames {
[WebServer]   errno: -2,
[WebServer]   code: 'ENOENT',
[WebServer]   syscall: 'open',
[WebServer]   path: '/Users/aishwaryashrivastav/Development/port/.next/dev/server/app/admin/login/page/build-manifest.json'
[WebServer] }
[WebServer]  ⨯ Error: ENOENT: no such file or directory, open '/Users/aishwaryashrivastav/Development/port/.next/dev/server/app/admin/login/page/build-manifest.json'
[WebServer]     at ignore-listed frames {
[WebServer]   errno: -2,
[WebServer]   code: 'ENOENT',
[WebServer]   syscall: 'open',
[WebServer]   path: '/Users/aishwaryashrivastav/Development/port/.next/dev/server/app/admin/login/page/build-manifest.json'
[WebServer] }
[WebServer]  ⨯ Error: ENOENT: no such file or directory, open '/Users/aishwaryashrivastav/Development/port/.next/dev/server/app/admin/login/page/build-manifest.json'
[WebServer]     at ignore-listed frames {
[WebServer]   errno: -2,
[WebServer]   code: 'ENOENT',
[WebServer]   syscall: 'open',
[WebServer]   path: '/Users/aishwaryashrivastav/Development/port/.next/dev/server/app/admin/login/page/build-manifest.json'
[WebServer] }
[WebServer]  ⨯ Error: ENOENT: no such file or directory, open '/Users/aishwaryashrivastav/Development/port/.next/dev/server/app/admin/login/page/build-manifest.json'
[WebServer]     at ignore-listed frames {
[WebServer]   errno: -2,
[WebServer]   code: 'ENOENT',
[WebServer]   syscall: 'open',
[WebServer]   path: '/Users/aishwaryashrivastav/Development/port/.next/dev/server/app/admin/login/page/build-manifest.json'
[WebServer] }
[WebServer]  ⨯ Error: ENOENT: no such file or directory, open '/Users/aishwaryashrivastav/Development/port/.next/dev/server/app/admin/login/page/build-manifest.json'
[WebServer]     at ignore-listed frames {
[WebServer]   errno: -2,
[WebServer]   code: 'ENOENT',
[WebServer]   syscall: 'open',
[WebServer]   path: '/Users/aishwaryashrivastav/Development/port/.next/dev/server/app/admin/login/page/build-manifest.json'
[WebServer] }
[WebServer]  ⨯ Error: ENOENT: no such file or directory, open '/Users/aishwaryashrivastav/Development/port/.next/dev/server/app/admin/login/page/build-manifest.json'
[WebServer]     at ignore-listed frames {
[WebServer]   errno: -2,
[WebServer]   code: 'ENOENT',
[WebServer]   syscall: 'open',
[WebServer]   path: '/Users/aishwaryashrivastav/Development/port/.next/dev/server/app/admin/login/page/build-manifest.json'
[WebServer] }
[WebServer]  ⨯ Error: ENOENT: no such file or directory, open '/Users/aishwaryashrivastav/Development/port/.next/dev/server/app/admin/login/page/build-manifest.json'
[WebServer]     at ignore-listed frames {
[WebServer]   errno: -2,
[WebServer]   code: 'ENOENT',
[WebServer]   syscall: 'open',
[WebServer]   path: '/Users/aishwaryashrivastav/Development/port/.next/dev/server/app/admin/login/page/build-manifest.json'
[WebServer] }
[WebServer]  ⨯ Error: ENOENT: no such file or directory, open '/Users/aishwaryashrivastav/Development/port/.next/dev/server/app/admin/login/page/build-manifest.json'
[WebServer]     at ignore-listed frames {
[WebServer]   errno: -2,
[WebServer]   code: 'ENOENT',
[WebServer]   syscall: 'open',
[WebServer]   path: '/Users/aishwaryashrivastav/Development/port/.next/dev/server/app/admin/login/page/build-manifest.json'
[WebServer] }
[WebServer]  ⨯ Error: ENOENT: no such file or directory, open '/Users/aishwaryashrivastav/Development/port/.next/dev/server/app/admin/login/page/build-manifest.json'
[WebServer]     at ignore-listed frames {
[WebServer]   errno: -2,
[WebServer]   code: 'ENOENT',
[WebServer]   syscall: 'open',
[WebServer]   path: '/Users/aishwaryashrivastav/Development/port/.next/dev/server/app/admin/login/page/build-manifest.json'
[WebServer] }
[WebServer]  ⨯ Error: ENOENT: no such file or directory, open '/Users/aishwaryashrivastav/Development/port/.next/dev/server/app/admin/login/page/build-manifest.json'
[WebServer]     at ignore-listed frames {
[WebServer]   errno: -2,
[WebServer]   code: 'ENOENT',
[WebServer]   syscall: 'open',
[WebServer]   path: '/Users/aishwaryashrivastav/Development/port/.next/dev/server/app/admin/login/page/build-manifest.json'
[WebServer] }
[WebServer]  ⨯ Error: ENOENT: no such file or directory, open '/Users/aishwaryashrivastav/Development/port/.next/dev/server/app/admin/login/page/build-manifest.json'
[WebServer]     at ignore-listed frames {
[WebServer]   errno: -2,
[WebServer]   code: 'ENOENT',
[WebServer]   syscall: 'open',
[WebServer]   path: '/Users/aishwaryashrivastav/Development/port/.next/dev/server/app/admin/login/page/build-manifest.json'
[WebServer] }
[WebServer]  ⨯ Error: ENOENT: no such file or directory, open '/Users/aishwaryashrivastav/Development/port/.next/dev/server/app/admin/login/page/build-manifest.json'
[WebServer]     at ignore-listed frames {
[WebServer]   errno: -2,
[WebServer]   code: 'ENOENT',
[WebServer]   syscall: 'open',
[WebServer]   path: '/Users/aishwaryashrivastav/Development/port/.next/dev/server/app/admin/login/page/build-manifest.json'
[WebServer] }
[WebServer]  ⨯ Error: ENOENT: no such file or directory, open '/Users/aishwaryashrivastav/Development/port/.next/dev/server/app/admin/login/page/build-manifest.json'
[WebServer]     at ignore-listed frames {
[WebServer]   errno: -2,
[WebServer]   code: 'ENOENT',
[WebServer]   syscall: 'open',
[WebServer]   path: '/Users/aishwaryashrivastav/Development/port/.next/dev/server/app/admin/login/page/build-manifest.json'
[WebServer] }
[WebServer]  ⨯ Error: ENOENT: no such file or directory, open '/Users/aishwaryashrivastav/Development/port/.next/dev/server/app/admin/login/page/build-manifest.json'
[WebServer]     at ignore-listed frames {
[WebServer]   errno: -2,
[WebServer]   code: 'ENOENT',
[WebServer]   syscall: 'open',
[WebServer]   path: '/Users/aishwaryashrivastav/Development/port/.next/dev/server/app/admin/login/page/build-manifest.json'
[WebServer] }
[WebServer]  ⨯ Error: ENOENT: no such file or directory, open '/Users/aishwaryashrivastav/Development/port/.next/dev/server/app/admin/login/page/build-manifest.json'
[WebServer]     at ignore-listed frames {
[WebServer]   errno: -2,
[WebServer]   code: 'ENOENT',
[WebServer]   syscall: 'open',
[WebServer]   path: '/Users/aishwaryashrivastav/Development/port/.next/dev/server/app/admin/login/page/build-manifest.json'
[WebServer] }
[WebServer]  ⨯ Error: ENOENT: no such file or directory, open '/Users/aishwaryashrivastav/Development/port/.next/dev/server/app/admin/login/page/build-manifest.json'
[WebServer]     at ignore-listed frames {
[WebServer]   errno: -2,
[WebServer]   code: 'ENOENT',
[WebServer]   syscall: 'open',
[WebServer]   path: '/Users/aishwaryashrivastav/Development/port/.next/dev/server/app/admin/login/page/build-manifest.json'
[WebServer] }
[WebServer]  ⨯ Error: ENOENT: no such file or directory, open '/Users/aishwaryashrivastav/Development/port/.next/dev/server/app/admin/login/page/build-manifest.json'
[WebServer]     at ignore-listed frames {
[WebServer]   errno: -2,
[WebServer]   code: 'ENOENT',
[WebServer]   syscall: 'open',
[WebServer]   path: '/Users/aishwaryashrivastav/Development/port/.next/dev/server/app/admin/login/page/build-manifest.json'
[WebServer] }
[WebServer]  ⨯ Error: ENOENT: no such file or directory, open '/Users/aishwaryashrivastav/Development/port/.next/dev/server/app/admin/login/page/build-manifest.json'
[WebServer]     at ignore-listed frames {
[WebServer]   errno: -2,
[WebServer]   code: 'ENOENT',
[WebServer]   syscall: 'open',
[WebServer]   path: '/Users/aishwaryashrivastav/Development/port/.next/dev/server/app/admin/login/page/build-manifest.json'
[WebServer] }
[WebServer]  ⨯ Error: ENOENT: no such file or directory, open '/Users/aishwaryashrivastav/Development/port/.next/dev/server/app/admin/login/page/build-manifest.json'
[WebServer]     at ignore-listed frames {
[WebServer]   errno: -2,
[WebServer]   code: 'ENOENT',
[WebServer]   syscall: 'open',
[WebServer]   path: '/Users/aishwaryashrivastav/Development/port/.next/dev/server/app/admin/login/page/build-manifest.json'
[WebServer] }
[WebServer]  ⨯ Error: ENOENT: no such file or directory, open '/Users/aishwaryashrivastav/Development/port/.next/dev/server/app/admin/login/page/build-manifest.json'
[WebServer]     at ignore-listed frames {
[WebServer]   errno: -2,
[WebServer]   code: 'ENOENT',
[WebServer]   syscall: 'open',
[WebServer]   path: '/Users/aishwaryashrivastav/Development/port/.next/dev/server/app/admin/login/page/build-manifest.json'
[WebServer] }
[WebServer]  ⨯ Error: ENOENT: no such file or directory, open '/Users/aishwaryashrivastav/Development/port/.next/dev/server/app/admin/login/page/build-manifest.json'
[WebServer]     at ignore-listed frames {
[WebServer]   errno: -2,
[WebServer]   code: 'ENOENT',
[WebServer]   syscall: 'open',
[WebServer]   path: '/Users/aishwaryashrivastav/Development/port/.next/dev/server/app/admin/login/page/build-manifest.json'
[WebServer] }
[WebServer]  ⨯ Error: ENOENT: no such file or directory, open '/Users/aishwaryashrivastav/Development/port/.next/dev/server/app/admin/login/page/build-manifest.json'
[WebServer]     at ignore-listed frames {
[WebServer]   errno: -2,
[WebServer]   code: 'ENOENT',
[WebServer]   syscall: 'open',
[WebServer]   path: '/Users/aishwaryashrivastav/Development/port/.next/dev/server/app/admin/login/page/build-manifest.json'
[WebServer] }
[WebServer]  ⨯ Error: ENOENT: no such file or directory, open '/Users/aishwaryashrivastav/Development/port/.next/dev/server/app/admin/login/page/build-manifest.json'
[WebServer]     at ignore-listed frames {
[WebServer]   errno: -2,
[WebServer]   code: 'ENOENT',
[WebServer]   syscall: 'open',
[WebServer]   path: '/Users/aishwaryashrivastav/Development/port/.next/dev/server/app/admin/login/page/build-manifest.json'
[WebServer] }
[WebServer]  ⨯ Error: ENOENT: no such file or directory, open '/Users/aishwaryashrivastav/Development/port/.next/dev/server/app/admin/login/page/build-manifest.json'
[WebServer]     at ignore-listed frames {
[WebServer]   errno: -2,
[WebServer]   code: 'ENOENT',
[WebServer]   syscall: 'open',
[WebServer]   path: '/Users/aishwaryashrivastav/Development/port/.next/dev/server/app/admin/login/page/build-manifest.json'
[WebServer] }
[WebServer]  ⨯ Error: ENOENT: no such file or directory, open '/Users/aishwaryashrivastav/Development/port/.next/dev/server/app/admin/login/page/build-manifest.json'
[WebServer]     at ignore-listed frames {
[WebServer]   errno: -2,
[WebServer]   code: 'ENOENT',
[WebServer]   syscall: 'open',
[WebServer]   path: '/Users/aishwaryashrivastav/Development/port/.next/dev/server/app/admin/login/page/build-manifest.json'
[WebServer] }
[WebServer]  ⨯ Error: ENOENT: no such file or directory, open '/Users/aishwaryashrivastav/Development/port/.next/dev/server/app/admin/login/page/build-manifest.json'
[WebServer]     at ignore-listed frames {
[WebServer]   errno: -2,
[WebServer]   code: 'ENOENT',
[WebServer]   syscall: 'open',
[WebServer]   path: '/Users/aishwaryashrivastav/Development/port/.next/dev/server/app/admin/login/page/build-manifest.json'
[WebServer] }
[WebServer]  ⨯ Error: ENOENT: no such file or directory, open '/Users/aishwaryashrivastav/Development/port/.next/dev/server/app/admin/login/page/build-manifest.json'
[WebServer]     at ignore-listed frames {
[WebServer]   errno: -2,
[WebServer]   code: 'ENOENT',
[WebServer]   syscall: 'open',
[WebServer]   path: '/Users/aishwaryashrivastav/Development/port/.next/dev/server/app/admin/login/page/build-manifest.json'
[WebServer] }
[WebServer]  ⨯ Error: ENOENT: no such file or directory, open '/Users/aishwaryashrivastav/Development/port/.next/dev/server/app/admin/login/page/build-manifest.json'
[WebServer]     at ignore-listed frames {
[WebServer]   errno: -2,
[WebServer]   code: 'ENOENT',
[WebServer]   syscall: 'open',
[WebServer]   path: '/Users/aishwaryashrivastav/Development/port/.next/dev/server/app/admin/login/page/build-manifest.json'
[WebServer] }
[WebServer]  ⨯ Error: ENOENT: no such file or directory, open '/Users/aishwaryashrivastav/Development/port/.next/dev/server/app/admin/login/page/build-manifest.json'
[WebServer]     at ignore-listed frames {
[WebServer]   errno: -2,
[WebServer]   code: 'ENOENT',
[WebServer]   syscall: 'open',
[WebServer]   path: '/Users/aishwaryashrivastav/Development/port/.next/dev/server/app/admin/login/page/build-manifest.json'
[WebServer] }
[WebServer]  ⨯ Error: ENOENT: no such file or directory, open '/Users/aishwaryashrivastav/Development/port/.next/dev/server/app/admin/login/page/build-manifest.json'
[WebServer]     at ignore-listed frames {
[WebServer]   errno: -2,
[WebServer]   code: 'ENOENT',
[WebServer]   syscall: 'open',
[WebServer]   path: '/Users/aishwaryashrivastav/Development/port/.next/dev/server/app/admin/login/page/build-manifest.json'
[WebServer] }
[WebServer]  ⨯ Error: ENOENT: no such file or directory, open '/Users/aishwaryashrivastav/Development/port/.next/dev/server/app/admin/login/page/build-manifest.json'
[WebServer]     at ignore-listed frames {
[WebServer]   errno: -2,
[WebServer]   code: 'ENOENT',
[WebServer]   syscall: 'open',
[WebServer]   path: '/Users/aishwaryashrivastav/Development/port/.next/dev/server/app/admin/login/page/build-manifest.json'
[WebServer] }
[WebServer]  ⨯ Error: ENOENT: no such file or directory, open '/Users/aishwaryashrivastav/Development/port/.next/dev/server/app/admin/login/page/build-manifest.json'
[WebServer]     at ignore-listed frames {
[WebServer]   errno: -2,
[WebServer]   code: 'ENOENT',
[WebServer]   syscall: 'open',
[WebServer]   path: '/Users/aishwaryashrivastav/Development/port/.next/dev/server/app/admin/login/page/build-manifest.json'
[WebServer] }
[WebServer]  ⨯ Error: ENOENT: no such file or directory, open '/Users/aishwaryashrivastav/Development/port/.next/dev/server/app/admin/login/page/build-manifest.json'
[WebServer]     at ignore-listed frames {
[WebServer]   errno: -2,
[WebServer]   code: 'ENOENT',
[WebServer]   syscall: 'open',
[WebServer]   path: '/Users/aishwaryashrivastav/Development/port/.next/dev/server/app/admin/login/page/build-manifest.json'
[WebServer] }
[WebServer]  ⨯ Error: ENOENT: no such file or directory, open '/Users/aishwaryashrivastav/Development/port/.next/dev/server/app/admin/login/page/build-manifest.json'
[WebServer]     at ignore-listed frames {
[WebServer]   errno: -2,
[WebServer]   code: 'ENOENT',
[WebServer]   syscall: 'open',
[WebServer]   path: '/Users/aishwaryashrivastav/Development/port/.next/dev/server/app/admin/login/page/build-manifest.json'
[WebServer] }
[WebServer]  ⨯ Error: ENOENT: no such file or directory, open '/Users/aishwaryashrivastav/Development/port/.next/dev/server/app/admin/login/page/build-manifest.json'
[WebServer]     at ignore-listed frames {
[WebServer]   errno: -2,
[WebServer]   code: 'ENOENT',
[WebServer]   syscall: 'open',
[WebServer]   path: '/Users/aishwaryashrivastav/Development/port/.next/dev/server/app/admin/login/page/build-manifest.json'
[WebServer] }
[WebServer]  ⨯ Error: ENOENT: no such file or directory, open '/Users/aishwaryashrivastav/Development/port/.next/dev/server/app/admin/login/page/build-manifest.json'
[WebServer]     at ignore-listed frames {
[WebServer]   errno: -2,
[WebServer]   code: 'ENOENT',
[WebServer]   syscall: 'open',
[WebServer]   path: '/Users/aishwaryashrivastav/Development/port/.next/dev/server/app/admin/login/page/build-manifest.json'
[WebServer] }
[WebServer]  ⨯ Error: ENOENT: no such file or directory, open '/Users/aishwaryashrivastav/Development/port/.next/dev/server/app/admin/login/page/build-manifest.json'
[WebServer]     at ignore-listed frames {
[WebServer]   errno: -2,
[WebServer]   code: 'ENOENT',
[WebServer]   syscall: 'open',
[WebServer]   path: '/Users/aishwaryashrivastav/Development/port/.next/dev/server/app/admin/login/page/build-manifest.json'
[WebServer] }
[WebServer]  ⨯ Error: ENOENT: no such file or directory, open '/Users/aishwaryashrivastav/Development/port/.next/dev/server/app/admin/login/page/build-manifest.json'
[WebServer]     at ignore-listed frames {
[WebServer]   errno: -2,
[WebServer]   code: 'ENOENT',
[WebServer]   syscall: 'open',
[WebServer]   path: '/Users/aishwaryashrivastav/Development/port/.next/dev/server/app/admin/login/page/build-manifest.json'
[WebServer] }
[WebServer]  ⨯ Error: ENOENT: no such file or directory, open '/Users/aishwaryashrivastav/Development/port/.next/dev/server/app/admin/login/page/build-manifest.json'
[WebServer]     at ignore-listed frames {
[WebServer]   errno: -2,
[WebServer]   code: 'ENOENT',
[WebServer]   syscall: 'open',
[WebServer]   path: '/Users/aishwaryashrivastav/Development/port/.next/dev/server/app/admin/login/page/build-manifest.json'
[WebServer] }
[WebServer]  ⨯ Error: ENOENT: no such file or directory, open '/Users/aishwaryashrivastav/Development/port/.next/dev/server/app/admin/login/page/build-manifest.json'
[WebServer]     at ignore-listed frames {
[WebServer]   errno: -2,
[WebServer]   code: 'ENOENT',
[WebServer]   syscall: 'open',
[WebServer]   path: '/Users/aishwaryashrivastav/Development/port/.next/dev/server/app/admin/login/page/build-manifest.json'
[WebServer] }
[WebServer]  ⨯ Error: ENOENT: no such file or directory, open '/Users/aishwaryashrivastav/Development/port/.next/dev/server/app/admin/login/page/build-manifest.json'
[WebServer]     at ignore-listed frames {
[WebServer]   errno: -2,
[WebServer]   code: 'ENOENT',
[WebServer]   syscall: 'open',
[WebServer]   path: '/Users/aishwaryashrivastav/Development/port/.next/dev/server/app/admin/login/page/build-manifest.json'
[WebServer] }
[WebServer]  ⨯ Error: ENOENT: no such file or directory, open '/Users/aishwaryashrivastav/Development/port/.next/dev/server/app/admin/login/page/build-manifest.json'
[WebServer]     at ignore-listed frames {
[WebServer]   errno: -2,
[WebServer]   code: 'ENOENT',
[WebServer]   syscall: 'open',
[WebServer]   path: '/Users/aishwaryashrivastav/Development/port/.next/dev/server/app/admin/login/page/build-manifest.json'
[WebServer] }
[WebServer]  ⨯ Error: ENOENT: no such file or directory, open '/Users/aishwaryashrivastav/Development/port/.next/dev/server/app/admin/login/page/build-manifest.json'
[WebServer]     at ignore-listed frames {
[WebServer]   errno: -2,
[WebServer]   code: 'ENOENT',
[WebServer]   syscall: 'open',
[WebServer]   path: '/Users/aishwaryashrivastav/Development/port/.next/dev/server/app/admin/login/page/build-manifest.json'
[WebServer] }
[WebServer]  ⨯ Error: ENOENT: no such file or directory, open '/Users/aishwaryashrivastav/Development/port/.next/dev/server/app/admin/login/page/build-manifest.json'
[WebServer]     at ignore-listed frames {
[WebServer]   errno: -2,
[WebServer]   code: 'ENOENT',
[WebServer]   syscall: 'open',
[WebServer]   path: '/Users/aishwaryashrivastav/Development/port/.next/dev/server/app/admin/login/page/build-manifest.json'
[WebServer] }
[WebServer]  ⨯ Error: ENOENT: no such file or directory, open '/Users/aishwaryashrivastav/Development/port/.next/dev/server/app/admin/login/page/build-manifest.json'
[WebServer]     at ignore-listed frames {
[WebServer]   errno: -2,
[WebServer]   code: 'ENOENT',
[WebServer]   syscall: 'open',
[WebServer]   path: '/Users/aishwaryashrivastav/Development/port/.next/dev/server/app/admin/login/page/build-manifest.json'
[WebServer] }
[WebServer]  ⨯ Error: ENOENT: no such file or directory, open '/Users/aishwaryashrivastav/Development/port/.next/dev/server/app/admin/login/page/build-manifest.json'
[WebServer]     at ignore-listed frames {
[WebServer]   errno: -2,
[WebServer]   code: 'ENOENT',
[WebServer]   syscall: 'open',
[WebServer]   path: '/Users/aishwaryashrivastav/Development/port/.next/dev/server/app/admin/login/page/build-manifest.json'
[WebServer] }
[WebServer]  ⨯ Error: ENOENT: no such file or directory, open '/Users/aishwaryashrivastav/Development/port/.next/dev/server/app/admin/login/page/build-manifest.json'
[WebServer]     at ignore-listed frames {
[WebServer]   errno: -2,
[WebServer]   code: 'ENOENT',
[WebServer]   syscall: 'open',
[WebServer]   path: '/Users/aishwaryashrivastav/Development/port/.next/dev/server/app/admin/login/page/build-manifest.json'
[WebServer] }
[WebServer]  ⨯ Error: ENOENT: no such file or directory, open '/Users/aishwaryashrivastav/Development/port/.next/dev/server/app/admin/login/page/build-manifest.json'
[WebServer]     at ignore-listed frames {
[WebServer]   errno: -2,
[WebServer]   code: 'ENOENT',
[WebServer]   syscall: 'open',
[WebServer]   path: '/Users/aishwaryashrivastav/Development/port/.next/dev/server/app/admin/login/page/build-manifest.json'
[WebServer] }
[WebServer]  ⨯ Error: ENOENT: no such file or directory, open '/Users/aishwaryashrivastav/Development/port/.next/dev/server/app/admin/login/page/build-manifest.json'
[WebServer]     at ignore-listed frames {
[WebServer]   errno: -2,
[WebServer]   code: 'ENOENT',
[WebServer]   syscall: 'open',
[WebServer]   path: '/Users/aishwaryashrivastav/Development/port/.next/dev/server/app/admin/login/page/build-manifest.json'
[WebServer] }
[WebServer]  ⨯ Error: ENOENT: no such file or directory, open '/Users/aishwaryashrivastav/Development/port/.next/dev/server/app/admin/login/page/build-manifest.json'
[WebServer]     at ignore-listed frames {
[WebServer]   errno: -2,
[WebServer]   code: 'ENOENT',
[WebServer]   syscall: 'open',
[WebServer]   path: '/Users/aishwaryashrivastav/Development/port/.next/dev/server/app/admin/login/page/build-manifest.json'
[WebServer] }
[WebServer]  ⨯ Error: ENOENT: no such file or directory, open '/Users/aishwaryashrivastav/Development/port/.next/dev/server/app/admin/login/page/build-manifest.json'
[WebServer]     at ignore-listed frames {
[WebServer]   errno: -2,
[WebServer]   code: 'ENOENT',
[WebServer]   syscall: 'open',
[WebServer]   path: '/Users/aishwaryashrivastav/Development/port/.next/dev/server/app/admin/login/page/build-manifest.json'
[WebServer] }
[WebServer]  ⨯ Error: ENOENT: no such file or directory, open '/Users/aishwaryashrivastav/Development/port/.next/dev/server/app/admin/login/page/build-manifest.json'
[WebServer]     at ignore-listed frames {
[WebServer]   errno: -2,
[WebServer]   code: 'ENOENT',
[WebServer]   syscall: 'open',
[WebServer]   path: '/Users/aishwaryashrivastav/Development/port/.next/dev/server/app/admin/login/page/build-manifest.json'
[WebServer] }
[WebServer]  ⨯ Error: ENOENT: no such file or directory, open '/Users/aishwaryashrivastav/Development/port/.next/dev/server/app/admin/login/page/build-manifest.json'
[WebServer]     at ignore-listed frames {
[WebServer]   errno: -2,
[WebServer]   code: 'ENOENT',
[WebServer]   syscall: 'open',
[WebServer]   path: '/Users/aishwaryashrivastav/Development/port/.next/dev/server/app/admin/login/page/build-manifest.json'
[WebServer] }
[WebServer]  ⨯ Error: ENOENT: no such file or directory, open '/Users/aishwaryashrivastav/Development/port/.next/dev/server/app/admin/login/page/build-manifest.json'
[WebServer]     at ignore-listed frames {
[WebServer]   errno: -2,
[WebServer]   code: 'ENOENT',
[WebServer]   syscall: 'open',
[WebServer]   path: '/Users/aishwaryashrivastav/Development/port/.next/dev/server/app/admin/login/page/build-manifest.json'
[WebServer] }
[WebServer]  ⨯ Error: ENOENT: no such file or directory, open '/Users/aishwaryashrivastav/Development/port/.next/dev/server/app/admin/login/page/build-manifest.json'
[WebServer]     at ignore-listed frames {
[WebServer]   errno: -2,
[WebServer]   code: 'ENOENT',
[WebServer]   syscall: 'open',
[WebServer]   path: '/Users/aishwaryashrivastav/Development/port/.next/dev/server/app/admin/login/page/build-manifest.json'
[WebServer] }
[WebServer]  ⨯ Error: ENOENT: no such file or directory, open '/Users/aishwaryashrivastav/Development/port/.next/dev/server/app/admin/login/page/build-manifest.json'
[WebServer]     at ignore-listed frames {
[WebServer]   errno: -2,
[WebServer]   code: 'ENOENT',
[WebServer]   syscall: 'open',
[WebServer]   path: '/Users/aishwaryashrivastav/Development/port/.next/dev/server/app/admin/login/page/build-manifest.json'
[WebServer] }
[WebServer]  ⨯ Error: ENOENT: no such file or directory, open '/Users/aishwaryashrivastav/Development/port/.next/dev/server/app/admin/login/page/build-manifest.json'
[WebServer]     at ignore-listed frames {
[WebServer]   errno: -2,
[WebServer]   code: 'ENOENT',
[WebServer]   syscall: 'open',
[WebServer]   path: '/Users/aishwaryashrivastav/Development/port/.next/dev/server/app/admin/login/page/build-manifest.json'
[WebServer] }
[WebServer]  ⨯ Error: ENOENT: no such file or directory, open '/Users/aishwaryashrivastav/Development/port/.next/dev/server/app/admin/login/page/build-manifest.json'
[WebServer]     at ignore-listed frames {
[WebServer]   errno: -2,
[WebServer]   code: 'ENOENT',
[WebServer]   syscall: 'open',
[WebServer]   path: '/Users/aishwaryashrivastav/Development/port/.next/dev/server/app/admin/login/page/build-manifest.json'
[WebServer] }
[WebServer]  ⨯ Error: ENOENT: no such file or directory, open '/Users/aishwaryashrivastav/Development/port/.next/dev/server/app/admin/login/page/build-manifest.json'
[WebServer]     at ignore-listed frames {
[WebServer]   errno: -2,
[WebServer]   code: 'ENOENT',
[WebServer]   syscall: 'open',
[WebServer]   path: '/Users/aishwaryashrivastav/Development/port/.next/dev/server/app/admin/login/page/build-manifest.json'
[WebServer] }
[WebServer]  ⨯ Error: ENOENT: no such file or directory, open '/Users/aishwaryashrivastav/Development/port/.next/dev/server/app/admin/login/page/build-manifest.json'
[WebServer]     at ignore-listed frames {
[WebServer]   errno: -2,
[WebServer]   code: 'ENOENT',
[WebServer]   syscall: 'open',
[WebServer]   path: '/Users/aishwaryashrivastav/Development/port/.next/dev/server/app/admin/login/page/build-manifest.json'
[WebServer] }
[WebServer]  ⨯ Error: ENOENT: no such file or directory, open '/Users/aishwaryashrivastav/Development/port/.next/dev/server/app/admin/login/page/build-manifest.json'
[WebServer]     at ignore-listed frames {
[WebServer]   errno: -2,
[WebServer]   code: 'ENOENT',
[WebServer]   syscall: 'open',
[WebServer]   path: '/Users/aishwaryashrivastav/Development/port/.next/dev/server/app/admin/login/page/build-manifest.json'
[WebServer] }
[WebServer]  ⨯ Error: ENOENT: no such file or directory, open '/Users/aishwaryashrivastav/Development/port/.next/dev/server/app/admin/login/page/build-manifest.json'
[WebServer]     at ignore-listed frames {
[WebServer]   errno: -2,
[WebServer]   code: 'ENOENT',
[WebServer]   syscall: 'open',
[WebServer]   path: '/Users/aishwaryashrivastav/Development/port/.next/dev/server/app/admin/login/page/build-manifest.json'
[WebServer] }
[WebServer]  ⨯ Error: ENOENT: no such file or directory, open '/Users/aishwaryashrivastav/Development/port/.next/dev/server/app/admin/login/page/build-manifest.json'
[WebServer]     at ignore-listed frames {
[WebServer]   errno: -2,
[WebServer]   code: 'ENOENT',
[WebServer]   syscall: 'open',
[WebServer]   path: '/Users/aishwaryashrivastav/Development/port/.next/dev/server/app/admin/login/page/build-manifest.json'
[WebServer] }
[WebServer]  ⨯ Error: ENOENT: no such file or directory, open '/Users/aishwaryashrivastav/Development/port/.next/dev/server/app/admin/login/page/build-manifest.json'
[WebServer]     at ignore-listed frames {
[WebServer]   errno: -2,
[WebServer]   code: 'ENOENT',
[WebServer]   syscall: 'open',
[WebServer]   path: '/Users/aishwaryashrivastav/Development/port/.next/dev/server/app/admin/login/page/build-manifest.json'
[WebServer] }
[WebServer]  ⨯ Error: ENOENT: no such file or directory, open '/Users/aishwaryashrivastav/Development/port/.next/dev/server/app/admin/login/page/build-manifest.json'
[WebServer]     at ignore-listed frames {
[WebServer]   errno: -2,
[WebServer]   code: 'ENOENT',
[WebServer]   syscall: 'open',
[WebServer]   path: '/Users/aishwaryashrivastav/Development/port/.next/dev/server/app/admin/login/page/build-manifest.json'
[WebServer] }
[WebServer]  ⨯ Error: ENOENT: no such file or directory, open '/Users/aishwaryashrivastav/Development/port/.next/dev/server/app/admin/login/page/build-manifest.json'
[WebServer]     at ignore-listed frames {
[WebServer]   errno: -2,
[WebServer]   code: 'ENOENT',
[WebServer]   syscall: 'open',
[WebServer]   path: '/Users/aishwaryashrivastav/Development/port/.next/dev/server/app/admin/login/page/build-manifest.json'
[WebServer] }
[WebServer]  ⨯ Error: ENOENT: no such file or directory, open '/Users/aishwaryashrivastav/Development/port/.next/dev/server/app/admin/login/page/build-manifest.json'
[WebServer]     at ignore-listed frames {
[WebServer]   errno: -2,
[WebServer]   code: 'ENOENT',
[WebServer]   syscall: 'open',
[WebServer]   path: '/Users/aishwaryashrivastav/Development/port/.next/dev/server/app/admin/login/page/build-manifest.json'
[WebServer] }
[WebServer]  ⨯ Error: ENOENT: no such file or directory, open '/Users/aishwaryashrivastav/Development/port/.next/dev/server/app/admin/login/page/build-manifest.json'
[WebServer]     at ignore-listed frames {
[WebServer]   errno: -2,
[WebServer]   code: 'ENOENT',
[WebServer]   syscall: 'open',
[WebServer]   path: '/Users/aishwaryashrivastav/Development/port/.next/dev/server/app/admin/login/page/build-manifest.json'
[WebServer] }
[WebServer]  ⨯ Error: ENOENT: no such file or directory, open '/Users/aishwaryashrivastav/Development/port/.next/dev/server/app/admin/login/page/build-manifest.json'
[WebServer]     at ignore-listed frames {
[WebServer]   errno: -2,
[WebServer]   code: 'ENOENT',
[WebServer]   syscall: 'open',
[WebServer]   path: '/Users/aishwaryashrivastav/Development/port/.next/dev/server/app/admin/login/page/build-manifest.json'
[WebServer] }
[WebServer]  ⨯ Error: ENOENT: no such file or directory, open '/Users/aishwaryashrivastav/Development/port/.next/dev/server/app/admin/login/page/build-manifest.json'
[WebServer]     at ignore-listed frames {
[WebServer]   errno: -2,
[WebServer]   code: 'ENOENT',
[WebServer]   syscall: 'open',
[WebServer]   path: '/Users/aishwaryashrivastav/Development/port/.next/dev/server/app/admin/login/page/build-manifest.json'
[WebServer] }
[WebServer]  ⨯ Error: ENOENT: no such file or directory, open '/Users/aishwaryashrivastav/Development/port/.next/dev/server/app/admin/login/page/build-manifest.json'
[WebServer]     at ignore-listed frames {
[WebServer]   errno: -2,
[WebServer]   code: 'ENOENT',
[WebServer]   syscall: 'open',
[WebServer]   path: '/Users/aishwaryashrivastav/Development/port/.next/dev/server/app/admin/login/page/build-manifest.json'
[WebServer] }
[WebServer]  ⨯ Error: ENOENT: no such file or directory, open '/Users/aishwaryashrivastav/Development/port/.next/dev/server/app/admin/login/page/build-manifest.json'
[WebServer]     at ignore-listed frames {
[WebServer]   errno: -2,
[WebServer]   code: 'ENOENT',
[WebServer]   syscall: 'open',
[WebServer]   path: '/Users/aishwaryashrivastav/Development/port/.next/dev/server/app/admin/login/page/build-manifest.json'
[WebServer] }
[WebServer]  ⨯ Error: ENOENT: no such file or directory, open '/Users/aishwaryashrivastav/Development/port/.next/dev/server/app/admin/login/page/build-manifest.json'
[WebServer]     at ignore-listed frames {
[WebServer]   errno: -2,
[WebServer]   code: 'ENOENT',
[WebServer]   syscall: 'open',
[WebServer]   path: '/Users/aishwaryashrivastav/Development/port/.next/dev/server/app/admin/login/page/build-manifest.json'
[WebServer] }
[WebServer]  ⨯ Error: ENOENT: no such file or directory, open '/Users/aishwaryashrivastav/Development/port/.next/dev/server/app/admin/login/page/build-manifest.json'
[WebServer]     at ignore-listed frames {
[WebServer]   errno: -2,
[WebServer]   code: 'ENOENT',
[WebServer]   syscall: 'open',
[WebServer]   path: '/Users/aishwaryashrivastav/Development/port/.next/dev/server/app/admin/login/page/build-manifest.json'
[WebServer] }
[WebServer]  ⨯ Error: ENOENT: no such file or directory, open '/Users/aishwaryashrivastav/Development/port/.next/dev/server/app/admin/login/page/build-manifest.json'
[WebServer]     at ignore-listed frames {
[WebServer]   errno: -2,
[WebServer]   code: 'ENOENT',
[WebServer]   syscall: 'open',
[WebServer]   path: '/Users/aishwaryashrivastav/Development/port/.next/dev/server/app/admin/login/page/build-manifest.json'
[WebServer] }
[WebServer]  ⨯ Error: ENOENT: no such file or directory, open '/Users/aishwaryashrivastav/Development/port/.next/dev/server/app/admin/login/page/build-manifest.json'
[WebServer]     at ignore-listed frames {
[WebServer]   errno: -2,
[WebServer]   code: 'ENOENT',
[WebServer]   syscall: 'open',
[WebServer]   path: '/Users/aishwaryashrivastav/Development/port/.next/dev/server/app/admin/login/page/build-manifest.json'
[WebServer] }
[WebServer]  ⨯ Error: ENOENT: no such file or directory, open '/Users/aishwaryashrivastav/Development/port/.next/dev/server/app/admin/login/page/build-manifest.json'
[WebServer]     at ignore-listed frames {
[WebServer]   errno: -2,
[WebServer]   code: 'ENOENT',
[WebServer]   syscall: 'open',
[WebServer]   path: '/Users/aishwaryashrivastav/Development/port/.next/dev/server/app/admin/login/page/build-manifest.json'
[WebServer] }
[WebServer]  ⨯ Error: ENOENT: no such file or directory, open '/Users/aishwaryashrivastav/Development/port/.next/dev/server/app/admin/login/page/build-manifest.json'
[WebServer]     at ignore-listed frames {
[WebServer]   errno: -2,
[WebServer]   code: 'ENOENT',
[WebServer]   syscall: 'open',
[WebServer]   path: '/Users/aishwaryashrivastav/Development/port/.next/dev/server/app/admin/login/page/build-manifest.json'
[WebServer] }
[WebServer]  ⨯ Error: ENOENT: no such file or directory, open '/Users/aishwaryashrivastav/Development/port/.next/dev/server/app/admin/login/page/build-manifest.json'
[WebServer]     at ignore-listed frames {
[WebServer]   errno: -2,
[WebServer]   code: 'ENOENT',
[WebServer]   syscall: 'open',
[WebServer]   path: '/Users/aishwaryashrivastav/Development/port/.next/dev/server/app/admin/login/page/build-manifest.json'
[WebServer] }
[WebServer]  ⨯ Error: ENOENT: no such file or directory, open '/Users/aishwaryashrivastav/Development/port/.next/dev/server/app/admin/login/page/build-manifest.json'
[WebServer]     at ignore-listed frames {
[WebServer]   errno: -2,
[WebServer]   code: 'ENOENT',
[WebServer]   syscall: 'open',
[WebServer]   path: '/Users/aishwaryashrivastav/Development/port/.next/dev/server/app/admin/login/page/build-manifest.json'
[WebServer] }
[WebServer]  ⨯ Error: ENOENT: no such file or directory, open '/Users/aishwaryashrivastav/Development/port/.next/dev/server/app/admin/login/page/build-manifest.json'
[WebServer]     at ignore-listed frames {
[WebServer]   errno: -2,
[WebServer]   code: 'ENOENT',
[WebServer]   syscall: 'open',
[WebServer]   path: '/Users/aishwaryashrivastav/Development/port/.next/dev/server/app/admin/login/page/build-manifest.json'
[WebServer] }
[WebServer]  ⨯ Error: ENOENT: no such file or directory, open '/Users/aishwaryashrivastav/Development/port/.next/dev/server/app/admin/login/page/build-manifest.json'
[WebServer]     at ignore-listed frames {
[WebServer]   errno: -2,
[WebServer]   code: 'ENOENT',
[WebServer]   syscall: 'open',
[WebServer]   path: '/Users/aishwaryashrivastav/Development/port/.next/dev/server/app/admin/login/page/build-manifest.json'
[WebServer] }
[WebServer]  ⨯ Error: ENOENT: no such file or directory, open '/Users/aishwaryashrivastav/Development/port/.next/dev/server/app/admin/login/page/build-manifest.json'
[WebServer]     at ignore-listed frames {
[WebServer]   errno: -2,
[WebServer]   code: 'ENOENT',
[WebServer]   syscall: 'open',
[WebServer]   path: '/Users/aishwaryashrivastav/Development/port/.next/dev/server/app/admin/login/page/build-manifest.json'
[WebServer] }
[WebServer]  ⨯ Error: ENOENT: no such file or directory, open '/Users/aishwaryashrivastav/Development/port/.next/dev/server/app/admin/login/page/build-manifest.json'
[WebServer]     at ignore-listed frames {
[WebServer]   errno: -2,
[WebServer]   code: 'ENOENT',
[WebServer]   syscall: 'open',
[WebServer]   path: '/Users/aishwaryashrivastav/Development/port/.next/dev/server/app/admin/login/page/build-manifest.json'
[WebServer] }
[WebServer]  ⨯ Error: ENOENT: no such file or directory, open '/Users/aishwaryashrivastav/Development/port/.next/dev/server/app/admin/login/page/build-manifest.json'
[WebServer]     at ignore-listed frames {
[WebServer]   errno: -2,
[WebServer]   code: 'ENOENT',
[WebServer]   syscall: 'open',
[WebServer]   path: '/Users/aishwaryashrivastav/Development/port/.next/dev/server/app/admin/login/page/build-manifest.json'
[WebServer] }
[WebServer]  ⨯ Error: ENOENT: no such file or directory, open '/Users/aishwaryashrivastav/Development/port/.next/dev/server/app/admin/login/page/build-manifest.json'
[WebServer]     at ignore-listed frames {
[WebServer]   errno: -2,
[WebServer]   code: 'ENOENT',
[WebServer]   syscall: 'open',
[WebServer]   path: '/Users/aishwaryashrivastav/Development/port/.next/dev/server/app/admin/login/page/build-manifest.json'
[WebServer] }
[WebServer]  ⨯ Error: ENOENT: no such file or directory, open '/Users/aishwaryashrivastav/Development/port/.next/dev/server/app/admin/login/page/build-manifest.json'
[WebServer]     at ignore-listed frames {
[WebServer]   errno: -2,
[WebServer]   code: 'ENOENT',
[WebServer]   syscall: 'open',
[WebServer]   path: '/Users/aishwaryashrivastav/Development/port/.next/dev/server/app/admin/login/page/build-manifest.json'
[WebServer] }
[WebServer]  ⨯ Error: ENOENT: no such file or directory, open '/Users/aishwaryashrivastav/Development/port/.next/dev/server/app/admin/login/page/build-manifest.json'
[WebServer]     at ignore-listed frames {
[WebServer]   errno: -2,
[WebServer]   code: 'ENOENT',
[WebServer]   syscall: 'open',
[WebServer]   path: '/Users/aishwaryashrivastav/Development/port/.next/dev/server/app/admin/login/page/build-manifest.json'
[WebServer] }
[WebServer]  ⨯ Error: ENOENT: no such file or directory, open '/Users/aishwaryashrivastav/Development/port/.next/dev/server/app/admin/login/page/build-manifest.json'
[WebServer]     at ignore-listed frames {
[WebServer]   errno: -2,
[WebServer]   code: 'ENOENT',
[WebServer]   syscall: 'open',
[WebServer]   path: '/Users/aishwaryashrivastav/Development/port/.next/dev/server/app/admin/login/page/build-manifest.json'
[WebServer] }
[WebServer]  ⨯ Error: ENOENT: no such file or directory, open '/Users/aishwaryashrivastav/Development/port/.next/dev/server/app/admin/login/page/build-manifest.json'
[WebServer]     at ignore-listed frames {
[WebServer]   errno: -2,
[WebServer]   code: 'ENOENT',
[WebServer]   syscall: 'open',
[WebServer]   path: '/Users/aishwaryashrivastav/Development/port/.next/dev/server/app/admin/login/page/build-manifest.json'
[WebServer] }
[WebServer]  ⨯ Error: ENOENT: no such file or directory, open '/Users/aishwaryashrivastav/Development/port/.next/dev/server/app/admin/login/page/build-manifest.json'
[WebServer]     at ignore-listed frames {
[WebServer]   errno: -2,
[WebServer]   code: 'ENOENT',
[WebServer]   syscall: 'open',
[WebServer]   path: '/Users/aishwaryashrivastav/Development/port/.next/dev/server/app/admin/login/page/build-manifest.json'
[WebServer] }
[WebServer]  ⨯ Error: ENOENT: no such file or directory, open '/Users/aishwaryashrivastav/Development/port/.next/dev/server/app/admin/login/page/build-manifest.json'
[WebServer]     at ignore-listed frames {
[WebServer]   errno: -2,
[WebServer]   code: 'ENOENT',
[WebServer]   syscall: 'open',
[WebServer]   path: '/Users/aishwaryashrivastav/Development/port/.next/dev/server/app/admin/login/page/build-manifest.json'
[WebServer] }
[WebServer]  ⨯ Error: ENOENT: no such file or directory, open '/Users/aishwaryashrivastav/Development/port/.next/dev/server/app/admin/login/page/build-manifest.json'
[WebServer]     at ignore-listed frames {
[WebServer]   errno: -2,
[WebServer]   code: 'ENOENT',
[WebServer]   syscall: 'open',
[WebServer]   path: '/Users/aishwaryashrivastav/Development/port/.next/dev/server/app/admin/login/page/build-manifest.json'
[WebServer] }
[WebServer]  ⨯ Error: ENOENT: no such file or directory, open '/Users/aishwaryashrivastav/Development/port/.next/dev/server/app/admin/login/page/build-manifest.json'
[WebServer]     at ignore-listed frames {
[WebServer]   errno: -2,
[WebServer]   code: 'ENOENT',
[WebServer]   syscall: 'open',
[WebServer]   path: '/Users/aishwaryashrivastav/Development/port/.next/dev/server/app/admin/login/page/build-manifest.json'
[WebServer] }
[WebServer]  ⨯ Error: ENOENT: no such file or directory, open '/Users/aishwaryashrivastav/Development/port/.next/dev/server/app/admin/login/page/build-manifest.json'
[WebServer]     at ignore-listed frames {
[WebServer]   errno: -2,
[WebServer]   code: 'ENOENT',
[WebServer]   syscall: 'open',
[WebServer]   path: '/Users/aishwaryashrivastav/Development/port/.next/dev/server/app/admin/login/page/build-manifest.json'
[WebServer] }
[WebServer]  ⨯ Error: ENOENT: no such file or directory, open '/Users/aishwaryashrivastav/Development/port/.next/dev/server/app/admin/login/page/build-manifest.json'
[WebServer]     at ignore-listed frames {
[WebServer]   errno: -2,
[WebServer]   code: 'ENOENT',
[WebServer]   syscall: 'open',
[WebServer]   path: '/Users/aishwaryashrivastav/Development/port/.next/dev/server/app/admin/login/page/build-manifest.json'
[WebServer] }
[WebServer]  ⨯ Error: ENOENT: no such file or directory, open '/Users/aishwaryashrivastav/Development/port/.next/dev/server/app/admin/login/page/build-manifest.json'
[WebServer]     at ignore-listed frames {
[WebServer]   errno: -2,
[WebServer]   code: 'ENOENT',
[WebServer]   syscall: 'open',
[WebServer]   path: '/Users/aishwaryashrivastav/Development/port/.next/dev/server/app/admin/login/page/build-manifest.json'
[WebServer] }
[WebServer]  ⨯ Error: ENOENT: no such file or directory, open '/Users/aishwaryashrivastav/Development/port/.next/dev/server/app/admin/login/page/build-manifest.json'
[WebServer]     at ignore-listed frames {
[WebServer]   errno: -2,
[WebServer]   code: 'ENOENT',
[WebServer]   syscall: 'open',
[WebServer]   path: '/Users/aishwaryashrivastav/Development/port/.next/dev/server/app/admin/login/page/build-manifest.json'
[WebServer] }
[WebServer]  ⨯ Error: ENOENT: no such file or directory, open '/Users/aishwaryashrivastav/Development/port/.next/dev/server/app/admin/login/page/build-manifest.json'
[WebServer]     at ignore-listed frames {
[WebServer]   errno: -2,
[WebServer]   code: 'ENOENT',
[WebServer]   syscall: 'open',
[WebServer]   path: '/Users/aishwaryashrivastav/Development/port/.next/dev/server/app/admin/login/page/build-manifest.json'
[WebServer] }
[WebServer]  ⨯ Error: ENOENT: no such file or directory, open '/Users/aishwaryashrivastav/Development/port/.next/dev/server/app/admin/login/page/build-manifest.json'
[WebServer]     at ignore-listed frames {
[WebServer]   errno: -2,
[WebServer]   code: 'ENOENT',
[WebServer]   syscall: 'open',
[WebServer]   path: '/Users/aishwaryashrivastav/Development/port/.next/dev/server/app/admin/login/page/build-manifest.json'
[WebServer] }
[WebServer]  ⨯ Error: ENOENT: no such file or directory, open '/Users/aishwaryashrivastav/Development/port/.next/dev/server/app/admin/login/page/build-manifest.json'
[WebServer]     at ignore-listed frames {
[WebServer]   errno: -2,
[WebServer]   code: 'ENOENT',
[WebServer]   syscall: 'open',
[WebServer]   path: '/Users/aishwaryashrivastav/Development/port/.next/dev/server/app/admin/login/page/build-manifest.json'
[WebServer] }
[WebServer]  ⨯ Error: ENOENT: no such file or directory, open '/Users/aishwaryashrivastav/Development/port/.next/dev/server/app/admin/login/page/build-manifest.json'
[WebServer]     at ignore-listed frames {
[WebServer]   errno: -2,
[WebServer]   code: 'ENOENT',
[WebServer]   syscall: 'open',
[WebServer]   path: '/Users/aishwaryashrivastav/Development/port/.next/dev/server/app/admin/login/page/build-manifest.json'
[WebServer] }
[WebServer]  ⨯ Error: ENOENT: no such file or directory, open '/Users/aishwaryashrivastav/Development/port/.next/dev/server/app/admin/login/page/build-manifest.json'
[WebServer]     at ignore-listed frames {
[WebServer]   errno: -2,
[WebServer]   code: 'ENOENT',
[WebServer]   syscall: 'open',
[WebServer]   path: '/Users/aishwaryashrivastav/Development/port/.next/dev/server/app/admin/login/page/build-manifest.json'
[WebServer] }
[WebServer]  ⨯ Error: ENOENT: no such file or directory, open '/Users/aishwaryashrivastav/Development/port/.next/dev/server/app/admin/login/page/build-manifest.json'
[WebServer]     at ignore-listed frames {
[WebServer]   errno: -2,
[WebServer]   code: 'ENOENT',
[WebServer]   syscall: 'open',
[WebServer]   path: '/Users/aishwaryashrivastav/Development/port/.next/dev/server/app/admin/login/page/build-manifest.json'
[WebServer] }
[WebServer]  ⨯ Error: ENOENT: no such file or directory, open '/Users/aishwaryashrivastav/Development/port/.next/dev/server/app/admin/login/page/build-manifest.json'
[WebServer]     at ignore-listed frames {
[WebServer]   errno: -2,
[WebServer]   code: 'ENOENT',
[WebServer]   syscall: 'open',
[WebServer]   path: '/Users/aishwaryashrivastav/Development/port/.next/dev/server/app/admin/login/page/build-manifest.json'
[WebServer] }
[WebServer]  ⨯ Error: ENOENT: no such file or directory, open '/Users/aishwaryashrivastav/Development/port/.next/dev/server/app/admin/login/page/build-manifest.json'
[WebServer]     at ignore-listed frames {
[WebServer]   errno: -2,
[WebServer]   code: 'ENOENT',
[WebServer]   syscall: 'open',
[WebServer]   path: '/Users/aishwaryashrivastav/Development/port/.next/dev/server/app/admin/login/page/build-manifest.json'
[WebServer] }
[WebServer]  ⨯ Error: ENOENT: no such file or directory, open '/Users/aishwaryashrivastav/Development/port/.next/dev/server/app/admin/login/page/build-manifest.json'
[WebServer]     at ignore-listed frames {
[WebServer]   errno: -2,
[WebServer]   code: 'ENOENT',
[WebServer]   syscall: 'open',
[WebServer]   path: '/Users/aishwaryashrivastav/Development/port/.next/dev/server/app/admin/login/page/build-manifest.json'
[WebServer] }
[WebServer]  ⨯ Error: ENOENT: no such file or directory, open '/Users/aishwaryashrivastav/Development/port/.next/dev/server/app/admin/login/page/build-manifest.json'
[WebServer]     at ignore-listed frames {
[WebServer]   errno: -2,
[WebServer]   code: 'ENOENT',
[WebServer]   syscall: 'open',
[WebServer]   path: '/Users/aishwaryashrivastav/Development/port/.next/dev/server/app/admin/login/page/build-manifest.json'
[WebServer] }
[WebServer]  ⨯ Error: ENOENT: no such file or directory, open '/Users/aishwaryashrivastav/Development/port/.next/dev/server/app/admin/login/page/build-manifest.json'
[WebServer]     at ignore-listed frames {
[WebServer]   errno: -2,
[WebServer]   code: 'ENOENT',
[WebServer]   syscall: 'open',
[WebServer]   path: '/Users/aishwaryashrivastav/Development/port/.next/dev/server/app/admin/login/page/build-manifest.json'
[WebServer] }
[WebServer]  ⨯ Error: ENOENT: no such file or directory, open '/Users/aishwaryashrivastav/Development/port/.next/dev/server/app/admin/login/page/build-manifest.json'
[WebServer]     at ignore-listed frames {
[WebServer]   errno: -2,
[WebServer]   code: 'ENOENT',
[WebServer]   syscall: 'open',
[WebServer]   path: '/Users/aishwaryashrivastav/Development/port/.next/dev/server/app/admin/login/page/build-manifest.json'
[WebServer] }
[WebServer]  ⨯ Error: ENOENT: no such file or directory, open '/Users/aishwaryashrivastav/Development/port/.next/dev/server/app/admin/login/page/build-manifest.json'
[WebServer]     at ignore-listed frames {
[WebServer]   errno: -2,
[WebServer]   code: 'ENOENT',
[WebServer]   syscall: 'open',
[WebServer]   path: '/Users/aishwaryashrivastav/Development/port/.next/dev/server/app/admin/login/page/build-manifest.json'
[WebServer] }
[WebServer]  ⨯ Error: ENOENT: no such file or directory, open '/Users/aishwaryashrivastav/Development/port/.next/dev/server/app/admin/login/page/build-manifest.json'
[WebServer]     at ignore-listed frames {
[WebServer]   errno: -2,
[WebServer]   code: 'ENOENT',
[WebServer]   syscall: 'open',
[WebServer]   path: '/Users/aishwaryashrivastav/Development/port/.next/dev/server/app/admin/login/page/build-manifest.json'
[WebServer] }
[WebServer]  ⨯ Error: ENOENT: no such file or directory, open '/Users/aishwaryashrivastav/Development/port/.next/dev/server/app/admin/login/page/build-manifest.json'
[WebServer]     at ignore-listed frames {
[WebServer]   errno: -2,
[WebServer]   code: 'ENOENT',
[WebServer]   syscall: 'open',
[WebServer]   path: '/Users/aishwaryashrivastav/Development/port/.next/dev/server/app/admin/login/page/build-manifest.json'
[WebServer] }
[WebServer]  ⨯ Error: ENOENT: no such file or directory, open '/Users/aishwaryashrivastav/Development/port/.next/dev/server/app/admin/login/page/build-manifest.json'
[WebServer]     at ignore-listed frames {
[WebServer]   errno: -2,
[WebServer]   code: 'ENOENT',
[WebServer]   syscall: 'open',
[WebServer]   path: '/Users/aishwaryashrivastav/Development/port/.next/dev/server/app/admin/login/page/build-manifest.json'
[WebServer] }
[WebServer]  ⨯ Error: ENOENT: no such file or directory, open '/Users/aishwaryashrivastav/Development/port/.next/dev/server/app/admin/login/page/build-manifest.json'
[WebServer]     at ignore-listed frames {
[WebServer]   errno: -2,
[WebServer]   code: 'ENOENT',
[WebServer]   syscall: 'open',
[WebServer]   path: '/Users/aishwaryashrivastav/Development/port/.next/dev/server/app/admin/login/page/build-manifest.json'
[WebServer] }
[WebServer]  ⨯ Error: ENOENT: no such file or directory, open '/Users/aishwaryashrivastav/Development/port/.next/dev/server/app/admin/login/page/build-manifest.json'
[WebServer]     at ignore-listed frames {
[WebServer]   errno: -2,
[WebServer]   code: 'ENOENT',
[WebServer]   syscall: 'open',
[WebServer]   path: '/Users/aishwaryashrivastav/Development/port/.next/dev/server/app/admin/login/page/build-manifest.json'
[WebServer] }
[WebServer]  ⨯ Error: ENOENT: no such file or directory, open '/Users/aishwaryashrivastav/Development/port/.next/dev/server/app/admin/login/page/build-manifest.json'
[WebServer]     at ignore-listed frames {
[WebServer]   errno: -2,
[WebServer]   code: 'ENOENT',
[WebServer]   syscall: 'open',
[WebServer]   path: '/Users/aishwaryashrivastav/Development/port/.next/dev/server/app/admin/login/page/build-manifest.json'
[WebServer] }
[WebServer]  ⨯ Error: ENOENT: no such file or directory, open '/Users/aishwaryashrivastav/Development/port/.next/dev/server/app/admin/login/page/build-manifest.json'
[WebServer]     at ignore-listed frames {
[WebServer]   errno: -2,
[WebServer]   code: 'ENOENT',
[WebServer]   syscall: 'open',
[WebServer]   path: '/Users/aishwaryashrivastav/Development/port/.next/dev/server/app/admin/login/page/build-manifest.json'
[WebServer] }
[WebServer]  ⨯ Error: ENOENT: no such file or directory, open '/Users/aishwaryashrivastav/Development/port/.next/dev/server/app/admin/login/page/build-manifest.json'
[WebServer]     at ignore-listed frames {
[WebServer]   errno: -2,
[WebServer]   code: 'ENOENT',
[WebServer]   syscall: 'open',
[WebServer]   path: '/Users/aishwaryashrivastav/Development/port/.next/dev/server/app/admin/login/page/build-manifest.json'
[WebServer] }
[WebServer]  ⨯ Error: ENOENT: no such file or directory, open '/Users/aishwaryashrivastav/Development/port/.next/dev/server/app/admin/login/page/build-manifest.json'
[WebServer]     at ignore-listed frames {
[WebServer]   errno: -2,
[WebServer]   code: 'ENOENT',
[WebServer]   syscall: 'open',
[WebServer]   path: '/Users/aishwaryashrivastav/Development/port/.next/dev/server/app/admin/login/page/build-manifest.json'
[WebServer] }
[WebServer]  ⨯ Error: ENOENT: no such file or directory, open '/Users/aishwaryashrivastav/Development/port/.next/dev/server/app/admin/login/page/build-manifest.json'
[WebServer]     at ignore-listed frames {
[WebServer]   errno: -2,
[WebServer]   code: 'ENOENT',
[WebServer]   syscall: 'open',
[WebServer]   path: '/Users/aishwaryashrivastav/Development/port/.next/dev/server/app/admin/login/page/build-manifest.json'
[WebServer] }
[WebServer]  ⨯ Error: ENOENT: no such file or directory, open '/Users/aishwaryashrivastav/Development/port/.next/dev/server/app/admin/login/page/build-manifest.json'
[WebServer]     at ignore-listed frames {
[WebServer]   errno: -2,
[WebServer]   code: 'ENOENT',
[WebServer]   syscall: 'open',
[WebServer]   path: '/Users/aishwaryashrivastav/Development/port/.next/dev/server/app/admin/login/page/build-manifest.json'
[WebServer] }
[WebServer]  ⨯ Error: ENOENT: no such file or directory, open '/Users/aishwaryashrivastav/Development/port/.next/dev/server/app/admin/login/page/build-manifest.json'
[WebServer]     at ignore-listed frames {
[WebServer]   errno: -2,
[WebServer]   code: 'ENOENT',
[WebServer]   syscall: 'open',
[WebServer]   path: '/Users/aishwaryashrivastav/Development/port/.next/dev/server/app/admin/login/page/build-manifest.json'
[WebServer] }
[WebServer]  ⨯ Error: ENOENT: no such file or directory, open '/Users/aishwaryashrivastav/Development/port/.next/dev/server/app/admin/login/page/build-manifest.json'
[WebServer]     at ignore-listed frames {
[WebServer]   errno: -2,
[WebServer]   code: 'ENOENT',
[WebServer]   syscall: 'open',
[WebServer]   path: '/Users/aishwaryashrivastav/Development/port/.next/dev/server/app/admin/login/page/build-manifest.json'
[WebServer] }
[WebServer]  ⨯ Error: ENOENT: no such file or directory, open '/Users/aishwaryashrivastav/Development/port/.next/dev/server/app/admin/login/page/build-manifest.json'
[WebServer]     at ignore-listed frames {
[WebServer]   errno: -2,
[WebServer]   code: 'ENOENT',
[WebServer]   syscall: 'open',
[WebServer]   path: '/Users/aishwaryashrivastav/Development/port/.next/dev/server/app/admin/login/page/build-manifest.json'
[WebServer] }
[WebServer]  ⨯ Error: ENOENT: no such file or directory, open '/Users/aishwaryashrivastav/Development/port/.next/dev/server/app/admin/login/page/build-manifest.json'
[WebServer]     at ignore-listed frames {
[WebServer]   errno: -2,
[WebServer]   code: 'ENOENT',
[WebServer]   syscall: 'open',
[WebServer]   path: '/Users/aishwaryashrivastav/Development/port/.next/dev/server/app/admin/login/page/build-manifest.json'
[WebServer] }
[WebServer]  ⨯ Error: ENOENT: no such file or directory, open '/Users/aishwaryashrivastav/Development/port/.next/dev/server/app/admin/login/page/build-manifest.json'
[WebServer]     at ignore-listed frames {
[WebServer]   errno: -2,
[WebServer]   code: 'ENOENT',
[WebServer]   syscall: 'open',
[WebServer]   path: '/Users/aishwaryashrivastav/Development/port/.next/dev/server/app/admin/login/page/build-manifest.json'
[WebServer] }
[WebServer]  ⨯ Error: ENOENT: no such file or directory, open '/Users/aishwaryashrivastav/Development/port/.next/dev/server/app/admin/login/page/build-manifest.json'
[WebServer]     at ignore-listed frames {
[WebServer]   errno: -2,
[WebServer]   code: 'ENOENT',
[WebServer]   syscall: 'open',
[WebServer]   path: '/Users/aishwaryashrivastav/Development/port/.next/dev/server/app/admin/login/page/build-manifest.json'
[WebServer] }
[WebServer]  ⨯ Error: ENOENT: no such file or directory, open '/Users/aishwaryashrivastav/Development/port/.next/dev/server/app/admin/login/page/build-manifest.json'
[WebServer]     at ignore-listed frames {
[WebServer]   errno: -2,
[WebServer]   code: 'ENOENT',
[WebServer]   syscall: 'open',
[WebServer]   path: '/Users/aishwaryashrivastav/Development/port/.next/dev/server/app/admin/login/page/build-manifest.json'
[WebServer] }
[WebServer]  ⨯ Error: ENOENT: no such file or directory, open '/Users/aishwaryashrivastav/Development/port/.next/dev/server/app/admin/login/page/build-manifest.json'
[WebServer]     at ignore-listed frames {
[WebServer]   errno: -2,
[WebServer]   code: 'ENOENT',
[WebServer]   syscall: 'open',
[WebServer]   path: '/Users/aishwaryashrivastav/Development/port/.next/dev/server/app/admin/login/page/build-manifest.json'
[WebServer] }
[WebServer]  ⨯ Error: ENOENT: no such file or directory, open '/Users/aishwaryashrivastav/Development/port/.next/dev/server/app/admin/login/page/build-manifest.json'
[WebServer]     at ignore-listed frames {
[WebServer]   errno: -2,
[WebServer]   code: 'ENOENT',
[WebServer]   syscall: 'open',
[WebServer]   path: '/Users/aishwaryashrivastav/Development/port/.next/dev/server/app/admin/login/page/build-manifest.json'
[WebServer] }
[WebServer]  ⨯ Error: ENOENT: no such file or directory, open '/Users/aishwaryashrivastav/Development/port/.next/dev/server/app/admin/login/page/build-manifest.json'
[WebServer]     at ignore-listed frames {
[WebServer]   errno: -2,
[WebServer]   code: 'ENOENT',
[WebServer]   syscall: 'open',
[WebServer]   path: '/Users/aishwaryashrivastav/Development/port/.next/dev/server/app/admin/login/page/build-manifest.json'
[WebServer] }
[WebServer]  ⨯ Error: ENOENT: no such file or directory, open '/Users/aishwaryashrivastav/Development/port/.next/dev/server/app/admin/login/page/build-manifest.json'
[WebServer]     at ignore-listed frames {
[WebServer]   errno: -2,
[WebServer]   code: 'ENOENT',
[WebServer]   syscall: 'open',
[WebServer]   path: '/Users/aishwaryashrivastav/Development/port/.next/dev/server/app/admin/login/page/build-manifest.json'
[WebServer] }
[WebServer]  ⨯ Error: ENOENT: no such file or directory, open '/Users/aishwaryashrivastav/Development/port/.next/dev/server/app/admin/login/page/build-manifest.json'
[WebServer]     at ignore-listed frames {
[WebServer]   errno: -2,
[WebServer]   code: 'ENOENT',
[WebServer]   syscall: 'open',
[WebServer]   path: '/Users/aishwaryashrivastav/Development/port/.next/dev/server/app/admin/login/page/build-manifest.json'
[WebServer] }
[WebServer]  ⨯ Error: ENOENT: no such file or directory, open '/Users/aishwaryashrivastav/Development/port/.next/dev/server/app/admin/login/page/build-manifest.json'
[WebServer]     at ignore-listed frames {
[WebServer]   errno: -2,
[WebServer]   code: 'ENOENT',
[WebServer]   syscall: 'open',
[WebServer]   path: '/Users/aishwaryashrivastav/Development/port/.next/dev/server/app/admin/login/page/build-manifest.json'
[WebServer] }
[WebServer]  ⨯ Error: ENOENT: no such file or directory, open '/Users/aishwaryashrivastav/Development/port/.next/dev/server/app/admin/login/page/build-manifest.json'
[WebServer]     at ignore-listed frames {
[WebServer]   errno: -2,
[WebServer]   code: 'ENOENT',
[WebServer]   syscall: 'open',
[WebServer]   path: '/Users/aishwaryashrivastav/Development/port/.next/dev/server/app/admin/login/page/build-manifest.json'
[WebServer] }
[WebServer]  ⨯ Error: ENOENT: no such file or directory, open '/Users/aishwaryashrivastav/Development/port/.next/dev/server/app/admin/login/page/build-manifest.json'
[WebServer]     at ignore-listed frames {
[WebServer]   errno: -2,
[WebServer]   code: 'ENOENT',
[WebServer]   syscall: 'open',
[WebServer]   path: '/Users/aishwaryashrivastav/Development/port/.next/dev/server/app/admin/login/page/build-manifest.json'
[WebServer] }
[WebServer]  ⨯ Error: ENOENT: no such file or directory, open '/Users/aishwaryashrivastav/Development/port/.next/dev/server/app/admin/login/page/build-manifest.json'
[WebServer]     at ignore-listed frames {
[WebServer]   errno: -2,
[WebServer]   code: 'ENOENT',
[WebServer]   syscall: 'open',
[WebServer]   path: '/Users/aishwaryashrivastav/Development/port/.next/dev/server/app/admin/login/page/build-manifest.json'
[WebServer] }
[WebServer]  ⨯ Error: ENOENT: no such file or directory, open '/Users/aishwaryashrivastav/Development/port/.next/dev/server/app/admin/login/page/build-manifest.json'
[WebServer]     at ignore-listed frames {
[WebServer]   errno: -2,
[WebServer]   code: 'ENOENT',
[WebServer]   syscall: 'open',
[WebServer]   path: '/Users/aishwaryashrivastav/Development/port/.next/dev/server/app/admin/login/page/build-manifest.json'
[WebServer] }
[WebServer]  ⨯ Error: ENOENT: no such file or directory, open '/Users/aishwaryashrivastav/Development/port/.next/dev/server/app/admin/login/page/build-manifest.json'
[WebServer]     at ignore-listed frames {
[WebServer]   errno: -2,
[WebServer]   code: 'ENOENT',
[WebServer]   syscall: 'open',
[WebServer]   path: '/Users/aishwaryashrivastav/Development/port/.next/dev/server/app/admin/login/page/build-manifest.json'
[WebServer] }
[WebServer]  ⨯ Error: ENOENT: no such file or directory, open '/Users/aishwaryashrivastav/Development/port/.next/dev/server/app/admin/login/page/build-manifest.json'
[WebServer]     at ignore-listed frames {
[WebServer]   errno: -2,
[WebServer]   code: 'ENOENT',
[WebServer]   syscall: 'open',
[WebServer]   path: '/Users/aishwaryashrivastav/Development/port/.next/dev/server/app/admin/login/page/build-manifest.json'
[WebServer] }
[WebServer]  ⨯ Error: ENOENT: no such file or directory, open '/Users/aishwaryashrivastav/Development/port/.next/dev/server/app/admin/login/page/build-manifest.json'
[WebServer]     at ignore-listed frames {
[WebServer]   errno: -2,
[WebServer]   code: 'ENOENT',
[WebServer]   syscall: 'open',
[WebServer]   path: '/Users/aishwaryashrivastav/Development/port/.next/dev/server/app/admin/login/page/build-manifest.json'
[WebServer] }
[WebServer]  ⨯ Error: ENOENT: no such file or directory, open '/Users/aishwaryashrivastav/Development/port/.next/dev/server/app/admin/login/page/build-manifest.json'
[WebServer]     at ignore-listed frames {
[WebServer]   errno: -2,
[WebServer]   code: 'ENOENT',
[WebServer]   syscall: 'open',
[WebServer]   path: '/Users/aishwaryashrivastav/Development/port/.next/dev/server/app/admin/login/page/build-manifest.json'
[WebServer] }
[WebServer]  ⨯ Error: ENOENT: no such file or directory, open '/Users/aishwaryashrivastav/Development/port/.next/dev/server/app/admin/login/page/build-manifest.json'
[WebServer]     at ignore-listed frames {
[WebServer]   errno: -2,
[WebServer]   code: 'ENOENT',
[WebServer]   syscall: 'open',
[WebServer]   path: '/Users/aishwaryashrivastav/Development/port/.next/dev/server/app/admin/login/page/build-manifest.json'
[WebServer] }
[WebServer]  ⨯ Error: ENOENT: no such file or directory, open '/Users/aishwaryashrivastav/Development/port/.next/dev/server/app/admin/login/page/build-manifest.json'
[WebServer]     at ignore-listed frames {
[WebServer]   errno: -2,
[WebServer]   code: 'ENOENT',
[WebServer]   syscall: 'open',
[WebServer]   path: '/Users/aishwaryashrivastav/Development/port/.next/dev/server/app/admin/login/page/build-manifest.json'
[WebServer] }
[WebServer]  ⨯ Error: ENOENT: no such file or directory, open '/Users/aishwaryashrivastav/Development/port/.next/dev/server/app/admin/login/page/build-manifest.json'
[WebServer]     at ignore-listed frames {
[WebServer]   errno: -2,
[WebServer]   code: 'ENOENT',
[WebServer]   syscall: 'open',
[WebServer]   path: '/Users/aishwaryashrivastav/Development/port/.next/dev/server/app/admin/login/page/build-manifest.json'
[WebServer] }
[WebServer]  ⨯ Error: ENOENT: no such file or directory, open '/Users/aishwaryashrivastav/Development/port/.next/dev/server/app/admin/login/page/build-manifest.json'
[WebServer]     at ignore-listed frames {
[WebServer]   errno: -2,
[WebServer]   code: 'ENOENT',
[WebServer]   syscall: 'open',
[WebServer]   path: '/Users/aishwaryashrivastav/Development/port/.next/dev/server/app/admin/login/page/build-manifest.json'
[WebServer] }
[WebServer]  ⨯ Error: ENOENT: no such file or directory, open '/Users/aishwaryashrivastav/Development/port/.next/dev/server/app/admin/login/page/build-manifest.json'
[WebServer]     at ignore-listed frames {
[WebServer]   errno: -2,
[WebServer]   code: 'ENOENT',
[WebServer]   syscall: 'open',
[WebServer]   path: '/Users/aishwaryashrivastav/Development/port/.next/dev/server/app/admin/login/page/build-manifest.json'
[WebServer] }
[WebServer]  ⨯ Error: ENOENT: no such file or directory, open '/Users/aishwaryashrivastav/Development/port/.next/dev/server/app/admin/login/page/build-manifest.json'
[WebServer]     at ignore-listed frames {
[WebServer]   errno: -2,
[WebServer]   code: 'ENOENT',
[WebServer]   syscall: 'open',
[WebServer]   path: '/Users/aishwaryashrivastav/Development/port/.next/dev/server/app/admin/login/page/build-manifest.json'
[WebServer] }
[WebServer]  ⨯ Error: ENOENT: no such file or directory, open '/Users/aishwaryashrivastav/Development/port/.next/dev/server/app/admin/login/page/build-manifest.json'
[WebServer]     at ignore-listed frames {
[WebServer]   errno: -2,
[WebServer]   code: 'ENOENT',
[WebServer]   syscall: 'open',
[WebServer]   path: '/Users/aishwaryashrivastav/Development/port/.next/dev/server/app/admin/login/page/build-manifest.json'
[WebServer] }
[WebServer]  ⨯ Error: ENOENT: no such file or directory, open '/Users/aishwaryashrivastav/Development/port/.next/dev/server/app/admin/login/page/build-manifest.json'
[WebServer]     at ignore-listed frames {
[WebServer]   errno: -2,
[WebServer]   code: 'ENOENT',
[WebServer]   syscall: 'open',
[WebServer]   path: '/Users/aishwaryashrivastav/Development/port/.next/dev/server/app/admin/login/page/build-manifest.json'
[WebServer] }
[WebServer]  ⨯ Error: ENOENT: no such file or directory, open '/Users/aishwaryashrivastav/Development/port/.next/dev/server/app/admin/login/page/build-manifest.json'
[WebServer]     at ignore-listed frames {
[WebServer]   errno: -2,
[WebServer]   code: 'ENOENT',
[WebServer]   syscall: 'open',
[WebServer]   path: '/Users/aishwaryashrivastav/Development/port/.next/dev/server/app/admin/login/page/build-manifest.json'
[WebServer] }
[WebServer]  ⨯ Error: ENOENT: no such file or directory, open '/Users/aishwaryashrivastav/Development/port/.next/dev/server/app/admin/login/page/build-manifest.json'
[WebServer]     at ignore-listed frames {
[WebServer]   errno: -2,
[WebServer]   code: 'ENOENT',
[WebServer]   syscall: 'open',
[WebServer]   path: '/Users/aishwaryashrivastav/Development/port/.next/dev/server/app/admin/login/page/build-manifest.json'
[WebServer] }
[WebServer]  ⨯ Error: ENOENT: no such file or directory, open '/Users/aishwaryashrivastav/Development/port/.next/dev/server/app/admin/login/page/build-manifest.json'
[WebServer]     at ignore-listed frames {
[WebServer]   errno: -2,
[WebServer]   code: 'ENOENT',
[WebServer]   syscall: 'open',
[WebServer]   path: '/Users/aishwaryashrivastav/Development/port/.next/dev/server/app/admin/login/page/build-manifest.json'
[WebServer] }
[WebServer]  ⨯ Error: ENOENT: no such file or directory, open '/Users/aishwaryashrivastav/Development/port/.next/dev/server/app/admin/login/page/build-manifest.json'
[WebServer]     at ignore-listed frames {
[WebServer]   errno: -2,
[WebServer]   code: 'ENOENT',
[WebServer]   syscall: 'open',
[WebServer]   path: '/Users/aishwaryashrivastav/Development/port/.next/dev/server/app/admin/login/page/build-manifest.json'
[WebServer] }
[WebServer]  ⨯ Error: ENOENT: no such file or directory, open '/Users/aishwaryashrivastav/Development/port/.next/dev/server/app/admin/login/page/build-manifest.json'
[WebServer]     at ignore-listed frames {
[WebServer]   errno: -2,
[WebServer]   code: 'ENOENT',
[WebServer]   syscall: 'open',
[WebServer]   path: '/Users/aishwaryashrivastav/Development/port/.next/dev/server/app/admin/login/page/build-manifest.json'
[WebServer] }
[WebServer]  ⨯ Error: ENOENT: no such file or directory, open '/Users/aishwaryashrivastav/Development/port/.next/dev/server/app/admin/login/page/build-manifest.json'
[WebServer]     at ignore-listed frames {
[WebServer]   errno: -2,
[WebServer]   code: 'ENOENT',
[WebServer]   syscall: 'open',
[WebServer]   path: '/Users/aishwaryashrivastav/Development/port/.next/dev/server/app/admin/login/page/build-manifest.json'
[WebServer] }
[WebServer]  ⨯ Error: ENOENT: no such file or directory, open '/Users/aishwaryashrivastav/Development/port/.next/dev/server/app/admin/login/page/build-manifest.json'
[WebServer]     at ignore-listed frames {
[WebServer]   errno: -2,
[WebServer]   code: 'ENOENT',
[WebServer]   syscall: 'open',
[WebServer]   path: '/Users/aishwaryashrivastav/Development/port/.next/dev/server/app/admin/login/page/build-manifest.json'
[WebServer] }
[WebServer]  ⨯ Error: ENOENT: no such file or directory, open '/Users/aishwaryashrivastav/Development/port/.next/dev/server/app/admin/login/page/build-manifest.json'
[WebServer]     at ignore-listed frames {
[WebServer]   errno: -2,
[WebServer]   code: 'ENOENT',
[WebServer]   syscall: 'open',
[WebServer]   path: '/Users/aishwaryashrivastav/Development/port/.next/dev/server/app/admin/login/page/build-manifest.json'
[WebServer] }
[WebServer]  ⨯ Error: ENOENT: no such file or directory, open '/Users/aishwaryashrivastav/Development/port/.next/dev/server/app/admin/login/page/build-manifest.json'
[WebServer]     at ignore-listed frames {
[WebServer]   errno: -2,
[WebServer]   code: 'ENOENT',
[WebServer]   syscall: 'open',
[WebServer]   path: '/Users/aishwaryashrivastav/Development/port/.next/dev/server/app/admin/login/page/build-manifest.json'
[WebServer] }
[WebServer]  ⨯ Error: ENOENT: no such file or directory, open '/Users/aishwaryashrivastav/Development/port/.next/dev/server/app/admin/login/page/build-manifest.json'
[WebServer]     at ignore-listed frames {
[WebServer]   errno: -2,
[WebServer]   code: 'ENOENT',
[WebServer]   syscall: 'open',
[WebServer]   path: '/Users/aishwaryashrivastav/Development/port/.next/dev/server/app/admin/login/page/build-manifest.json'
[WebServer] }
[WebServer]  ⨯ Error: ENOENT: no such file or directory, open '/Users/aishwaryashrivastav/Development/port/.next/dev/server/app/admin/login/page/build-manifest.json'
[WebServer]     at ignore-listed frames {
[WebServer]   errno: -2,
[WebServer]   code: 'ENOENT',
[WebServer]   syscall: 'open',
[WebServer]   path: '/Users/aishwaryashrivastav/Development/port/.next/dev/server/app/admin/login/page/build-manifest.json'
[WebServer] }
[WebServer]  ⨯ Error: ENOENT: no such file or directory, open '/Users/aishwaryashrivastav/Development/port/.next/dev/server/app/admin/login/page/build-manifest.json'
[WebServer]     at ignore-listed frames {
[WebServer]   errno: -2,
[WebServer]   code: 'ENOENT',
[WebServer]   syscall: 'open',
[WebServer]   path: '/Users/aishwaryashrivastav/Development/port/.next/dev/server/app/admin/login/page/build-manifest.json'
[WebServer] }
[WebServer]  ⨯ Error: ENOENT: no such file or directory, open '/Users/aishwaryashrivastav/Development/port/.next/dev/server/app/admin/login/page/build-manifest.json'
[WebServer]     at ignore-listed frames {
[WebServer]   errno: -2,
[WebServer]   code: 'ENOENT',
[WebServer]   syscall: 'open',
[WebServer]   path: '/Users/aishwaryashrivastav/Development/port/.next/dev/server/app/admin/login/page/build-manifest.json'
[WebServer] }
[WebServer]  ⨯ Error: ENOENT: no such file or directory, open '/Users/aishwaryashrivastav/Development/port/.next/dev/server/app/admin/login/page/build-manifest.json'
[WebServer]     at ignore-listed frames {
[WebServer]   errno: -2,
[WebServer]   code: 'ENOENT',
[WebServer]   syscall: 'open',
[WebServer]   path: '/Users/aishwaryashrivastav/Development/port/.next/dev/server/app/admin/login/page/build-manifest.json'
[WebServer] }
[WebServer]  ⨯ Error: ENOENT: no such file or directory, open '/Users/aishwaryashrivastav/Development/port/.next/dev/server/app/admin/login/page/build-manifest.json'
[WebServer]     at ignore-listed frames {
[WebServer]   errno: -2,
[WebServer]   code: 'ENOENT',
[WebServer]   syscall: 'open',
[WebServer]   path: '/Users/aishwaryashrivastav/Development/port/.next/dev/server/app/admin/login/page/build-manifest.json'
[WebServer] }
[WebServer]  ⨯ Error: ENOENT: no such file or directory, open '/Users/aishwaryashrivastav/Development/port/.next/dev/server/app/admin/login/page/build-manifest.json'
[WebServer]     at ignore-listed frames {
[WebServer]   errno: -2,
[WebServer]   code: 'ENOENT',
[WebServer]   syscall: 'open',
[WebServer]   path: '/Users/aishwaryashrivastav/Development/port/.next/dev/server/app/admin/login/page/build-manifest.json'
[WebServer] }
[WebServer]  ⨯ Error: ENOENT: no such file or directory, open '/Users/aishwaryashrivastav/Development/port/.next/dev/server/app/admin/login/page/build-manifest.json'
[WebServer]     at ignore-listed frames {
[WebServer]   errno: -2,
[WebServer]   code: 'ENOENT',
[WebServer]   syscall: 'open',
[WebServer]   path: '/Users/aishwaryashrivastav/Development/port/.next/dev/server/app/admin/login/page/build-manifest.json'
[WebServer] }
[WebServer]  ⨯ Error: ENOENT: no such file or directory, open '/Users/aishwaryashrivastav/Development/port/.next/dev/server/app/admin/login/page/build-manifest.json'
[WebServer]     at ignore-listed frames {
[WebServer]   errno: -2,
[WebServer]   code: 'ENOENT',
[WebServer]   syscall: 'open',
[WebServer]   path: '/Users/aishwaryashrivastav/Development/port/.next/dev/server/app/admin/login/page/build-manifest.json'
[WebServer] }
[WebServer]  ⨯ Error: ENOENT: no such file or directory, open '/Users/aishwaryashrivastav/Development/port/.next/dev/server/app/admin/login/page/build-manifest.json'
[WebServer]     at ignore-listed frames {
[WebServer]   errno: -2,
[WebServer]   code: 'ENOENT',
[WebServer]   syscall: 'open',
[WebServer]   path: '/Users/aishwaryashrivastav/Development/port/.next/dev/server/app/admin/login/page/build-manifest.json'
[WebServer] }
[WebServer]  ⨯ Error: ENOENT: no such file or directory, open '/Users/aishwaryashrivastav/Development/port/.next/dev/server/app/admin/login/page/build-manifest.json'
[WebServer]     at ignore-listed frames {
[WebServer]   errno: -2,
[WebServer]   code: 'ENOENT',
[WebServer]   syscall: 'open',
[WebServer]   path: '/Users/aishwaryashrivastav/Development/port/.next/dev/server/app/admin/login/page/build-manifest.json'
[WebServer] }
[WebServer]  ⨯ Error: ENOENT: no such file or directory, open '/Users/aishwaryashrivastav/Development/port/.next/dev/server/app/admin/login/page/build-manifest.json'
[WebServer]     at ignore-listed frames {
[WebServer]   errno: -2,
[WebServer]   code: 'ENOENT',
[WebServer]   syscall: 'open',
[WebServer]   path: '/Users/aishwaryashrivastav/Development/port/.next/dev/server/app/admin/login/page/build-manifest.json'
[WebServer] }
[WebServer]  ⨯ Error: ENOENT: no such file or directory, open '/Users/aishwaryashrivastav/Development/port/.next/dev/server/app/admin/login/page/build-manifest.json'
[WebServer]     at ignore-listed frames {
[WebServer]   errno: -2,
[WebServer]   code: 'ENOENT',
[WebServer]   syscall: 'open',
[WebServer]   path: '/Users/aishwaryashrivastav/Development/port/.next/dev/server/app/admin/login/page/build-manifest.json'
[WebServer] }
[WebServer]  ⨯ Error: ENOENT: no such file or directory, open '/Users/aishwaryashrivastav/Development/port/.next/dev/server/app/admin/login/page/build-manifest.json'
[WebServer]     at ignore-listed frames {
[WebServer]   errno: -2,
[WebServer]   code: 'ENOENT',
[WebServer]   syscall: 'open',
[WebServer]   path: '/Users/aishwaryashrivastav/Development/port/.next/dev/server/app/admin/login/page/build-manifest.json'
[WebServer] }
[WebServer]  ⨯ Error: ENOENT: no such file or directory, open '/Users/aishwaryashrivastav/Development/port/.next/dev/server/app/admin/login/page/build-manifest.json'
[WebServer]     at ignore-listed frames {
[WebServer]   errno: -2,
[WebServer]   code: 'ENOENT',
[WebServer]   syscall: 'open',
[WebServer]   path: '/Users/aishwaryashrivastav/Development/port/.next/dev/server/app/admin/login/page/build-manifest.json'
[WebServer] }
[WebServer]  ⨯ Error: ENOENT: no such file or directory, open '/Users/aishwaryashrivastav/Development/port/.next/dev/server/app/admin/login/page/build-manifest.json'
[WebServer]     at ignore-listed frames {
[WebServer]   errno: -2,
[WebServer]   code: 'ENOENT',
[WebServer]   syscall: 'open',
[WebServer]   path: '/Users/aishwaryashrivastav/Development/port/.next/dev/server/app/admin/login/page/build-manifest.json'
[WebServer] }
[WebServer]  ⨯ Error: ENOENT: no such file or directory, open '/Users/aishwaryashrivastav/Development/port/.next/dev/server/app/admin/login/page/build-manifest.json'
[WebServer]     at ignore-listed frames {
[WebServer]   errno: -2,
[WebServer]   code: 'ENOENT',
[WebServer]   syscall: 'open',
[WebServer]   path: '/Users/aishwaryashrivastav/Development/port/.next/dev/server/app/admin/login/page/build-manifest.json'
[WebServer] }
[WebServer]  ⨯ Error: ENOENT: no such file or directory, open '/Users/aishwaryashrivastav/Development/port/.next/dev/server/app/admin/login/page/build-manifest.json'
[WebServer]     at ignore-listed frames {
[WebServer]   errno: -2,
[WebServer]   code: 'ENOENT',
[WebServer]   syscall: 'open',
[WebServer]   path: '/Users/aishwaryashrivastav/Development/port/.next/dev/server/app/admin/login/page/build-manifest.json'
[WebServer] }
[WebServer]  ⨯ Error: ENOENT: no such file or directory, open '/Users/aishwaryashrivastav/Development/port/.next/dev/server/app/admin/login/page/build-manifest.json'
[WebServer]     at ignore-listed frames {
[WebServer]   errno: -2,
[WebServer]   code: 'ENOENT',
[WebServer]   syscall: 'open',
[WebServer]   path: '/Users/aishwaryashrivastav/Development/port/.next/dev/server/app/admin/login/page/build-manifest.json'
[WebServer] }
[WebServer]  ⨯ Error: ENOENT: no such file or directory, open '/Users/aishwaryashrivastav/Development/port/.next/dev/server/app/admin/login/page/build-manifest.json'
[WebServer]     at ignore-listed frames {
[WebServer]   errno: -2,
[WebServer]   code: 'ENOENT',
[WebServer]   syscall: 'open',
[WebServer]   path: '/Users/aishwaryashrivastav/Development/port/.next/dev/server/app/admin/login/page/build-manifest.json'
[WebServer] }
[WebServer]  ⨯ Error: ENOENT: no such file or directory, open '/Users/aishwaryashrivastav/Development/port/.next/dev/server/app/admin/login/page/build-manifest.json'
[WebServer]     at ignore-listed frames {
[WebServer]   errno: -2,
[WebServer]   code: 'ENOENT',
[WebServer]   syscall: 'open',
[WebServer]   path: '/Users/aishwaryashrivastav/Development/port/.next/dev/server/app/admin/login/page/build-manifest.json'
[WebServer] }
[WebServer]  ⨯ Error: ENOENT: no such file or directory, open '/Users/aishwaryashrivastav/Development/port/.next/dev/server/app/admin/login/page/build-manifest.json'
[WebServer]     at ignore-listed frames {
[WebServer]   errno: -2,
[WebServer]   code: 'ENOENT',
[WebServer]   syscall: 'open',
[WebServer]   path: '/Users/aishwaryashrivastav/Development/port/.next/dev/server/app/admin/login/page/build-manifest.json'
[WebServer] }
[WebServer]  ⨯ Error: ENOENT: no such file or directory, open '/Users/aishwaryashrivastav/Development/port/.next/dev/server/app/admin/login/page/build-manifest.json'
[WebServer]     at ignore-listed frames {
[WebServer]   errno: -2,
[WebServer]   code: 'ENOENT',
[WebServer]   syscall: 'open',
[WebServer]   path: '/Users/aishwaryashrivastav/Development/port/.next/dev/server/app/admin/login/page/build-manifest.json'
[WebServer] }
[WebServer]  ⨯ Error: ENOENT: no such file or directory, open '/Users/aishwaryashrivastav/Development/port/.next/dev/server/app/admin/login/page/build-manifest.json'
[WebServer]     at ignore-listed frames {
[WebServer]   errno: -2,
[WebServer]   code: 'ENOENT',
[WebServer]   syscall: 'open',
[WebServer]   path: '/Users/aishwaryashrivastav/Development/port/.next/dev/server/app/admin/login/page/build-manifest.json'
[WebServer] }
[WebServer]  ⨯ Error: ENOENT: no such file or directory, open '/Users/aishwaryashrivastav/Development/port/.next/dev/server/app/admin/login/page/build-manifest.json'
[WebServer]     at ignore-listed frames {
[WebServer]   errno: -2,
[WebServer]   code: 'ENOENT',
[WebServer]   syscall: 'open',
[WebServer]   path: '/Users/aishwaryashrivastav/Development/port/.next/dev/server/app/admin/login/page/build-manifest.json'
[WebServer] }
[WebServer]  ⨯ Error: ENOENT: no such file or directory, open '/Users/aishwaryashrivastav/Development/port/.next/dev/server/app/admin/login/page/build-manifest.json'
[WebServer]     at ignore-listed frames {
[WebServer]   errno: -2,
[WebServer]   code: 'ENOENT',
[WebServer]   syscall: 'open',
[WebServer]   path: '/Users/aishwaryashrivastav/Development/port/.next/dev/server/app/admin/login/page/build-manifest.json'
[WebServer] }
[WebServer]  ⨯ Error: ENOENT: no such file or directory, open '/Users/aishwaryashrivastav/Development/port/.next/dev/server/app/admin/login/page/build-manifest.json'
[WebServer]     at ignore-listed frames {
[WebServer]   errno: -2,
[WebServer]   code: 'ENOENT',
[WebServer]   syscall: 'open',
[WebServer]   path: '/Users/aishwaryashrivastav/Development/port/.next/dev/server/app/admin/login/page/build-manifest.json'
[WebServer] }
[WebServer]  ⨯ Error: ENOENT: no such file or directory, open '/Users/aishwaryashrivastav/Development/port/.next/dev/server/app/admin/login/page/build-manifest.json'
[WebServer]     at ignore-listed frames {
[WebServer]   errno: -2,
[WebServer]   code: 'ENOENT',
[WebServer]   syscall: 'open',
[WebServer]   path: '/Users/aishwaryashrivastav/Development/port/.next/dev/server/app/admin/login/page/build-manifest.json'
[WebServer] }
[WebServer]  ⨯ Error: ENOENT: no such file or directory, open '/Users/aishwaryashrivastav/Development/port/.next/dev/server/app/admin/login/page/build-manifest.json'
[WebServer]     at ignore-listed frames {
[WebServer]   errno: -2,
[WebServer]   code: 'ENOENT',
[WebServer]   syscall: 'open',
[WebServer]   path: '/Users/aishwaryashrivastav/Development/port/.next/dev/server/app/admin/login/page/build-manifest.json'
[WebServer] }
[WebServer]  ⨯ Error: ENOENT: no such file or directory, open '/Users/aishwaryashrivastav/Development/port/.next/dev/server/app/admin/login/page/build-manifest.json'
[WebServer]     at ignore-listed frames {
[WebServer]   errno: -2,
[WebServer]   code: 'ENOENT',
[WebServer]   syscall: 'open',
[WebServer]   path: '/Users/aishwaryashrivastav/Development/port/.next/dev/server/app/admin/login/page/build-manifest.json'
[WebServer] }
[WebServer]  ⨯ Error: ENOENT: no such file or directory, open '/Users/aishwaryashrivastav/Development/port/.next/dev/server/app/admin/login/page/build-manifest.json'
[WebServer]     at ignore-listed frames {
[WebServer]   errno: -2,
[WebServer]   code: 'ENOENT',
[WebServer]   syscall: 'open',
[WebServer]   path: '/Users/aishwaryashrivastav/Development/port/.next/dev/server/app/admin/login/page/build-manifest.json'
[WebServer] }
[WebServer]  ⨯ Error: ENOENT: no such file or directory, open '/Users/aishwaryashrivastav/Development/port/.next/dev/server/app/admin/login/page/build-manifest.json'
[WebServer]     at ignore-listed frames {
[WebServer]   errno: -2,
[WebServer]   code: 'ENOENT',
[WebServer]   syscall: 'open',
[WebServer]   path: '/Users/aishwaryashrivastav/Development/port/.next/dev/server/app/admin/login/page/build-manifest.json'
[WebServer] }
[WebServer]  ⨯ Error: ENOENT: no such file or directory, open '/Users/aishwaryashrivastav/Development/port/.next/dev/server/app/admin/login/page/build-manifest.json'
[WebServer]     at ignore-listed frames {
[WebServer]   errno: -2,
[WebServer]   code: 'ENOENT',
[WebServer]   syscall: 'open',
[WebServer]   path: '/Users/aishwaryashrivastav/Development/port/.next/dev/server/app/admin/login/page/build-manifest.json'
[WebServer] }
[WebServer]  ⨯ Error: ENOENT: no such file or directory, open '/Users/aishwaryashrivastav/Development/port/.next/dev/server/app/admin/login/page/build-manifest.json'
[WebServer]     at ignore-listed frames {
[WebServer]   errno: -2,
[WebServer]   code: 'ENOENT',
[WebServer]   syscall: 'open',
[WebServer]   path: '/Users/aishwaryashrivastav/Development/port/.next/dev/server/app/admin/login/page/build-manifest.json'
[WebServer] }
[WebServer]  ⨯ Error: ENOENT: no such file or directory, open '/Users/aishwaryashrivastav/Development/port/.next/dev/server/app/admin/login/page/build-manifest.json'
[WebServer]     at ignore-listed frames {
[WebServer]   errno: -2,
[WebServer]   code: 'ENOENT',
[WebServer]   syscall: 'open',
[WebServer]   path: '/Users/aishwaryashrivastav/Development/port/.next/dev/server/app/admin/login/page/build-manifest.json'
[WebServer] }
[WebServer]  ⨯ Error: ENOENT: no such file or directory, open '/Users/aishwaryashrivastav/Development/port/.next/dev/server/app/admin/login/page/build-manifest.json'
[WebServer]     at ignore-listed frames {
[WebServer]   errno: -2,
[WebServer]   code: 'ENOENT',
[WebServer]   syscall: 'open',
[WebServer]   path: '/Users/aishwaryashrivastav/Development/port/.next/dev/server/app/admin/login/page/build-manifest.json'
[WebServer] }
[WebServer]  ⨯ Error: ENOENT: no such file or directory, open '/Users/aishwaryashrivastav/Development/port/.next/dev/server/app/admin/login/page/build-manifest.json'
[WebServer]     at ignore-listed frames {
[WebServer]   errno: -2,
[WebServer]   code: 'ENOENT',
[WebServer]   syscall: 'open',
[WebServer]   path: '/Users/aishwaryashrivastav/Development/port/.next/dev/server/app/admin/login/page/build-manifest.json'
[WebServer] }
[WebServer]  ⨯ Error: ENOENT: no such file or directory, open '/Users/aishwaryashrivastav/Development/port/.next/dev/server/app/admin/login/page/build-manifest.json'
[WebServer]     at ignore-listed frames {
[WebServer]   errno: -2,
[WebServer]   code: 'ENOENT',
[WebServer]   syscall: 'open',
[WebServer]   path: '/Users/aishwaryashrivastav/Development/port/.next/dev/server/app/admin/login/page/build-manifest.json'
[WebServer] }
[WebServer]  ⨯ Error: ENOENT: no such file or directory, open '/Users/aishwaryashrivastav/Development/port/.next/dev/server/app/admin/login/page/build-manifest.json'
[WebServer]     at ignore-listed frames {
[WebServer]   errno: -2,
[WebServer]   code: 'ENOENT',
[WebServer]   syscall: 'open',
[WebServer]   path: '/Users/aishwaryashrivastav/Development/port/.next/dev/server/app/admin/login/page/build-manifest.json'
[WebServer] }
[WebServer]  ⨯ Error: ENOENT: no such file or directory, open '/Users/aishwaryashrivastav/Development/port/.next/dev/server/app/admin/login/page/build-manifest.json'
[WebServer]     at ignore-listed frames {
[WebServer]   errno: -2,
[WebServer]   code: 'ENOENT',
[WebServer]   syscall: 'open',
[WebServer]   path: '/Users/aishwaryashrivastav/Development/port/.next/dev/server/app/admin/login/page/build-manifest.json'
[WebServer] }
[WebServer]  ⨯ Error: ENOENT: no such file or directory, open '/Users/aishwaryashrivastav/Development/port/.next/dev/server/app/admin/login/page/build-manifest.json'
[WebServer]     at ignore-listed frames {
[WebServer]   errno: -2,
[WebServer]   code: 'ENOENT',
[WebServer]   syscall: 'open',
[WebServer]   path: '/Users/aishwaryashrivastav/Development/port/.next/dev/server/app/admin/login/page/build-manifest.json'
[WebServer] }
[WebServer]  ⨯ Error: ENOENT: no such file or directory, open '/Users/aishwaryashrivastav/Development/port/.next/dev/server/app/admin/login/page/build-manifest.json'
[WebServer]     at ignore-listed frames {
[WebServer]   errno: -2,
[WebServer]   code: 'ENOENT',
[WebServer]   syscall: 'open',
[WebServer]   path: '/Users/aishwaryashrivastav/Development/port/.next/dev/server/app/admin/login/page/build-manifest.json'
[WebServer] }
[WebServer]  ⨯ Error: ENOENT: no such file or directory, open '/Users/aishwaryashrivastav/Development/port/.next/dev/server/app/admin/login/page/build-manifest.json'
[WebServer]     at ignore-listed frames {
[WebServer]   errno: -2,
[WebServer]   code: 'ENOENT',
[WebServer]   syscall: 'open',
[WebServer]   path: '/Users/aishwaryashrivastav/Development/port/.next/dev/server/app/admin/login/page/build-manifest.json'
[WebServer] }
[WebServer]  ⨯ Error: ENOENT: no such file or directory, open '/Users/aishwaryashrivastav/Development/port/.next/dev/server/app/admin/login/page/build-manifest.json'
[WebServer]     at ignore-listed frames {
[WebServer]   errno: -2,
[WebServer]   code: 'ENOENT',
[WebServer]   syscall: 'open',
[WebServer]   path: '/Users/aishwaryashrivastav/Development/port/.next/dev/server/app/admin/login/page/build-manifest.json'
[WebServer] }
[WebServer]  ⨯ Error: ENOENT: no such file or directory, open '/Users/aishwaryashrivastav/Development/port/.next/dev/server/app/admin/login/page/build-manifest.json'
[WebServer]     at ignore-listed frames {
[WebServer]   errno: -2,
[WebServer]   code: 'ENOENT',
[WebServer]   syscall: 'open',
[WebServer]   path: '/Users/aishwaryashrivastav/Development/port/.next/dev/server/app/admin/login/page/build-manifest.json'
[WebServer] }
[WebServer]  ⨯ Error: ENOENT: no such file or directory, open '/Users/aishwaryashrivastav/Development/port/.next/dev/server/app/admin/login/page/build-manifest.json'
[WebServer]     at ignore-listed frames {
[WebServer]   errno: -2,
[WebServer]   code: 'ENOENT',
[WebServer]   syscall: 'open',
[WebServer]   path: '/Users/aishwaryashrivastav/Development/port/.next/dev/server/app/admin/login/page/build-manifest.json'
[WebServer] }
[WebServer]  ⨯ Error: ENOENT: no such file or directory, open '/Users/aishwaryashrivastav/Development/port/.next/dev/server/app/admin/login/page/build-manifest.json'
[WebServer]     at ignore-listed frames {
[WebServer]   errno: -2,
[WebServer]   code: 'ENOENT',
[WebServer]   syscall: 'open',
[WebServer]   path: '/Users/aishwaryashrivastav/Development/port/.next/dev/server/app/admin/login/page/build-manifest.json'
[WebServer] }
[WebServer]  ⨯ Error: ENOENT: no such file or directory, open '/Users/aishwaryashrivastav/Development/port/.next/dev/server/app/admin/login/page/build-manifest.json'
[WebServer]     at ignore-listed frames {
[WebServer]   errno: -2,
[WebServer]   code: 'ENOENT',
[WebServer]   syscall: 'open',
[WebServer]   path: '/Users/aishwaryashrivastav/Development/port/.next/dev/server/app/admin/login/page/build-manifest.json'
[WebServer] }
[WebServer]  ⨯ Error: ENOENT: no such file or directory, open '/Users/aishwaryashrivastav/Development/port/.next/dev/server/app/admin/login/page/build-manifest.json'
[WebServer]     at ignore-listed frames {
[WebServer]   errno: -2,
[WebServer]   code: 'ENOENT',
[WebServer]   syscall: 'open',
[WebServer]   path: '/Users/aishwaryashrivastav/Development/port/.next/dev/server/app/admin/login/page/build-manifest.json'
[WebServer] }
[WebServer]  ⨯ Error: ENOENT: no such file or directory, open '/Users/aishwaryashrivastav/Development/port/.next/dev/server/app/admin/login/page/build-manifest.json'
[WebServer]     at ignore-listed frames {
[WebServer]   errno: -2,
[WebServer]   code: 'ENOENT',
[WebServer]   syscall: 'open',
[WebServer]   path: '/Users/aishwaryashrivastav/Development/port/.next/dev/server/app/admin/login/page/build-manifest.json'
[WebServer] }
[WebServer]  ⨯ Error: ENOENT: no such file or directory, open '/Users/aishwaryashrivastav/Development/port/.next/dev/server/app/admin/login/page/build-manifest.json'
[WebServer]     at ignore-listed frames {
[WebServer]   errno: -2,
[WebServer]   code: 'ENOENT',
[WebServer]   syscall: 'open',
[WebServer]   path: '/Users/aishwaryashrivastav/Development/port/.next/dev/server/app/admin/login/page/build-manifest.json'
[WebServer] }
[WebServer]  ⨯ Error: ENOENT: no such file or directory, open '/Users/aishwaryashrivastav/Development/port/.next/dev/server/app/admin/login/page/build-manifest.json'
[WebServer]     at ignore-listed frames {
[WebServer]   errno: -2,
[WebServer]   code: 'ENOENT',
[WebServer]   syscall: 'open',
[WebServer]   path: '/Users/aishwaryashrivastav/Development/port/.next/dev/server/app/admin/login/page/build-manifest.json'
[WebServer] }
[WebServer]  ⨯ Error: ENOENT: no such file or directory, open '/Users/aishwaryashrivastav/Development/port/.next/dev/server/app/admin/login/page/build-manifest.json'
[WebServer]     at ignore-listed frames {
[WebServer]   errno: -2,
[WebServer]   code: 'ENOENT',
[WebServer]   syscall: 'open',
[WebServer]   path: '/Users/aishwaryashrivastav/Development/port/.next/dev/server/app/admin/login/page/build-manifest.json'
[WebServer] }
[WebServer]  ⨯ Error: ENOENT: no such file or directory, open '/Users/aishwaryashrivastav/Development/port/.next/dev/server/app/admin/login/page/build-manifest.json'
[WebServer]     at ignore-listed frames {
[WebServer]   errno: -2,
[WebServer]   code: 'ENOENT',
[WebServer]   syscall: 'open',
[WebServer]   path: '/Users/aishwaryashrivastav/Development/port/.next/dev/server/app/admin/login/page/build-manifest.json'
[WebServer] }
[WebServer]  ⨯ Error: ENOENT: no such file or directory, open '/Users/aishwaryashrivastav/Development/port/.next/dev/server/app/admin/login/page/build-manifest.json'
[WebServer]     at ignore-listed frames {
[WebServer]   errno: -2,
[WebServer]   code: 'ENOENT',
[WebServer]   syscall: 'open',
[WebServer]   path: '/Users/aishwaryashrivastav/Development/port/.next/dev/server/app/admin/login/page/build-manifest.json'
[WebServer] }
[WebServer]  ⨯ Error: ENOENT: no such file or directory, open '/Users/aishwaryashrivastav/Development/port/.next/dev/server/app/admin/login/page/build-manifest.json'
[WebServer]     at ignore-listed frames {
[WebServer]   errno: -2,
[WebServer]   code: 'ENOENT',
[WebServer]   syscall: 'open',
[WebServer]   path: '/Users/aishwaryashrivastav/Development/port/.next/dev/server/app/admin/login/page/build-manifest.json'
[WebServer] }
[WebServer]  ⨯ Error: ENOENT: no such file or directory, open '/Users/aishwaryashrivastav/Development/port/.next/dev/server/app/admin/login/page/build-manifest.json'
[WebServer]     at ignore-listed frames {
[WebServer]   errno: -2,
[WebServer]   code: 'ENOENT',
[WebServer]   syscall: 'open',
[WebServer]   path: '/Users/aishwaryashrivastav/Development/port/.next/dev/server/app/admin/login/page/build-manifest.json'
[WebServer] }
[WebServer]  ⨯ Error: ENOENT: no such file or directory, open '/Users/aishwaryashrivastav/Development/port/.next/dev/server/app/admin/login/page/build-manifest.json'
[WebServer]     at ignore-listed frames {
[WebServer]   errno: -2,
[WebServer]   code: 'ENOENT',
[WebServer]   syscall: 'open',
[WebServer]   path: '/Users/aishwaryashrivastav/Development/port/.next/dev/server/app/admin/login/page/build-manifest.json'
[WebServer] }
[WebServer]  ⨯ Error: ENOENT: no such file or directory, open '/Users/aishwaryashrivastav/Development/port/.next/dev/server/app/admin/login/page/build-manifest.json'
[WebServer]     at ignore-listed frames {
[WebServer]   errno: -2,
[WebServer]   code: 'ENOENT',
[WebServer]   syscall: 'open',
[WebServer]   path: '/Users/aishwaryashrivastav/Development/port/.next/dev/server/app/admin/login/page/build-manifest.json'
[WebServer] }
[WebServer]  ⨯ Error: ENOENT: no such file or directory, open '/Users/aishwaryashrivastav/Development/port/.next/dev/server/app/admin/login/page/build-manifest.json'
[WebServer]     at ignore-listed frames {
[WebServer]   errno: -2,
[WebServer]   code: 'ENOENT',
[WebServer]   syscall: 'open',
[WebServer]   path: '/Users/aishwaryashrivastav/Development/port/.next/dev/server/app/admin/login/page/build-manifest.json'
[WebServer] }
[WebServer]  ⨯ Error: ENOENT: no such file or directory, open '/Users/aishwaryashrivastav/Development/port/.next/dev/server/app/admin/login/page/build-manifest.json'
[WebServer]     at ignore-listed frames {
[WebServer]   errno: -2,
[WebServer]   code: 'ENOENT',
[WebServer]   syscall: 'open',
[WebServer]   path: '/Users/aishwaryashrivastav/Development/port/.next/dev/server/app/admin/login/page/build-manifest.json'
[WebServer] }
[WebServer]  ⨯ Error: ENOENT: no such file or directory, open '/Users/aishwaryashrivastav/Development/port/.next/dev/server/app/admin/login/page/build-manifest.json'
[WebServer]     at ignore-listed frames {
[WebServer]   errno: -2,
[WebServer]   code: 'ENOENT',
[WebServer]   syscall: 'open',
[WebServer]   path: '/Users/aishwaryashrivastav/Development/port/.next/dev/server/app/admin/login/page/build-manifest.json'
[WebServer] }
[WebServer]  ⨯ Error: ENOENT: no such file or directory, open '/Users/aishwaryashrivastav/Development/port/.next/dev/server/app/admin/login/page/build-manifest.json'
[WebServer]     at ignore-listed frames {
[WebServer]   errno: -2,
[WebServer]   code: 'ENOENT',
[WebServer]   syscall: 'open',
[WebServer]   path: '/Users/aishwaryashrivastav/Development/port/.next/dev/server/app/admin/login/page/build-manifest.json'
[WebServer] }
[WebServer]  ⨯ Error: ENOENT: no such file or directory, open '/Users/aishwaryashrivastav/Development/port/.next/dev/server/app/admin/login/page/build-manifest.json'
[WebServer]     at ignore-listed frames {
[WebServer]   errno: -2,
[WebServer]   code: 'ENOENT',
[WebServer]   syscall: 'open',
[WebServer]   path: '/Users/aishwaryashrivastav/Development/port/.next/dev/server/app/admin/login/page/build-manifest.json'
[WebServer] }
[WebServer]  ⨯ Error: ENOENT: no such file or directory, open '/Users/aishwaryashrivastav/Development/port/.next/dev/server/app/admin/login/page/build-manifest.json'
[WebServer]     at ignore-listed frames {
[WebServer]   errno: -2,
[WebServer]   code: 'ENOENT',
[WebServer]   syscall: 'open',
[WebServer]   path: '/Users/aishwaryashrivastav/Development/port/.next/dev/server/app/admin/login/page/build-manifest.json'
[WebServer] }
[WebServer]  ⨯ Error: ENOENT: no such file or directory, open '/Users/aishwaryashrivastav/Development/port/.next/dev/server/app/admin/login/page/build-manifest.json'
[WebServer]     at ignore-listed frames {
[WebServer]   errno: -2,
[WebServer]   code: 'ENOENT',
[WebServer]   syscall: 'open',
[WebServer]   path: '/Users/aishwaryashrivastav/Development/port/.next/dev/server/app/admin/login/page/build-manifest.json'
[WebServer] }
[WebServer]  ⨯ Error: ENOENT: no such file or directory, open '/Users/aishwaryashrivastav/Development/port/.next/dev/server/app/admin/login/page/build-manifest.json'
[WebServer]     at ignore-listed frames {
[WebServer]   errno: -2,
[WebServer]   code: 'ENOENT',
[WebServer]   syscall: 'open',
[WebServer]   path: '/Users/aishwaryashrivastav/Development/port/.next/dev/server/app/admin/login/page/build-manifest.json'
[WebServer] }
[WebServer]  ⨯ Error: ENOENT: no such file or directory, open '/Users/aishwaryashrivastav/Development/port/.next/dev/server/app/admin/login/page/build-manifest.json'
[WebServer]     at ignore-listed frames {
[WebServer]   errno: -2,
[WebServer]   code: 'ENOENT',
[WebServer]   syscall: 'open',
[WebServer]   path: '/Users/aishwaryashrivastav/Development/port/.next/dev/server/app/admin/login/page/build-manifest.json'
[WebServer] }
[WebServer]  ⨯ Error: ENOENT: no such file or directory, open '/Users/aishwaryashrivastav/Development/port/.next/dev/server/app/admin/login/page/build-manifest.json'
[WebServer]     at ignore-listed frames {
[WebServer]   errno: -2,
[WebServer]   code: 'ENOENT',
[WebServer]   syscall: 'open',
[WebServer]   path: '/Users/aishwaryashrivastav/Development/port/.next/dev/server/app/admin/login/page/build-manifest.json'
[WebServer] }
[WebServer]  ⨯ Error: ENOENT: no such file or directory, open '/Users/aishwaryashrivastav/Development/port/.next/dev/server/app/admin/login/page/build-manifest.json'
[WebServer]     at ignore-listed frames {
[WebServer]   errno: -2,
[WebServer]   code: 'ENOENT',
[WebServer]   syscall: 'open',
[WebServer]   path: '/Users/aishwaryashrivastav/Development/port/.next/dev/server/app/admin/login/page/build-manifest.json'
[WebServer] }
[WebServer]  ⨯ Error: ENOENT: no such file or directory, open '/Users/aishwaryashrivastav/Development/port/.next/dev/server/app/admin/login/page/build-manifest.json'
[WebServer]     at ignore-listed frames {
[WebServer]   errno: -2,
[WebServer]   code: 'ENOENT',
[WebServer]   syscall: 'open',
[WebServer]   path: '/Users/aishwaryashrivastav/Development/port/.next/dev/server/app/admin/login/page/build-manifest.json'
[WebServer] }
[WebServer]  ⨯ Error: ENOENT: no such file or directory, open '/Users/aishwaryashrivastav/Development/port/.next/dev/server/app/admin/login/page/build-manifest.json'
[WebServer]     at ignore-listed frames {
[WebServer]   errno: -2,
[WebServer]   code: 'ENOENT',
[WebServer]   syscall: 'open',
[WebServer]   path: '/Users/aishwaryashrivastav/Development/port/.next/dev/server/app/admin/login/page/build-manifest.json'
[WebServer] }
[WebServer]  ⨯ Error: ENOENT: no such file or directory, open '/Users/aishwaryashrivastav/Development/port/.next/dev/server/app/admin/login/page/build-manifest.json'
[WebServer]     at ignore-listed frames {
[WebServer]   errno: -2,
[WebServer]   code: 'ENOENT',
[WebServer]   syscall: 'open',
[WebServer]   path: '/Users/aishwaryashrivastav/Development/port/.next/dev/server/app/admin/login/page/build-manifest.json'
[WebServer] }
[WebServer]  ⨯ Error: ENOENT: no such file or directory, open '/Users/aishwaryashrivastav/Development/port/.next/dev/server/app/admin/login/page/build-manifest.json'
[WebServer]     at ignore-listed frames {
[WebServer]   errno: -2,
[WebServer]   code: 'ENOENT',
[WebServer]   syscall: 'open',
[WebServer]   path: '/Users/aishwaryashrivastav/Development/port/.next/dev/server/app/admin/login/page/build-manifest.json'
[WebServer] }
[WebServer]  ⨯ Error: ENOENT: no such file or directory, open '/Users/aishwaryashrivastav/Development/port/.next/dev/server/app/admin/login/page/build-manifest.json'
[WebServer]     at ignore-listed frames {
[WebServer]   errno: -2,
[WebServer]   code: 'ENOENT',
[WebServer]   syscall: 'open',
[WebServer]   path: '/Users/aishwaryashrivastav/Development/port/.next/dev/server/app/admin/login/page/build-manifest.json'
[WebServer] }
[WebServer]  ⨯ Error: ENOENT: no such file or directory, open '/Users/aishwaryashrivastav/Development/port/.next/dev/server/app/admin/login/page/build-manifest.json'
[WebServer]     at ignore-listed frames {
[WebServer]   errno: -2,
[WebServer]   code: 'ENOENT',
[WebServer]   syscall: 'open',
[WebServer]   path: '/Users/aishwaryashrivastav/Development/port/.next/dev/server/app/admin/login/page/build-manifest.json'
[WebServer] }
[WebServer]  ⨯ Error: ENOENT: no such file or directory, open '/Users/aishwaryashrivastav/Development/port/.next/dev/server/app/admin/login/page/build-manifest.json'
[WebServer]     at ignore-listed frames {
[WebServer]   errno: -2,
[WebServer]   code: 'ENOENT',
[WebServer]   syscall: 'open',
[WebServer]   path: '/Users/aishwaryashrivastav/Development/port/.next/dev/server/app/admin/login/page/build-manifest.json'
[WebServer] }
[WebServer]  ⨯ Error: ENOENT: no such file or directory, open '/Users/aishwaryashrivastav/Development/port/.next/dev/server/app/admin/login/page/build-manifest.json'
[WebServer]     at ignore-listed frames {
[WebServer]   errno: -2,
[WebServer]   code: 'ENOENT',
[WebServer]   syscall: 'open',
[WebServer]   path: '/Users/aishwaryashrivastav/Development/port/.next/dev/server/app/admin/login/page/build-manifest.json'
[WebServer] }
[WebServer]  ⨯ Error: ENOENT: no such file or directory, open '/Users/aishwaryashrivastav/Development/port/.next/dev/server/app/admin/login/page/build-manifest.json'
[WebServer]     at ignore-listed frames {
[WebServer]   errno: -2,
[WebServer]   code: 'ENOENT',
[WebServer]   syscall: 'open',
[WebServer]   path: '/Users/aishwaryashrivastav/Development/port/.next/dev/server/app/admin/login/page/build-manifest.json'
[WebServer] }
[WebServer]  ⨯ Error: ENOENT: no such file or directory, open '/Users/aishwaryashrivastav/Development/port/.next/dev/server/app/admin/login/page/build-manifest.json'
[WebServer]     at ignore-listed frames {
[WebServer]   errno: -2,
[WebServer]   code: 'ENOENT',
[WebServer]   syscall: 'open',
[WebServer]   path: '/Users/aishwaryashrivastav/Development/port/.next/dev/server/app/admin/login/page/build-manifest.json'
[WebServer] }
[WebServer]  ⨯ Error: ENOENT: no such file or directory, open '/Users/aishwaryashrivastav/Development/port/.next/dev/server/app/admin/login/page/build-manifest.json'
[WebServer]     at ignore-listed frames {
[WebServer]   errno: -2,
[WebServer]   code: 'ENOENT',
[WebServer]   syscall: 'open',
[WebServer]   path: '/Users/aishwaryashrivastav/Development/port/.next/dev/server/app/admin/login/page/build-manifest.json'
[WebServer] }
[WebServer]  ⨯ Error: ENOENT: no such file or directory, open '/Users/aishwaryashrivastav/Development/port/.next/dev/server/app/admin/login/page/build-manifest.json'
[WebServer]     at ignore-listed frames {
[WebServer]   errno: -2,
[WebServer]   code: 'ENOENT',
[WebServer]   syscall: 'open',
[WebServer]   path: '/Users/aishwaryashrivastav/Development/port/.next/dev/server/app/admin/login/page/build-manifest.json'
[WebServer] }
[WebServer]  ⨯ Error: ENOENT: no such file or directory, open '/Users/aishwaryashrivastav/Development/port/.next/dev/server/app/admin/login/page/build-manifest.json'
[WebServer]     at ignore-listed frames {
[WebServer]   errno: -2,
[WebServer]   code: 'ENOENT',
[WebServer]   syscall: 'open',
[WebServer]   path: '/Users/aishwaryashrivastav/Development/port/.next/dev/server/app/admin/login/page/build-manifest.json'
[WebServer] }
[WebServer]  ⨯ Error: ENOENT: no such file or directory, open '/Users/aishwaryashrivastav/Development/port/.next/dev/server/app/admin/login/page/build-manifest.json'
[WebServer]     at ignore-listed frames {
[WebServer]   errno: -2,
[WebServer]   code: 'ENOENT',
[WebServer]   syscall: 'open',
[WebServer]   path: '/Users/aishwaryashrivastav/Development/port/.next/dev/server/app/admin/login/page/build-manifest.json'
[WebServer] }
[WebServer]  ⨯ Error: ENOENT: no such file or directory, open '/Users/aishwaryashrivastav/Development/port/.next/dev/server/app/admin/login/page/build-manifest.json'
[WebServer]     at ignore-listed frames {
[WebServer]   errno: -2,
[WebServer]   code: 'ENOENT',
[WebServer]   syscall: 'open',
[WebServer]   path: '/Users/aishwaryashrivastav/Development/port/.next/dev/server/app/admin/login/page/build-manifest.json'
[WebServer] }
[WebServer]  ⨯ Error: ENOENT: no such file or directory, open '/Users/aishwaryashrivastav/Development/port/.next/dev/server/app/admin/login/page/build-manifest.json'
[WebServer]     at ignore-listed frames {
[WebServer]   errno: -2,
[WebServer]   code: 'ENOENT',
[WebServer]   syscall: 'open',
[WebServer]   path: '/Users/aishwaryashrivastav/Development/port/.next/dev/server/app/admin/login/page/build-manifest.json'
[WebServer] }
[WebServer]  ⨯ Error: ENOENT: no such file or directory, open '/Users/aishwaryashrivastav/Development/port/.next/dev/server/app/admin/login/page/build-manifest.json'
[WebServer]     at ignore-listed frames {
[WebServer]   errno: -2,
[WebServer]   code: 'ENOENT',
[WebServer]   syscall: 'open',
[WebServer]   path: '/Users/aishwaryashrivastav/Development/port/.next/dev/server/app/admin/login/page/build-manifest.json'
[WebServer] }
[WebServer]  ⨯ Error: ENOENT: no such file or directory, open '/Users/aishwaryashrivastav/Development/port/.next/dev/server/app/admin/login/page/build-manifest.json'
[WebServer]     at ignore-listed frames {
[WebServer]   errno: -2,
[WebServer]   code: 'ENOENT',
[WebServer]   syscall: 'open',
[WebServer]   path: '/Users/aishwaryashrivastav/Development/port/.next/dev/server/app/admin/login/page/build-manifest.json'
[WebServer] }
[WebServer]  ⨯ Error: ENOENT: no such file or directory, open '/Users/aishwaryashrivastav/Development/port/.next/dev/server/app/admin/login/page/build-manifest.json'
[WebServer]     at ignore-listed frames {
[WebServer]   errno: -2,
[WebServer]   code: 'ENOENT',
[WebServer]   syscall: 'open',
[WebServer]   path: '/Users/aishwaryashrivastav/Development/port/.next/dev/server/app/admin/login/page/build-manifest.json'
[WebServer] }
[WebServer]  ⨯ Error: ENOENT: no such file or directory, open '/Users/aishwaryashrivastav/Development/port/.next/dev/server/app/admin/login/page/build-manifest.json'
[WebServer]     at ignore-listed frames {
[WebServer]   errno: -2,
[WebServer]   code: 'ENOENT',
[WebServer]   syscall: 'open',
[WebServer]   path: '/Users/aishwaryashrivastav/Development/port/.next/dev/server/app/admin/login/page/build-manifest.json'
[WebServer] }
[WebServer]  ⨯ Error: ENOENT: no such file or directory, open '/Users/aishwaryashrivastav/Development/port/.next/dev/server/app/admin/login/page/build-manifest.json'
[WebServer]     at ignore-listed frames {
[WebServer]   errno: -2,
[WebServer]   code: 'ENOENT',
[WebServer]   syscall: 'open',
[WebServer]   path: '/Users/aishwaryashrivastav/Development/port/.next/dev/server/app/admin/login/page/build-manifest.json'
[WebServer] }
[WebServer]  ⨯ Error: ENOENT: no such file or directory, open '/Users/aishwaryashrivastav/Development/port/.next/dev/server/app/admin/login/page/build-manifest.json'
[WebServer]     at ignore-listed frames {
[WebServer]   errno: -2,
[WebServer]   code: 'ENOENT',
[WebServer]   syscall: 'open',
[WebServer]   path: '/Users/aishwaryashrivastav/Development/port/.next/dev/server/app/admin/login/page/build-manifest.json'
[WebServer] }
[WebServer]  ⨯ Error: ENOENT: no such file or directory, open '/Users/aishwaryashrivastav/Development/port/.next/dev/server/app/admin/login/page/build-manifest.json'
[WebServer]     at ignore-listed frames {
[WebServer]   errno: -2,
[WebServer]   code: 'ENOENT',
[WebServer]   syscall: 'open',
[WebServer]   path: '/Users/aishwaryashrivastav/Development/port/.next/dev/server/app/admin/login/page/build-manifest.json'
[WebServer] }
[WebServer]  ⨯ Error: ENOENT: no such file or directory, open '/Users/aishwaryashrivastav/Development/port/.next/dev/server/app/admin/login/page/build-manifest.json'
[WebServer]     at ignore-listed frames {
[WebServer]   errno: -2,
[WebServer]   code: 'ENOENT',
[WebServer]   syscall: 'open',
[WebServer]   path: '/Users/aishwaryashrivastav/Development/port/.next/dev/server/app/admin/login/page/build-manifest.json'
[WebServer] }
[WebServer]  ⨯ Error: ENOENT: no such file or directory, open '/Users/aishwaryashrivastav/Development/port/.next/dev/server/app/admin/login/page/build-manifest.json'
[WebServer]     at ignore-listed frames {
[WebServer]   errno: -2,
[WebServer]   code: 'ENOENT',
[WebServer]   syscall: 'open',
[WebServer]   path: '/Users/aishwaryashrivastav/Development/port/.next/dev/server/app/admin/login/page/build-manifest.json'
[WebServer] }
[WebServer]  ⨯ Error: ENOENT: no such file or directory, open '/Users/aishwaryashrivastav/Development/port/.next/dev/server/app/admin/login/page/build-manifest.json'
[WebServer]     at ignore-listed frames {
[WebServer]   errno: -2,
[WebServer]   code: 'ENOENT',
[WebServer]   syscall: 'open',
[WebServer]   path: '/Users/aishwaryashrivastav/Development/port/.next/dev/server/app/admin/login/page/build-manifest.json'
[WebServer] }
[WebServer]  ⨯ Error: ENOENT: no such file or directory, open '/Users/aishwaryashrivastav/Development/port/.next/dev/server/app/admin/login/page/build-manifest.json'
[WebServer]     at ignore-listed frames {
[WebServer]   errno: -2,
[WebServer]   code: 'ENOENT',
[WebServer]   syscall: 'open',
[WebServer]   path: '/Users/aishwaryashrivastav/Development/port/.next/dev/server/app/admin/login/page/build-manifest.json'
[WebServer] }
[WebServer]  ⨯ Error: ENOENT: no such file or directory, open '/Users/aishwaryashrivastav/Development/port/.next/dev/server/app/admin/login/page/build-manifest.json'
[WebServer]     at ignore-listed frames {
[WebServer]   errno: -2,
[WebServer]   code: 'ENOENT',
[WebServer]   syscall: 'open',
[WebServer]   path: '/Users/aishwaryashrivastav/Development/port/.next/dev/server/app/admin/login/page/build-manifest.json'
[WebServer] }
[WebServer]  ⨯ Error: ENOENT: no such file or directory, open '/Users/aishwaryashrivastav/Development/port/.next/dev/server/app/admin/login/page/build-manifest.json'
[WebServer]     at ignore-listed frames {
[WebServer]   errno: -2,
[WebServer]   code: 'ENOENT',
[WebServer]   syscall: 'open',
[WebServer]   path: '/Users/aishwaryashrivastav/Development/port/.next/dev/server/app/admin/login/page/build-manifest.json'
[WebServer] }
[WebServer]  ⨯ Error: ENOENT: no such file or directory, open '/Users/aishwaryashrivastav/Development/port/.next/dev/server/app/admin/login/page/build-manifest.json'
[WebServer]     at ignore-listed frames {
[WebServer]   errno: -2,
[WebServer]   code: 'ENOENT',
[WebServer]   syscall: 'open',
[WebServer]   path: '/Users/aishwaryashrivastav/Development/port/.next/dev/server/app/admin/login/page/build-manifest.json'
[WebServer] }
[WebServer]  ⨯ Error: ENOENT: no such file or directory, open '/Users/aishwaryashrivastav/Development/port/.next/dev/server/app/admin/login/page/build-manifest.json'
[WebServer]     at ignore-listed frames {
[WebServer]   errno: -2,
[WebServer]   code: 'ENOENT',
[WebServer]   syscall: 'open',
[WebServer]   path: '/Users/aishwaryashrivastav/Development/port/.next/dev/server/app/admin/login/page/build-manifest.json'
[WebServer] }
[WebServer]  ⨯ Error: ENOENT: no such file or directory, open '/Users/aishwaryashrivastav/Development/port/.next/dev/server/app/admin/login/page/build-manifest.json'
[WebServer]     at ignore-listed frames {
[WebServer]   errno: -2,
[WebServer]   code: 'ENOENT',
[WebServer]   syscall: 'open',
[WebServer]   path: '/Users/aishwaryashrivastav/Development/port/.next/dev/server/app/admin/login/page/build-manifest.json'
[WebServer] }
[WebServer]  ⨯ Error: ENOENT: no such file or directory, open '/Users/aishwaryashrivastav/Development/port/.next/dev/server/app/admin/login/page/build-manifest.json'
[WebServer]     at ignore-listed frames {
[WebServer]   errno: -2,
[WebServer]   code: 'ENOENT',
[WebServer]   syscall: 'open',
[WebServer]   path: '/Users/aishwaryashrivastav/Development/port/.next/dev/server/app/admin/login/page/build-manifest.json'
[WebServer] }
[WebServer]  ⨯ Error: ENOENT: no such file or directory, open '/Users/aishwaryashrivastav/Development/port/.next/dev/server/app/admin/login/page/build-manifest.json'
[WebServer]     at ignore-listed frames {
[WebServer]   errno: -2,
[WebServer]   code: 'ENOENT',
[WebServer]   syscall: 'open',
[WebServer]   path: '/Users/aishwaryashrivastav/Development/port/.next/dev/server/app/admin/login/page/build-manifest.json'
[WebServer] }
[WebServer]  ⨯ Error: ENOENT: no such file or directory, open '/Users/aishwaryashrivastav/Development/port/.next/dev/server/app/admin/login/page/build-manifest.json'
[WebServer]     at ignore-listed frames {
[WebServer]   errno: -2,
[WebServer]   code: 'ENOENT',
[WebServer]   syscall: 'open',
[WebServer]   path: '/Users/aishwaryashrivastav/Development/port/.next/dev/server/app/admin/login/page/build-manifest.json'
[WebServer] }
[WebServer]  ⨯ Error: ENOENT: no such file or directory, open '/Users/aishwaryashrivastav/Development/port/.next/dev/server/app/admin/login/page/build-manifest.json'
[WebServer]     at ignore-listed frames {
[WebServer]   errno: -2,
[WebServer]   code: 'ENOENT',
[WebServer]   syscall: 'open',
[WebServer]   path: '/Users/aishwaryashrivastav/Development/port/.next/dev/server/app/admin/login/page/build-manifest.json'
[WebServer] }
[WebServer]  ⨯ Error: ENOENT: no such file or directory, open '/Users/aishwaryashrivastav/Development/port/.next/dev/server/app/admin/login/page/build-manifest.json'
[WebServer]     at ignore-listed frames {
[WebServer]   errno: -2,
[WebServer]   code: 'ENOENT',
[WebServer]   syscall: 'open',
[WebServer]   path: '/Users/aishwaryashrivastav/Development/port/.next/dev/server/app/admin/login/page/build-manifest.json'
[WebServer] }
[WebServer]  ⨯ Error: ENOENT: no such file or directory, open '/Users/aishwaryashrivastav/Development/port/.next/dev/server/app/admin/login/page/build-manifest.json'
[WebServer]     at ignore-listed frames {
[WebServer]   errno: -2,
[WebServer]   code: 'ENOENT',
[WebServer]   syscall: 'open',
[WebServer]   path: '/Users/aishwaryashrivastav/Development/port/.next/dev/server/app/admin/login/page/build-manifest.json'
[WebServer] }
  ✘   17 [chromium] › tests/e2e/articles-crud.spec.ts:338:7 › Articles CRUD › should show empty state when no articles (1.0m)
  ✘   18 [chromium] › tests/e2e/articles-crud.spec.ts:292:7 › Articles CRUD › should prevent duplicate slugs (1.0m)
  ✘   16 [chromium] › tests/e2e/articles-crud.spec.ts:257:7 › Articles CRUD › should show article in list after creation (1.0m)
  ✘   19 [chromium] › tests/e2e/articles-crud.spec.ts:233:7 › Articles CRUD › should set article as featured (1.0m)
[WebServer]  ⨯ Error: ENOENT: no such file or directory, open '/Users/aishwaryashrivastav/Development/port/.next/dev/server/app/admin/login/page/build-manifest.json'
[WebServer]     at ignore-listed frames {
[WebServer]   errno: -2,
[WebServer]   code: 'ENOENT',
[WebServer]   syscall: 'open',
[WebServer]   path: '/Users/aishwaryashrivastav/Development/port/.next/dev/server/app/admin/login/page/build-manifest.json'
[WebServer] }
[WebServer]  ⨯ Error: ENOENT: no such file or directory, open '/Users/aishwaryashrivastav/Development/port/.next/dev/server/app/admin/login/page/build-manifest.json'
[WebServer]     at ignore-listed frames {
[WebServer]   errno: -2,
[WebServer]   code: 'ENOENT',
[WebServer]   syscall: 'open',
[WebServer]   path: '/Users/aishwaryashrivastav/Development/port/.next/dev/server/app/admin/login/page/build-manifest.json'
[WebServer] }
[WebServer]  ⨯ Error: ENOENT: no such file or directory, open '/Users/aishwaryashrivastav/Development/port/.next/dev/server/app/admin/login/page/build-manifest.json'
[WebServer]     at ignore-listed frames {
[WebServer]   errno: -2,
[WebServer]   code: 'ENOENT',
[WebServer]   syscall: 'open',
[WebServer]   path: '/Users/aishwaryashrivastav/Development/port/.next/dev/server/app/admin/login/page/build-manifest.json'
[WebServer] }
[WebServer]  ⨯ Error: ENOENT: no such file or directory, open '/Users/aishwaryashrivastav/Development/port/.next/dev/server/app/admin/login/page/build-manifest.json'
[WebServer]     at ignore-listed frames {
[WebServer]   errno: -2,
[WebServer]   code: 'ENOENT',
[WebServer]   syscall: 'open',
[WebServer]   path: '/Users/aishwaryashrivastav/Development/port/.next/dev/server/app/admin/login/page/build-manifest.json'
[WebServer] }
[WebServer]  ⨯ Error: ENOENT: no such file or directory, open '/Users/aishwaryashrivastav/Development/port/.next/dev/server/app/admin/login/page/build-manifest.json'
[WebServer]     at ignore-listed frames {
[WebServer]   errno: -2,
[WebServer]   code: 'ENOENT',
[WebServer]   syscall: 'open',
[WebServer]   path: '/Users/aishwaryashrivastav/Development/port/.next/dev/server/app/admin/login/page/build-manifest.json'
[WebServer] }
[WebServer]  ⨯ Error: ENOENT: no such file or directory, open '/Users/aishwaryashrivastav/Development/port/.next/dev/server/app/admin/login/page/build-manifest.json'
[WebServer]     at ignore-listed frames {
[WebServer]   errno: -2,
[WebServer]   code: 'ENOENT',
[WebServer]   syscall: 'open',
[WebServer]   path: '/Users/aishwaryashrivastav/Development/port/.next/dev/server/app/admin/login/page/build-manifest.json'
[WebServer] }
[WebServer]  ⨯ Error: ENOENT: no such file or directory, open '/Users/aishwaryashrivastav/Development/port/.next/dev/server/app/admin/login/page/build-manifest.json'
[WebServer]     at ignore-listed frames {
[WebServer]   errno: -2,
[WebServer]   code: 'ENOENT',
[WebServer]   syscall: 'open',
[WebServer]   path: '/Users/aishwaryashrivastav/Development/port/.next/dev/server/app/admin/login/page/build-manifest.json'
[WebServer] }
[WebServer]  ⨯ Error: ENOENT: no such file or directory, open '/Users/aishwaryashrivastav/Development/port/.next/dev/server/app/admin/login/page/build-manifest.json'
[WebServer]     at ignore-listed frames {
[WebServer]   errno: -2,
[WebServer]   code: 'ENOENT',
[WebServer]   syscall: 'open',
[WebServer]   path: '/Users/aishwaryashrivastav/Development/port/.next/dev/server/app/admin/login/page/build-manifest.json'
[WebServer] }
[WebServer]  ⨯ Error: ENOENT: no such file or directory, open '/Users/aishwaryashrivastav/Development/port/.next/dev/server/app/admin/login/page/build-manifest.json'
[WebServer]     at ignore-listed frames {
[WebServer]   errno: -2,
[WebServer]   code: 'ENOENT',
[WebServer]   syscall: 'open',
[WebServer]   path: '/Users/aishwaryashrivastav/Development/port/.next/dev/server/app/admin/login/page/build-manifest.json'
[WebServer] }
[WebServer]  ⨯ Error: ENOENT: no such file or directory, open '/Users/aishwaryashrivastav/Development/port/.next/dev/server/app/admin/login/page/build-manifest.json'
[WebServer]     at ignore-listed frames {
[WebServer]   errno: -2,
[WebServer]   code: 'ENOENT',
[WebServer]   syscall: 'open',
[WebServer]   path: '/Users/aishwaryashrivastav/Development/port/.next/dev/server/app/admin/login/page/build-manifest.json'
[WebServer] }
[WebServer]  ⨯ Error: ENOENT: no such file or directory, open '/Users/aishwaryashrivastav/Development/port/.next/dev/server/app/admin/login/page/build-manifest.json'
[WebServer]     at ignore-listed frames {
[WebServer]   errno: -2,
[WebServer]   code: 'ENOENT',
[WebServer]   syscall: 'open',
[WebServer]   path: '/Users/aishwaryashrivastav/Development/port/.next/dev/server/app/admin/login/page/build-manifest.json'
[WebServer] }
[WebServer]  ⨯ Error: ENOENT: no such file or directory, open '/Users/aishwaryashrivastav/Development/port/.next/dev/server/app/admin/login/page/build-manifest.json'
[WebServer]     at ignore-listed frames {
[WebServer]   errno: -2,
[WebServer]   code: 'ENOENT',
[WebServer]   syscall: 'open',
[WebServer]   path: '/Users/aishwaryashrivastav/Development/port/.next/dev/server/app/admin/login/page/build-manifest.json'
[WebServer] }
[WebServer]  ⨯ Error: ENOENT: no such file or directory, open '/Users/aishwaryashrivastav/Development/port/.next/dev/server/app/admin/login/page/build-manifest.json'
[WebServer]     at ignore-listed frames {
[WebServer]   errno: -2,
[WebServer]   code: 'ENOENT',
[WebServer]   syscall: 'open',
[WebServer]   path: '/Users/aishwaryashrivastav/Development/port/.next/dev/server/app/admin/login/page/build-manifest.json'
[WebServer] }
[WebServer]  ⨯ Error: ENOENT: no such file or directory, open '/Users/aishwaryashrivastav/Development/port/.next/dev/server/app/admin/login/page/build-manifest.json'
[WebServer]     at ignore-listed frames {
[WebServer]   errno: -2,
[WebServer]   code: 'ENOENT',
[WebServer]   syscall: 'open',
[WebServer]   path: '/Users/aishwaryashrivastav/Development/port/.next/dev/server/app/admin/login/page/build-manifest.json'
[WebServer] }
[WebServer]  ⨯ Error: ENOENT: no such file or directory, open '/Users/aishwaryashrivastav/Development/port/.next/dev/server/app/admin/login/page/build-manifest.json'
[WebServer]     at ignore-listed frames {
[WebServer]   errno: -2,
[WebServer]   code: 'ENOENT',
[WebServer]   syscall: 'open',
[WebServer]   path: '/Users/aishwaryashrivastav/Development/port/.next/dev/server/app/admin/login/page/build-manifest.json'
[WebServer] }
[WebServer]  ⨯ Error: ENOENT: no such file or directory, open '/Users/aishwaryashrivastav/Development/port/.next/dev/server/app/admin/login/page/build-manifest.json'
[WebServer]     at ignore-listed frames {
[WebServer]   errno: -2,
[WebServer]   code: 'ENOENT',
[WebServer]   syscall: 'open',
[WebServer]   path: '/Users/aishwaryashrivastav/Development/port/.next/dev/server/app/admin/login/page/build-manifest.json'
[WebServer] }
[WebServer]  ⨯ Error: ENOENT: no such file or directory, open '/Users/aishwaryashrivastav/Development/port/.next/dev/server/app/admin/login/page/build-manifest.json'
[WebServer]     at ignore-listed frames {
[WebServer]   errno: -2,
[WebServer]   code: 'ENOENT',
[WebServer]   syscall: 'open',
[WebServer]   path: '/Users/aishwaryashrivastav/Development/port/.next/dev/server/app/admin/login/page/build-manifest.json'
[WebServer] }
[WebServer]  ⨯ Error: ENOENT: no such file or directory, open '/Users/aishwaryashrivastav/Development/port/.next/dev/server/app/admin/login/page/build-manifest.json'
[WebServer]     at ignore-listed frames {
[WebServer]   errno: -2,
[WebServer]   code: 'ENOENT',
[WebServer]   syscall: 'open',
[WebServer]   path: '/Users/aishwaryashrivastav/Development/port/.next/dev/server/app/admin/login/page/build-manifest.json'
[WebServer] }
[WebServer]  ⨯ Error: ENOENT: no such file or directory, open '/Users/aishwaryashrivastav/Development/port/.next/dev/server/app/admin/login/page/build-manifest.json'
[WebServer]     at ignore-listed frames {
[WebServer]   errno: -2,
[WebServer]   code: 'ENOENT',
[WebServer]   syscall: 'open',
[WebServer]   path: '/Users/aishwaryashrivastav/Development/port/.next/dev/server/app/admin/login/page/build-manifest.json'
[WebServer] }
[WebServer]  ⨯ Error: ENOENT: no such file or directory, open '/Users/aishwaryashrivastav/Development/port/.next/dev/server/app/admin/login/page/build-manifest.json'
[WebServer]     at ignore-listed frames {
[WebServer]   errno: -2,
[WebServer]   code: 'ENOENT',
[WebServer]   syscall: 'open',
[WebServer]   path: '/Users/aishwaryashrivastav/Development/port/.next/dev/server/app/admin/login/page/build-manifest.json'
[WebServer] }
[WebServer]  ⨯ Error: ENOENT: no such file or directory, open '/Users/aishwaryashrivastav/Development/port/.next/dev/server/app/admin/login/page/build-manifest.json'
[WebServer]     at ignore-listed frames {
[WebServer]   errno: -2,
[WebServer]   code: 'ENOENT',
[WebServer]   syscall: 'open',
[WebServer]   path: '/Users/aishwaryashrivastav/Development/port/.next/dev/server/app/admin/login/page/build-manifest.json'
[WebServer] }
[WebServer]  ⨯ Error: ENOENT: no such file or directory, open '/Users/aishwaryashrivastav/Development/port/.next/dev/server/app/admin/login/page/build-manifest.json'
[WebServer]     at ignore-listed frames {
[WebServer]   errno: -2,
[WebServer]   code: 'ENOENT',
[WebServer]   syscall: 'open',
[WebServer]   path: '/Users/aishwaryashrivastav/Development/port/.next/dev/server/app/admin/login/page/build-manifest.json'
[WebServer] }
  ✘   20 [chromium] › tests/e2e/articles-crud.spec.ts:352:7 › Articles CRUD › should calculate read time (1.0m)
[WebServer]  ⨯ Error: ENOENT: no such file or directory, open '/Users/aishwaryashrivastav/Development/port/.next/dev/server/app/admin/login/page/build-manifest.json'
[WebServer]     at ignore-listed frames {
[WebServer]   errno: -2,
[WebServer]   code: 'ENOENT',
[WebServer]   syscall: 'open',
[WebServer]   path: '/Users/aishwaryashrivastav/Development/port/.next/dev/server/app/admin/login/page/build-manifest.json'
[WebServer] }
[WebServer]  ⨯ Error: ENOENT: no such file or directory, open '/Users/aishwaryashrivastav/Development/port/.next/dev/server/app/admin/login/page/build-manifest.json'
[WebServer]     at ignore-listed frames {
[WebServer]   errno: -2,
[WebServer]   code: 'ENOENT',
[WebServer]   syscall: 'open',
[WebServer]   path: '/Users/aishwaryashrivastav/Development/port/.next/dev/server/app/admin/login/page/build-manifest.json'
[WebServer] }
[WebServer]  ⨯ Error: ENOENT: no such file or directory, open '/Users/aishwaryashrivastav/Development/port/.next/dev/server/app/admin/login/page/build-manifest.json'
[WebServer]     at ignore-listed frames {
[WebServer]   errno: -2,
[WebServer]   code: 'ENOENT',
[WebServer]   syscall: 'open',
[WebServer]   path: '/Users/aishwaryashrivastav/Development/port/.next/dev/server/app/admin/login/page/build-manifest.json'
[WebServer] }
[WebServer]  ⨯ Error: ENOENT: no such file or directory, open '/Users/aishwaryashrivastav/Development/port/.next/dev/server/app/admin/login/page/build-manifest.json'
[WebServer]     at ignore-listed frames {
[WebServer]   errno: -2,
[WebServer]   code: 'ENOENT',
[WebServer]   syscall: 'open',
[WebServer]   path: '/Users/aishwaryashrivastav/Development/port/.next/dev/server/app/admin/login/page/build-manifest.json'
[WebServer] }
[WebServer]  ⨯ Error: ENOENT: no such file or directory, open '/Users/aishwaryashrivastav/Development/port/.next/dev/server/app/admin/login/page/build-manifest.json'
[WebServer]     at ignore-listed frames {
[WebServer]   errno: -2,
[WebServer]   code: 'ENOENT',
[WebServer]   syscall: 'open',
[WebServer]   path: '/Users/aishwaryashrivastav/Development/port/.next/dev/server/app/admin/login/page/build-manifest.json'
[WebServer] }
[WebServer]  ⨯ Error: ENOENT: no such file or directory, open '/Users/aishwaryashrivastav/Development/port/.next/dev/server/app/admin/login/page/build-manifest.json'
[WebServer]     at ignore-listed frames {
[WebServer]   errno: -2,
[WebServer]   code: 'ENOENT',
[WebServer]   syscall: 'open',
[WebServer]   path: '/Users/aishwaryashrivastav/Development/port/.next/dev/server/app/admin/login/page/build-manifest.json'
[WebServer] }
[WebServer]  ⨯ Error: ENOENT: no such file or directory, open '/Users/aishwaryashrivastav/Development/port/.next/dev/server/app/admin/login/page/build-manifest.json'
[WebServer]     at ignore-listed frames {
[WebServer]   errno: -2,
[WebServer]   code: 'ENOENT',
[WebServer]   syscall: 'open',
[WebServer]   path: '/Users/aishwaryashrivastav/Development/port/.next/dev/server/app/admin/login/page/build-manifest.json'
[WebServer] }
[WebServer]  ⨯ Error: ENOENT: no such file or directory, open '/Users/aishwaryashrivastav/Development/port/.next/dev/server/app/admin/login/page/build-manifest.json'
[WebServer]     at ignore-listed frames {
[WebServer]   errno: -2,
[WebServer]   code: 'ENOENT',
[WebServer]   syscall: 'open',
[WebServer]   path: '/Users/aishwaryashrivastav/Development/port/.next/dev/server/app/admin/login/page/build-manifest.json'
[WebServer] }
[WebServer]  ⨯ Error: ENOENT: no such file or directory, open '/Users/aishwaryashrivastav/Development/port/.next/dev/server/app/admin/login/page/build-manifest.json'
[WebServer]     at ignore-listed frames {
[WebServer]   errno: -2,
[WebServer]   code: 'ENOENT',
[WebServer]   syscall: 'open',
[WebServer]   path: '/Users/aishwaryashrivastav/Development/port/.next/dev/server/app/admin/login/page/build-manifest.json'
[WebServer] }
[WebServer]  ⨯ Error: ENOENT: no such file or directory, open '/Users/aishwaryashrivastav/Development/port/.next/dev/server/app/admin/login/page/build-manifest.json'
[WebServer]     at ignore-listed frames {
[WebServer]   errno: -2,
[WebServer]   code: 'ENOENT',
[WebServer]   syscall: 'open',
[WebServer]   path: '/Users/aishwaryashrivastav/Development/port/.next/dev/server/app/admin/login/page/build-manifest.json'
[WebServer] }
[WebServer]  ⨯ Error: ENOENT: no such file or directory, open '/Users/aishwaryashrivastav/Development/port/.next/dev/server/app/admin/login/page/build-manifest.json'
[WebServer]     at ignore-listed frames {
[WebServer]   errno: -2,
[WebServer]   code: 'ENOENT',
[WebServer]   syscall: 'open',
[WebServer]   path: '/Users/aishwaryashrivastav/Development/port/.next/dev/server/app/admin/login/page/build-manifest.json'
[WebServer] }
[WebServer]  ⨯ Error: ENOENT: no such file or directory, open '/Users/aishwaryashrivastav/Development/port/.next/dev/server/app/admin/login/page/build-manifest.json'
[WebServer]     at ignore-listed frames {
[WebServer]   errno: -2,
[WebServer]   code: 'ENOENT',
[WebServer]   syscall: 'open',
[WebServer]   path: '/Users/aishwaryashrivastav/Development/port/.next/dev/server/app/admin/login/page/build-manifest.json'
[WebServer] }
[WebServer]  ⨯ Error: ENOENT: no such file or directory, open '/Users/aishwaryashrivastav/Development/port/.next/dev/server/app/admin/login/page/build-manifest.json'
[WebServer]     at ignore-listed frames {
[WebServer]   errno: -2,
[WebServer]   code: 'ENOENT',
[WebServer]   syscall: 'open',
[WebServer]   path: '/Users/aishwaryashrivastav/Development/port/.next/dev/server/app/admin/login/page/build-manifest.json'
[WebServer] }
[WebServer]  ⨯ Error: ENOENT: no such file or directory, open '/Users/aishwaryashrivastav/Development/port/.next/dev/server/app/admin/login/page/build-manifest.json'
[WebServer]     at ignore-listed frames {
[WebServer]   errno: -2,
[WebServer]   code: 'ENOENT',
[WebServer]   syscall: 'open',
[WebServer]   path: '/Users/aishwaryashrivastav/Development/port/.next/dev/server/app/admin/login/page/build-manifest.json'
[WebServer] }
[WebServer]  ⨯ Error: ENOENT: no such file or directory, open '/Users/aishwaryashrivastav/Development/port/.next/dev/server/app/admin/login/page/build-manifest.json'
[WebServer]     at ignore-listed frames {
[WebServer]   errno: -2,
[WebServer]   code: 'ENOENT',
[WebServer]   syscall: 'open',
[WebServer]   path: '/Users/aishwaryashrivastav/Development/port/.next/dev/server/app/admin/login/page/build-manifest.json'
[WebServer] }
[WebServer]  ⨯ Error: ENOENT: no such file or directory, open '/Users/aishwaryashrivastav/Development/port/.next/dev/server/app/admin/login/page/build-manifest.json'
[WebServer]     at ignore-listed frames {
[WebServer]   errno: -2,
[WebServer]   code: 'ENOENT',
[WebServer]   syscall: 'open',
[WebServer]   path: '/Users/aishwaryashrivastav/Development/port/.next/dev/server/app/admin/login/page/build-manifest.json'
[WebServer] }
[WebServer]  ⨯ Error: ENOENT: no such file or directory, open '/Users/aishwaryashrivastav/Development/port/.next/dev/server/app/admin/login/page/build-manifest.json'
[WebServer]     at ignore-listed frames {
[WebServer]   errno: -2,
[WebServer]   code: 'ENOENT',
[WebServer]   syscall: 'open',
[WebServer]   path: '/Users/aishwaryashrivastav/Development/port/.next/dev/server/app/admin/login/page/build-manifest.json'
[WebServer] }
[WebServer]  ⨯ Error: ENOENT: no such file or directory, open '/Users/aishwaryashrivastav/Development/port/.next/dev/server/app/admin/login/page/build-manifest.json'
[WebServer]     at ignore-listed frames {
[WebServer]   errno: -2,
[WebServer]   code: 'ENOENT',
[WebServer]   syscall: 'open',
[WebServer]   path: '/Users/aishwaryashrivastav/Development/port/.next/dev/server/app/admin/login/page/build-manifest.json'
[WebServer] }
[WebServer]  ⨯ Error: ENOENT: no such file or directory, open '/Users/aishwaryashrivastav/Development/port/.next/dev/server/app/admin/login/page/build-manifest.json'
[WebServer]     at ignore-listed frames {
[WebServer]   errno: -2,
[WebServer]   code: 'ENOENT',
[WebServer]   syscall: 'open',
[WebServer]   path: '/Users/aishwaryashrivastav/Development/port/.next/dev/server/app/admin/login/page/build-manifest.json'
[WebServer] }
[WebServer]  ⨯ Error: ENOENT: no such file or directory, open '/Users/aishwaryashrivastav/Development/port/.next/dev/server/app/admin/login/page/build-manifest.json'
[WebServer]     at ignore-listed frames {
[WebServer]   errno: -2,
[WebServer]   code: 'ENOENT',
[WebServer]   syscall: 'open',
[WebServer]   path: '/Users/aishwaryashrivastav/Development/port/.next/dev/server/app/admin/login/page/build-manifest.json'
[WebServer] }
[WebServer]  ⨯ Error: ENOENT: no such file or directory, open '/Users/aishwaryashrivastav/Development/port/.next/dev/server/app/admin/login/page/build-manifest.json'
[WebServer]     at ignore-listed frames {
[WebServer]   errno: -2,
[WebServer]   code: 'ENOENT',
[WebServer]   syscall: 'open',
[WebServer]   path: '/Users/aishwaryashrivastav/Development/port/.next/dev/server/app/admin/login/page/build-manifest.json'
[WebServer] }
[WebServer]  ⨯ Error: ENOENT: no such file or directory, open '/Users/aishwaryashrivastav/Development/port/.next/dev/server/app/admin/login/page/build-manifest.json'
[WebServer]     at ignore-listed frames {
[WebServer]   errno: -2,
[WebServer]   code: 'ENOENT',
[WebServer]   syscall: 'open',
[WebServer]   path: '/Users/aishwaryashrivastav/Development/port/.next/dev/server/app/admin/login/page/build-manifest.json'
[WebServer] }
[WebServer]  ⨯ Error: ENOENT: no such file or directory, open '/Users/aishwaryashrivastav/Development/port/.next/dev/server/app/admin/login/page/build-manifest.json'
[WebServer]     at ignore-listed frames {
[WebServer]   errno: -2,
[WebServer]   code: 'ENOENT',
[WebServer]   syscall: 'open',
[WebServer]   path: '/Users/aishwaryashrivastav/Development/port/.next/dev/server/app/admin/login/page/build-manifest.json'
[WebServer] }
[WebServer]  ⨯ Error: ENOENT: no such file or directory, open '/Users/aishwaryashrivastav/Development/port/.next/dev/server/app/admin/login/page/build-manifest.json'
[WebServer]     at ignore-listed frames {
[WebServer]   errno: -2,
[WebServer]   code: 'ENOENT',
[WebServer]   syscall: 'open',
[WebServer]   path: '/Users/aishwaryashrivastav/Development/port/.next/dev/server/app/admin/login/page/build-manifest.json'
[WebServer] }
[WebServer]  ⨯ Error: ENOENT: no such file or directory, open '/Users/aishwaryashrivastav/Development/port/.next/dev/server/app/admin/login/page/build-manifest.json'
[WebServer]     at ignore-listed frames {
[WebServer]   errno: -2,
[WebServer]   code: 'ENOENT',
[WebServer]   syscall: 'open',
[WebServer]   path: '/Users/aishwaryashrivastav/Development/port/.next/dev/server/app/admin/login/page/build-manifest.json'
[WebServer] }
[WebServer]  ⨯ Error: ENOENT: no such file or directory, open '/Users/aishwaryashrivastav/Development/port/.next/dev/server/app/admin/login/page/build-manifest.json'
[WebServer]     at ignore-listed frames {
[WebServer]   errno: -2,
[WebServer]   code: 'ENOENT',
[WebServer]   syscall: 'open',
[WebServer]   path: '/Users/aishwaryashrivastav/Development/port/.next/dev/server/app/admin/login/page/build-manifest.json'
[WebServer] }
[WebServer]  ⨯ Error: ENOENT: no such file or directory, open '/Users/aishwaryashrivastav/Development/port/.next/dev/server/app/admin/login/page/build-manifest.json'
[WebServer]     at ignore-listed frames {
[WebServer]   errno: -2,
[WebServer]   code: 'ENOENT',
[WebServer]   syscall: 'open',
[WebServer]   path: '/Users/aishwaryashrivastav/Development/port/.next/dev/server/app/admin/login/page/build-manifest.json'
[WebServer] }
[WebServer]  ⨯ Error: ENOENT: no such file or directory, open '/Users/aishwaryashrivastav/Development/port/.next/dev/server/app/admin/login/page/build-manifest.json'
[WebServer]     at ignore-listed frames {
[WebServer]   errno: -2,
[WebServer]   code: 'ENOENT',
[WebServer]   syscall: 'open',
[WebServer]   path: '/Users/aishwaryashrivastav/Development/port/.next/dev/server/app/admin/login/page/build-manifest.json'
[WebServer] }
[WebServer]  ⨯ Error: ENOENT: no such file or directory, open '/Users/aishwaryashrivastav/Development/port/.next/dev/server/app/admin/login/page/build-manifest.json'
[WebServer]     at ignore-listed frames {
[WebServer]   errno: -2,
[WebServer]   code: 'ENOENT',
[WebServer]   syscall: 'open',
[WebServer]   path: '/Users/aishwaryashrivastav/Development/port/.next/dev/server/app/admin/login/page/build-manifest.json'
[WebServer] }
[WebServer]  ⨯ Error: ENOENT: no such file or directory, open '/Users/aishwaryashrivastav/Development/port/.next/dev/server/app/admin/login/page/build-manifest.json'
[WebServer]     at ignore-listed frames {
[WebServer]   errno: -2,
[WebServer]   code: 'ENOENT',
[WebServer]   syscall: 'open',
[WebServer]   path: '/Users/aishwaryashrivastav/Development/port/.next/dev/server/app/admin/login/page/build-manifest.json'
[WebServer] }
[WebServer]  ⨯ Error: ENOENT: no such file or directory, open '/Users/aishwaryashrivastav/Development/port/.next/dev/server/app/admin/login/page/build-manifest.json'
[WebServer]     at ignore-listed frames {
[WebServer]   errno: -2,
[WebServer]   code: 'ENOENT',
[WebServer]   syscall: 'open',
[WebServer]   path: '/Users/aishwaryashrivastav/Development/port/.next/dev/server/app/admin/login/page/build-manifest.json'
[WebServer] }
[WebServer]  ⨯ Error: ENOENT: no such file or directory, open '/Users/aishwaryashrivastav/Development/port/.next/dev/server/app/admin/login/page/build-manifest.json'
[WebServer]     at ignore-listed frames {
[WebServer]   errno: -2,
[WebServer]   code: 'ENOENT',
[WebServer]   syscall: 'open',
[WebServer]   path: '/Users/aishwaryashrivastav/Development/port/.next/dev/server/app/admin/login/page/build-manifest.json'
[WebServer] }
[WebServer]  ⨯ Error: ENOENT: no such file or directory, open '/Users/aishwaryashrivastav/Development/port/.next/dev/server/app/admin/login/page/build-manifest.json'
[WebServer]     at ignore-listed frames {
[WebServer]   errno: -2,
[WebServer]   code: 'ENOENT',
[WebServer]   syscall: 'open',
[WebServer]   path: '/Users/aishwaryashrivastav/Development/port/.next/dev/server/app/admin/login/page/build-manifest.json'
[WebServer] }
[WebServer]  ⨯ Error: ENOENT: no such file or directory, open '/Users/aishwaryashrivastav/Development/port/.next/dev/server/app/admin/login/page/build-manifest.json'
[WebServer]     at ignore-listed frames {
[WebServer]   errno: -2,
[WebServer]   code: 'ENOENT',
[WebServer]   syscall: 'open',
[WebServer]   path: '/Users/aishwaryashrivastav/Development/port/.next/dev/server/app/admin/login/page/build-manifest.json'
[WebServer] }
[WebServer]  ⨯ Error: ENOENT: no such file or directory, open '/Users/aishwaryashrivastav/Development/port/.next/dev/server/app/admin/login/page/build-manifest.json'
[WebServer]     at ignore-listed frames {
[WebServer]   errno: -2,
[WebServer]   code: 'ENOENT',
[WebServer]   syscall: 'open',
[WebServer]   path: '/Users/aishwaryashrivastav/Development/port/.next/dev/server/app/admin/login/page/build-manifest.json'
[WebServer] }
[WebServer]  ⨯ Error: ENOENT: no such file or directory, open '/Users/aishwaryashrivastav/Development/port/.next/dev/server/app/admin/login/page/build-manifest.json'
[WebServer]     at ignore-listed frames {
[WebServer]   errno: -2,
[WebServer]   code: 'ENOENT',
[WebServer]   syscall: 'open',
[WebServer]   path: '/Users/aishwaryashrivastav/Development/port/.next/dev/server/app/admin/login/page/build-manifest.json'
[WebServer] }
[WebServer]  ⨯ Error: ENOENT: no such file or directory, open '/Users/aishwaryashrivastav/Development/port/.next/dev/server/app/admin/login/page/build-manifest.json'
[WebServer]     at ignore-listed frames {
[WebServer]   errno: -2,
[WebServer]   code: 'ENOENT',
[WebServer]   syscall: 'open',
[WebServer]   path: '/Users/aishwaryashrivastav/Development/port/.next/dev/server/app/admin/login/page/build-manifest.json'
[WebServer] }
[WebServer]  ⨯ Error: ENOENT: no such file or directory, open '/Users/aishwaryashrivastav/Development/port/.next/dev/server/app/admin/login/page/build-manifest.json'
[WebServer]     at ignore-listed frames {
[WebServer]   errno: -2,
[WebServer]   code: 'ENOENT',
[WebServer]   syscall: 'open',
[WebServer]   path: '/Users/aishwaryashrivastav/Development/port/.next/dev/server/app/admin/login/page/build-manifest.json'
[WebServer] }
[WebServer]  ⨯ Error: ENOENT: no such file or directory, open '/Users/aishwaryashrivastav/Development/port/.next/dev/server/app/admin/login/page/build-manifest.json'
[WebServer]     at ignore-listed frames {
[WebServer]   errno: -2,
[WebServer]   code: 'ENOENT',
[WebServer]   syscall: 'open',
[WebServer]   path: '/Users/aishwaryashrivastav/Development/port/.next/dev/server/app/admin/login/page/build-manifest.json'
[WebServer] }
[WebServer]  ⨯ Error: ENOENT: no such file or directory, open '/Users/aishwaryashrivastav/Development/port/.next/dev/server/app/admin/login/page/build-manifest.json'
[WebServer]     at ignore-listed frames {
[WebServer]   errno: -2,
[WebServer]   code: 'ENOENT',
[WebServer]   syscall: 'open',
[WebServer]   path: '/Users/aishwaryashrivastav/Development/port/.next/dev/server/app/admin/login/page/build-manifest.json'
[WebServer] }
[WebServer]  ⨯ Error: ENOENT: no such file or directory, open '/Users/aishwaryashrivastav/Development/port/.next/dev/server/app/admin/login/page/build-manifest.json'
[WebServer]     at ignore-listed frames {
[WebServer]   errno: -2,
[WebServer]   code: 'ENOENT',
[WebServer]   syscall: 'open',
[WebServer]   path: '/Users/aishwaryashrivastav/Development/port/.next/dev/server/app/admin/login/page/build-manifest.json'
[WebServer] }
[WebServer]  ⨯ Error: ENOENT: no such file or directory, open '/Users/aishwaryashrivastav/Development/port/.next/dev/server/app/admin/login/page/build-manifest.json'
[WebServer]     at ignore-listed frames {
[WebServer]   errno: -2,
[WebServer]   code: 'ENOENT',
[WebServer]   syscall: 'open',
[WebServer]   path: '/Users/aishwaryashrivastav/Development/port/.next/dev/server/app/admin/login/page/build-manifest.json'
[WebServer] }
[WebServer]  ⨯ Error: ENOENT: no such file or directory, open '/Users/aishwaryashrivastav/Development/port/.next/dev/server/app/admin/login/page/build-manifest.json'
[WebServer]     at ignore-listed frames {
[WebServer]   errno: -2,
[WebServer]   code: 'ENOENT',
[WebServer]   syscall: 'open',
[WebServer]   path: '/Users/aishwaryashrivastav/Development/port/.next/dev/server/app/admin/login/page/build-manifest.json'
[WebServer] }
[WebServer]  ⨯ Error: ENOENT: no such file or directory, open '/Users/aishwaryashrivastav/Development/port/.next/dev/server/app/admin/login/page/build-manifest.json'
[WebServer]     at ignore-listed frames {
[WebServer]   errno: -2,
[WebServer]   code: 'ENOENT',
[WebServer]   syscall: 'open',
[WebServer]   path: '/Users/aishwaryashrivastav/Development/port/.next/dev/server/app/admin/login/page/build-manifest.json'
[WebServer] }
[WebServer]  ⨯ Error: ENOENT: no such file or directory, open '/Users/aishwaryashrivastav/Development/port/.next/dev/server/app/admin/login/page/build-manifest.json'
[WebServer]     at ignore-listed frames {
[WebServer]   errno: -2,
[WebServer]   code: 'ENOENT',
[WebServer]   syscall: 'open',
[WebServer]   path: '/Users/aishwaryashrivastav/Development/port/.next/dev/server/app/admin/login/page/build-manifest.json'
[WebServer] }
[WebServer]  ⨯ Error: ENOENT: no such file or directory, open '/Users/aishwaryashrivastav/Development/port/.next/dev/server/app/admin/login/page/build-manifest.json'
[WebServer]     at ignore-listed frames {
[WebServer]   errno: -2,
[WebServer]   code: 'ENOENT',
[WebServer]   syscall: 'open',
[WebServer]   path: '/Users/aishwaryashrivastav/Development/port/.next/dev/server/app/admin/login/page/build-manifest.json'
[WebServer] }
[WebServer]  ⨯ Error: ENOENT: no such file or directory, open '/Users/aishwaryashrivastav/Development/port/.next/dev/server/app/admin/login/page/build-manifest.json'
[WebServer]     at ignore-listed frames {
[WebServer]   errno: -2,
[WebServer]   code: 'ENOENT',
[WebServer]   syscall: 'open',
[WebServer]   path: '/Users/aishwaryashrivastav/Development/port/.next/dev/server/app/admin/login/page/build-manifest.json'
[WebServer] }
[WebServer]  ⨯ Error: ENOENT: no such file or directory, open '/Users/aishwaryashrivastav/Development/port/.next/dev/server/app/admin/login/page/build-manifest.json'
[WebServer]     at ignore-listed frames {
[WebServer]   errno: -2,
[WebServer]   code: 'ENOENT',
[WebServer]   syscall: 'open',
[WebServer]   path: '/Users/aishwaryashrivastav/Development/port/.next/dev/server/app/admin/login/page/build-manifest.json'
[WebServer] }
[WebServer]  ⨯ Error: ENOENT: no such file or directory, open '/Users/aishwaryashrivastav/Development/port/.next/dev/server/app/admin/login/page/build-manifest.json'
[WebServer]     at ignore-listed frames {
[WebServer]   errno: -2,
[WebServer]   code: 'ENOENT',
[WebServer]   syscall: 'open',
[WebServer]   path: '/Users/aishwaryashrivastav/Development/port/.next/dev/server/app/admin/login/page/build-manifest.json'
[WebServer] }
[WebServer]  ⨯ Error: ENOENT: no such file or directory, open '/Users/aishwaryashrivastav/Development/port/.next/dev/server/app/admin/login/page/build-manifest.json'
[WebServer]     at ignore-listed frames {
[WebServer]   errno: -2,
[WebServer]   code: 'ENOENT',
[WebServer]   syscall: 'open',
[WebServer]   path: '/Users/aishwaryashrivastav/Development/port/.next/dev/server/app/admin/login/page/build-manifest.json'
[WebServer] }
[WebServer]  ⨯ Error: ENOENT: no such file or directory, open '/Users/aishwaryashrivastav/Development/port/.next/dev/server/app/admin/login/page/build-manifest.json'
[WebServer]     at ignore-listed frames {
[WebServer]   errno: -2,
[WebServer]   code: 'ENOENT',
[WebServer]   syscall: 'open',
[WebServer]   path: '/Users/aishwaryashrivastav/Development/port/.next/dev/server/app/admin/login/page/build-manifest.json'
[WebServer] }
[WebServer]  ⨯ Error: ENOENT: no such file or directory, open '/Users/aishwaryashrivastav/Development/port/.next/dev/server/app/admin/login/page/build-manifest.json'
[WebServer]     at ignore-listed frames {
[WebServer]   errno: -2,
[WebServer]   code: 'ENOENT',
[WebServer]   syscall: 'open',
[WebServer]   path: '/Users/aishwaryashrivastav/Development/port/.next/dev/server/app/admin/login/page/build-manifest.json'
[WebServer] }
[WebServer]  ⨯ Error: ENOENT: no such file or directory, open '/Users/aishwaryashrivastav/Development/port/.next/dev/server/app/admin/login/page/build-manifest.json'
[WebServer]     at ignore-listed frames {
[WebServer]   errno: -2,
[WebServer]   code: 'ENOENT',
[WebServer]   syscall: 'open',
[WebServer]   path: '/Users/aishwaryashrivastav/Development/port/.next/dev/server/app/admin/login/page/build-manifest.json'
[WebServer] }
[WebServer]  ⨯ Error: ENOENT: no such file or directory, open '/Users/aishwaryashrivastav/Development/port/.next/dev/server/app/admin/login/page/build-manifest.json'
[WebServer]     at ignore-listed frames {
[WebServer]   errno: -2,
[WebServer]   code: 'ENOENT',
[WebServer]   syscall: 'open',
[WebServer]   path: '/Users/aishwaryashrivastav/Development/port/.next/dev/server/app/admin/login/page/build-manifest.json'
[WebServer] }
[WebServer]  ⨯ Error: ENOENT: no such file or directory, open '/Users/aishwaryashrivastav/Development/port/.next/dev/server/app/admin/login/page/build-manifest.json'
[WebServer]     at ignore-listed frames {
[WebServer]   errno: -2,
[WebServer]   code: 'ENOENT',
[WebServer]   syscall: 'open',
[WebServer]   path: '/Users/aishwaryashrivastav/Development/port/.next/dev/server/app/admin/login/page/build-manifest.json'
[WebServer] }
[WebServer]  ⨯ Error: ENOENT: no such file or directory, open '/Users/aishwaryashrivastav/Development/port/.next/dev/server/app/admin/login/page/build-manifest.json'
[WebServer]     at ignore-listed frames {
[WebServer]   errno: -2,
[WebServer]   code: 'ENOENT',
[WebServer]   syscall: 'open',
[WebServer]   path: '/Users/aishwaryashrivastav/Development/port/.next/dev/server/app/admin/login/page/build-manifest.json'
[WebServer] }
[WebServer]  ⨯ Error: ENOENT: no such file or directory, open '/Users/aishwaryashrivastav/Development/port/.next/dev/server/app/admin/login/page/build-manifest.json'
[WebServer]     at ignore-listed frames {
[WebServer]   errno: -2,
[WebServer]   code: 'ENOENT',
[WebServer]   syscall: 'open',
[WebServer]   path: '/Users/aishwaryashrivastav/Development/port/.next/dev/server/app/admin/login/page/build-manifest.json'
[WebServer] }
[WebServer]  ⨯ Error: ENOENT: no such file or directory, open '/Users/aishwaryashrivastav/Development/port/.next/dev/server/app/admin/login/page/build-manifest.json'
[WebServer]     at ignore-listed frames {
[WebServer]   errno: -2,
[WebServer]   code: 'ENOENT',
[WebServer]   syscall: 'open',
[WebServer]   path: '/Users/aishwaryashrivastav/Development/port/.next/dev/server/app/admin/login/page/build-manifest.json'
[WebServer] }
[WebServer]  ⨯ Error: ENOENT: no such file or directory, open '/Users/aishwaryashrivastav/Development/port/.next/dev/server/app/admin/login/page/build-manifest.json'
[WebServer]     at ignore-listed frames {
[WebServer]   errno: -2,
[WebServer]   code: 'ENOENT',
[WebServer]   syscall: 'open',
[WebServer]   path: '/Users/aishwaryashrivastav/Development/port/.next/dev/server/app/admin/login/page/build-manifest.json'
[WebServer] }
[WebServer]  ⨯ Error: ENOENT: no such file or directory, open '/Users/aishwaryashrivastav/Development/port/.next/dev/server/app/admin/login/page/build-manifest.json'
[WebServer]     at ignore-listed frames {
[WebServer]   errno: -2,
[WebServer]   code: 'ENOENT',
[WebServer]   syscall: 'open',
[WebServer]   path: '/Users/aishwaryashrivastav/Development/port/.next/dev/server/app/admin/login/page/build-manifest.json'
[WebServer] }
[WebServer]  ⨯ Error: ENOENT: no such file or directory, open '/Users/aishwaryashrivastav/Development/port/.next/dev/server/app/admin/login/page/build-manifest.json'
[WebServer]     at ignore-listed frames {
[WebServer]   errno: -2,
[WebServer]   code: 'ENOENT',
[WebServer]   syscall: 'open',
[WebServer]   path: '/Users/aishwaryashrivastav/Development/port/.next/dev/server/app/admin/login/page/build-manifest.json'
[WebServer] }
[WebServer]  ⨯ Error: ENOENT: no such file or directory, open '/Users/aishwaryashrivastav/Development/port/.next/dev/server/app/admin/login/page/build-manifest.json'
[WebServer]     at ignore-listed frames {
[WebServer]   errno: -2,
[WebServer]   code: 'ENOENT',
[WebServer]   syscall: 'open',
[WebServer]   path: '/Users/aishwaryashrivastav/Development/port/.next/dev/server/app/admin/login/page/build-manifest.json'
[WebServer] }
[WebServer]  ⨯ Error: ENOENT: no such file or directory, open '/Users/aishwaryashrivastav/Development/port/.next/dev/server/app/admin/login/page/build-manifest.json'
[WebServer]     at ignore-listed frames {
[WebServer]   errno: -2,
[WebServer]   code: 'ENOENT',
[WebServer]   syscall: 'open',
[WebServer]   path: '/Users/aishwaryashrivastav/Development/port/.next/dev/server/app/admin/login/page/build-manifest.json'
[WebServer] }
[WebServer]  ⨯ Error: ENOENT: no such file or directory, open '/Users/aishwaryashrivastav/Development/port/.next/dev/server/app/admin/login/page/build-manifest.json'
[WebServer]     at ignore-listed frames {
[WebServer]   errno: -2,
[WebServer]   code: 'ENOENT',
[WebServer]   syscall: 'open',
[WebServer]   path: '/Users/aishwaryashrivastav/Development/port/.next/dev/server/app/admin/login/page/build-manifest.json'
[WebServer] }
[WebServer]  ⨯ Error: ENOENT: no such file or directory, open '/Users/aishwaryashrivastav/Development/port/.next/dev/server/app/admin/login/page/build-manifest.json'
[WebServer]     at ignore-listed frames {
[WebServer]   errno: -2,
[WebServer]   code: 'ENOENT',
[WebServer]   syscall: 'open',
[WebServer]   path: '/Users/aishwaryashrivastav/Development/port/.next/dev/server/app/admin/login/page/build-manifest.json'
[WebServer] }
[WebServer]  ⨯ Error: ENOENT: no such file or directory, open '/Users/aishwaryashrivastav/Development/port/.next/dev/server/app/admin/login/page/build-manifest.json'
[WebServer]     at ignore-listed frames {
[WebServer]   errno: -2,
[WebServer]   code: 'ENOENT',
[WebServer]   syscall: 'open',
[WebServer]   path: '/Users/aishwaryashrivastav/Development/port/.next/dev/server/app/admin/login/page/build-manifest.json'
[WebServer] }
[WebServer]  ⨯ Error: ENOENT: no such file or directory, open '/Users/aishwaryashrivastav/Development/port/.next/dev/server/app/admin/login/page/build-manifest.json'
[WebServer]     at ignore-listed frames {
[WebServer]   errno: -2,
[WebServer]   code: 'ENOENT',
[WebServer]   syscall: 'open',
[WebServer]   path: '/Users/aishwaryashrivastav/Development/port/.next/dev/server/app/admin/login/page/build-manifest.json'
[WebServer] }
[WebServer]  ⨯ Error: ENOENT: no such file or directory, open '/Users/aishwaryashrivastav/Development/port/.next/dev/server/app/admin/login/page/build-manifest.json'
[WebServer]     at ignore-listed frames {
[WebServer]   errno: -2,
[WebServer]   code: 'ENOENT',
[WebServer]   syscall: 'open',
[WebServer]   path: '/Users/aishwaryashrivastav/Development/port/.next/dev/server/app/admin/login/page/build-manifest.json'
[WebServer] }
[WebServer]  ⨯ Error: ENOENT: no such file or directory, open '/Users/aishwaryashrivastav/Development/port/.next/dev/server/app/admin/login/page/build-manifest.json'
[WebServer]     at ignore-listed frames {
[WebServer]   errno: -2,
[WebServer]   code: 'ENOENT',
[WebServer]   syscall: 'open',
[WebServer]   path: '/Users/aishwaryashrivastav/Development/port/.next/dev/server/app/admin/login/page/build-manifest.json'
[WebServer] }
[WebServer]  ⨯ Error: ENOENT: no such file or directory, open '/Users/aishwaryashrivastav/Development/port/.next/dev/server/app/admin/login/page/build-manifest.json'
[WebServer]     at ignore-listed frames {
[WebServer]   errno: -2,
[WebServer]   code: 'ENOENT',
[WebServer]   syscall: 'open',
[WebServer]   path: '/Users/aishwaryashrivastav/Development/port/.next/dev/server/app/admin/login/page/build-manifest.json'
[WebServer] }
[WebServer]  ⨯ Error: ENOENT: no such file or directory, open '/Users/aishwaryashrivastav/Development/port/.next/dev/server/app/admin/login/page/build-manifest.json'
[WebServer]     at ignore-listed frames {
[WebServer]   errno: -2,
[WebServer]   code: 'ENOENT',
[WebServer]   syscall: 'open',
[WebServer]   path: '/Users/aishwaryashrivastav/Development/port/.next/dev/server/app/admin/login/page/build-manifest.json'
[WebServer] }
[WebServer]  ⨯ Error: ENOENT: no such file or directory, open '/Users/aishwaryashrivastav/Development/port/.next/dev/server/app/admin/login/page/build-manifest.json'
[WebServer]     at ignore-listed frames {
[WebServer]   errno: -2,
[WebServer]   code: 'ENOENT',
[WebServer]   syscall: 'open',
[WebServer]   path: '/Users/aishwaryashrivastav/Development/port/.next/dev/server/app/admin/login/page/build-manifest.json'
[WebServer] }
[WebServer]  ⨯ Error: ENOENT: no such file or directory, open '/Users/aishwaryashrivastav/Development/port/.next/dev/server/app/admin/login/page/build-manifest.json'
[WebServer]     at ignore-listed frames {
[WebServer]   errno: -2,
[WebServer]   code: 'ENOENT',
[WebServer]   syscall: 'open',
[WebServer]   path: '/Users/aishwaryashrivastav/Development/port/.next/dev/server/app/admin/login/page/build-manifest.json'
[WebServer] }
[WebServer]  ⨯ Error: ENOENT: no such file or directory, open '/Users/aishwaryashrivastav/Development/port/.next/dev/server/app/admin/login/page/build-manifest.json'
[WebServer]     at ignore-listed frames {
[WebServer]   errno: -2,
[WebServer]   code: 'ENOENT',
[WebServer]   syscall: 'open',
[WebServer]   path: '/Users/aishwaryashrivastav/Development/port/.next/dev/server/app/admin/login/page/build-manifest.json'
[WebServer] }
[WebServer]  ⨯ Error: ENOENT: no such file or directory, open '/Users/aishwaryashrivastav/Development/port/.next/dev/server/app/admin/login/page/build-manifest.json'
[WebServer]     at ignore-listed frames {
[WebServer]   errno: -2,
[WebServer]   code: 'ENOENT',
[WebServer]   syscall: 'open',
[WebServer]   path: '/Users/aishwaryashrivastav/Development/port/.next/dev/server/app/admin/login/page/build-manifest.json'
[WebServer] }
[WebServer]  ⨯ Error: ENOENT: no such file or directory, open '/Users/aishwaryashrivastav/Development/port/.next/dev/server/app/admin/login/page/build-manifest.json'
[WebServer]     at ignore-listed frames {
[WebServer]   errno: -2,
[WebServer]   code: 'ENOENT',
[WebServer]   syscall: 'open',
[WebServer]   path: '/Users/aishwaryashrivastav/Development/port/.next/dev/server/app/admin/login/page/build-manifest.json'
[WebServer] }
[WebServer]  ⨯ Error: ENOENT: no such file or directory, open '/Users/aishwaryashrivastav/Development/port/.next/dev/server/app/admin/login/page/build-manifest.json'
[WebServer]     at ignore-listed frames {
[WebServer]   errno: -2,
[WebServer]   code: 'ENOENT',
[WebServer]   syscall: 'open',
[WebServer]   path: '/Users/aishwaryashrivastav/Development/port/.next/dev/server/app/admin/login/page/build-manifest.json'
[WebServer] }
[WebServer]  ⨯ Error: ENOENT: no such file or directory, open '/Users/aishwaryashrivastav/Development/port/.next/dev/server/app/admin/login/page/build-manifest.json'
[WebServer]     at ignore-listed frames {
[WebServer]   errno: -2,
[WebServer]   code: 'ENOENT',
[WebServer]   syscall: 'open',
[WebServer]   path: '/Users/aishwaryashrivastav/Development/port/.next/dev/server/app/admin/login/page/build-manifest.json'
[WebServer] }
[WebServer]  ⨯ Error: ENOENT: no such file or directory, open '/Users/aishwaryashrivastav/Development/port/.next/dev/server/app/admin/login/page/build-manifest.json'
[WebServer]     at ignore-listed frames {
[WebServer]   errno: -2,
[WebServer]   code: 'ENOENT',
[WebServer]   syscall: 'open',
[WebServer]   path: '/Users/aishwaryashrivastav/Development/port/.next/dev/server/app/admin/login/page/build-manifest.json'
[WebServer] }
[WebServer]  ⨯ Error: ENOENT: no such file or directory, open '/Users/aishwaryashrivastav/Development/port/.next/dev/server/app/admin/login/page/build-manifest.json'
[WebServer]     at ignore-listed frames {
[WebServer]   errno: -2,
[WebServer]   code: 'ENOENT',
[WebServer]   syscall: 'open',
[WebServer]   path: '/Users/aishwaryashrivastav/Development/port/.next/dev/server/app/admin/login/page/build-manifest.json'
[WebServer] }
[WebServer]  ⨯ Error: ENOENT: no such file or directory, open '/Users/aishwaryashrivastav/Development/port/.next/dev/server/app/admin/login/page/build-manifest.json'
[WebServer]     at ignore-listed frames {
[WebServer]   errno: -2,
[WebServer]   code: 'ENOENT',
[WebServer]   syscall: 'open',
[WebServer]   path: '/Users/aishwaryashrivastav/Development/port/.next/dev/server/app/admin/login/page/build-manifest.json'
[WebServer] }
[WebServer]  ⨯ Error: ENOENT: no such file or directory, open '/Users/aishwaryashrivastav/Development/port/.next/dev/server/app/admin/login/page/build-manifest.json'
[WebServer]     at ignore-listed frames {
[WebServer]   errno: -2,
[WebServer]   code: 'ENOENT',
[WebServer]   syscall: 'open',
[WebServer]   path: '/Users/aishwaryashrivastav/Development/port/.next/dev/server/app/admin/login/page/build-manifest.json'
[WebServer] }
[WebServer]  ⨯ Error: ENOENT: no such file or directory, open '/Users/aishwaryashrivastav/Development/port/.next/dev/server/app/admin/login/page/build-manifest.json'
[WebServer]     at ignore-listed frames {
[WebServer]   errno: -2,
[WebServer]   code: 'ENOENT',
[WebServer]   syscall: 'open',
[WebServer]   path: '/Users/aishwaryashrivastav/Development/port/.next/dev/server/app/admin/login/page/build-manifest.json'
[WebServer] }
[WebServer]  ⨯ Error: ENOENT: no such file or directory, open '/Users/aishwaryashrivastav/Development/port/.next/dev/server/app/admin/login/page/build-manifest.json'
[WebServer]     at ignore-listed frames {
[WebServer]   errno: -2,
[WebServer]   code: 'ENOENT',
[WebServer]   syscall: 'open',
[WebServer]   path: '/Users/aishwaryashrivastav/Development/port/.next/dev/server/app/admin/login/page/build-manifest.json'
[WebServer] }
[WebServer]  ⨯ Error: ENOENT: no such file or directory, open '/Users/aishwaryashrivastav/Development/port/.next/dev/server/app/admin/login/page/build-manifest.json'
[WebServer]     at ignore-listed frames {
[WebServer]   errno: -2,
[WebServer]   code: 'ENOENT',
[WebServer]   syscall: 'open',
[WebServer]   path: '/Users/aishwaryashrivastav/Development/port/.next/dev/server/app/admin/login/page/build-manifest.json'
[WebServer] }
[WebServer]  ⨯ Error: ENOENT: no such file or directory, open '/Users/aishwaryashrivastav/Development/port/.next/dev/server/app/admin/login/page/build-manifest.json'
[WebServer]     at ignore-listed frames {
[WebServer]   errno: -2,
[WebServer]   code: 'ENOENT',
[WebServer]   syscall: 'open',
[WebServer]   path: '/Users/aishwaryashrivastav/Development/port/.next/dev/server/app/admin/login/page/build-manifest.json'
[WebServer] }
[WebServer]  ⨯ Error: ENOENT: no such file or directory, open '/Users/aishwaryashrivastav/Development/port/.next/dev/server/app/admin/login/page/build-manifest.json'
[WebServer]     at ignore-listed frames {
[WebServer]   errno: -2,
[WebServer]   code: 'ENOENT',
[WebServer]   syscall: 'open',
[WebServer]   path: '/Users/aishwaryashrivastav/Development/port/.next/dev/server/app/admin/login/page/build-manifest.json'
[WebServer] }
[WebServer]  ⨯ Error: ENOENT: no such file or directory, open '/Users/aishwaryashrivastav/Development/port/.next/dev/server/app/admin/login/page/build-manifest.json'
[WebServer]     at ignore-listed frames {
[WebServer]   errno: -2,
[WebServer]   code: 'ENOENT',
[WebServer]   syscall: 'open',
[WebServer]   path: '/Users/aishwaryashrivastav/Development/port/.next/dev/server/app/admin/login/page/build-manifest.json'
[WebServer] }
[WebServer]  ⨯ Error: ENOENT: no such file or directory, open '/Users/aishwaryashrivastav/Development/port/.next/dev/server/app/admin/login/page/build-manifest.json'
[WebServer]     at ignore-listed frames {
[WebServer]   errno: -2,
[WebServer]   code: 'ENOENT',
[WebServer]   syscall: 'open',
[WebServer]   path: '/Users/aishwaryashrivastav/Development/port/.next/dev/server/app/admin/login/page/build-manifest.json'
[WebServer] }
[WebServer]  ⨯ Error: ENOENT: no such file or directory, open '/Users/aishwaryashrivastav/Development/port/.next/dev/server/app/admin/login/page/build-manifest.json'
[WebServer]     at ignore-listed frames {
[WebServer]   errno: -2,
[WebServer]   code: 'ENOENT',
[WebServer]   syscall: 'open',
[WebServer]   path: '/Users/aishwaryashrivastav/Development/port/.next/dev/server/app/admin/login/page/build-manifest.json'
[WebServer] }
[WebServer]  ⨯ Error: ENOENT: no such file or directory, open '/Users/aishwaryashrivastav/Development/port/.next/dev/server/app/admin/login/page/build-manifest.json'
[WebServer]     at ignore-listed frames {
[WebServer]   errno: -2,
[WebServer]   code: 'ENOENT',
[WebServer]   syscall: 'open',
[WebServer]   path: '/Users/aishwaryashrivastav/Development/port/.next/dev/server/app/admin/login/page/build-manifest.json'
[WebServer] }
[WebServer]  ⨯ Error: ENOENT: no such file or directory, open '/Users/aishwaryashrivastav/Development/port/.next/dev/server/app/admin/login/page/build-manifest.json'
[WebServer]     at ignore-listed frames {
[WebServer]   errno: -2,
[WebServer]   code: 'ENOENT',
[WebServer]   syscall: 'open',
[WebServer]   path: '/Users/aishwaryashrivastav/Development/port/.next/dev/server/app/admin/login/page/build-manifest.json'
[WebServer] }
[WebServer]  ⨯ Error: ENOENT: no such file or directory, open '/Users/aishwaryashrivastav/Development/port/.next/dev/server/app/admin/login/page/build-manifest.json'
[WebServer]     at ignore-listed frames {
[WebServer]   errno: -2,
[WebServer]   code: 'ENOENT',
[WebServer]   syscall: 'open',
[WebServer]   path: '/Users/aishwaryashrivastav/Development/port/.next/dev/server/app/admin/login/page/build-manifest.json'
[WebServer] }
[WebServer]  ⨯ Error: ENOENT: no such file or directory, open '/Users/aishwaryashrivastav/Development/port/.next/dev/server/app/admin/login/page/build-manifest.json'
[WebServer]     at ignore-listed frames {
[WebServer]   errno: -2,
[WebServer]   code: 'ENOENT',
[WebServer]   syscall: 'open',
[WebServer]   path: '/Users/aishwaryashrivastav/Development/port/.next/dev/server/app/admin/login/page/build-manifest.json'
[WebServer] }
[WebServer]  ⨯ Error: ENOENT: no such file or directory, open '/Users/aishwaryashrivastav/Development/port/.next/dev/server/app/admin/login/page/build-manifest.json'
[WebServer]     at ignore-listed frames {
[WebServer]   errno: -2,
[WebServer]   code: 'ENOENT',
[WebServer]   syscall: 'open',
[WebServer]   path: '/Users/aishwaryashrivastav/Development/port/.next/dev/server/app/admin/login/page/build-manifest.json'
[WebServer] }
[WebServer]  ⨯ Error: ENOENT: no such file or directory, open '/Users/aishwaryashrivastav/Development/port/.next/dev/server/app/admin/login/page/build-manifest.json'
[WebServer]     at ignore-listed frames {
[WebServer]   errno: -2,
[WebServer]   code: 'ENOENT',
[WebServer]   syscall: 'open',
[WebServer]   path: '/Users/aishwaryashrivastav/Development/port/.next/dev/server/app/admin/login/page/build-manifest.json'
[WebServer] }
[WebServer]  ⨯ Error: ENOENT: no such file or directory, open '/Users/aishwaryashrivastav/Development/port/.next/dev/server/app/admin/login/page/build-manifest.json'
[WebServer]     at ignore-listed frames {
[WebServer]   errno: -2,
[WebServer]   code: 'ENOENT',
[WebServer]   syscall: 'open',
[WebServer]   path: '/Users/aishwaryashrivastav/Development/port/.next/dev/server/app/admin/login/page/build-manifest.json'
[WebServer] }
[WebServer]  ⨯ Error: ENOENT: no such file or directory, open '/Users/aishwaryashrivastav/Development/port/.next/dev/server/app/admin/login/page/build-manifest.json'
[WebServer]     at ignore-listed frames {
[WebServer]   errno: -2,
[WebServer]   code: 'ENOENT',
[WebServer]   syscall: 'open',
[WebServer]   path: '/Users/aishwaryashrivastav/Development/port/.next/dev/server/app/admin/login/page/build-manifest.json'
[WebServer] }
[WebServer]  ⨯ Error: ENOENT: no such file or directory, open '/Users/aishwaryashrivastav/Development/port/.next/dev/server/app/admin/login/page/build-manifest.json'
[WebServer]     at ignore-listed frames {
[WebServer]   errno: -2,
[WebServer]   code: 'ENOENT',
[WebServer]   syscall: 'open',
[WebServer]   path: '/Users/aishwaryashrivastav/Development/port/.next/dev/server/app/admin/login/page/build-manifest.json'
[WebServer] }
[WebServer]  ⨯ Error: ENOENT: no such file or directory, open '/Users/aishwaryashrivastav/Development/port/.next/dev/server/app/admin/login/page/build-manifest.json'
[WebServer]     at ignore-listed frames {
[WebServer]   errno: -2,
[WebServer]   code: 'ENOENT',
[WebServer]   syscall: 'open',
[WebServer]   path: '/Users/aishwaryashrivastav/Development/port/.next/dev/server/app/admin/login/page/build-manifest.json'
[WebServer] }
[WebServer]  ⨯ Error: ENOENT: no such file or directory, open '/Users/aishwaryashrivastav/Development/port/.next/dev/server/app/admin/login/page/build-manifest.json'
[WebServer]     at ignore-listed frames {
[WebServer]   errno: -2,
[WebServer]   code: 'ENOENT',
[WebServer]   syscall: 'open',
[WebServer]   path: '/Users/aishwaryashrivastav/Development/port/.next/dev/server/app/admin/login/page/build-manifest.json'
[WebServer] }
[WebServer]  ⨯ Error: ENOENT: no such file or directory, open '/Users/aishwaryashrivastav/Development/port/.next/dev/server/app/admin/login/page/build-manifest.json'
[WebServer]     at ignore-listed frames {
[WebServer]   errno: -2,
[WebServer]   code: 'ENOENT',
[WebServer]   syscall: 'open',
[WebServer]   path: '/Users/aishwaryashrivastav/Development/port/.next/dev/server/app/admin/login/page/build-manifest.json'
[WebServer] }
[WebServer]  ⨯ Error: ENOENT: no such file or directory, open '/Users/aishwaryashrivastav/Development/port/.next/dev/server/app/admin/login/page/build-manifest.json'
[WebServer]     at ignore-listed frames {
[WebServer]   errno: -2,
[WebServer]   code: 'ENOENT',
[WebServer]   syscall: 'open',
[WebServer]   path: '/Users/aishwaryashrivastav/Development/port/.next/dev/server/app/admin/login/page/build-manifest.json'
[WebServer] }
[WebServer]  ⨯ Error: ENOENT: no such file or directory, open '/Users/aishwaryashrivastav/Development/port/.next/dev/server/app/admin/login/page/build-manifest.json'
[WebServer]     at ignore-listed frames {
[WebServer]   errno: -2,
[WebServer]   code: 'ENOENT',
[WebServer]   syscall: 'open',
[WebServer]   path: '/Users/aishwaryashrivastav/Development/port/.next/dev/server/app/admin/login/page/build-manifest.json'
[WebServer] }
[WebServer]  ⨯ Error: ENOENT: no such file or directory, open '/Users/aishwaryashrivastav/Development/port/.next/dev/server/app/admin/login/page/build-manifest.json'
[WebServer]     at ignore-listed frames {
[WebServer]   errno: -2,
[WebServer]   code: 'ENOENT',
[WebServer]   syscall: 'open',
[WebServer]   path: '/Users/aishwaryashrivastav/Development/port/.next/dev/server/app/admin/login/page/build-manifest.json'
[WebServer] }
[WebServer]  ⨯ Error: ENOENT: no such file or directory, open '/Users/aishwaryashrivastav/Development/port/.next/dev/server/app/admin/login/page/build-manifest.json'
[WebServer]     at ignore-listed frames {
[WebServer]   errno: -2,
[WebServer]   code: 'ENOENT',
[WebServer]   syscall: 'open',
[WebServer]   path: '/Users/aishwaryashrivastav/Development/port/.next/dev/server/app/admin/login/page/build-manifest.json'
[WebServer] }
[WebServer]  ⨯ Error: ENOENT: no such file or directory, open '/Users/aishwaryashrivastav/Development/port/.next/dev/server/app/admin/login/page/build-manifest.json'
[WebServer]     at ignore-listed frames {
[WebServer]   errno: -2,
[WebServer]   code: 'ENOENT',
[WebServer]   syscall: 'open',
[WebServer]   path: '/Users/aishwaryashrivastav/Development/port/.next/dev/server/app/admin/login/page/build-manifest.json'
[WebServer] }
[WebServer]  ⨯ Error: ENOENT: no such file or directory, open '/Users/aishwaryashrivastav/Development/port/.next/dev/server/app/admin/login/page/build-manifest.json'
[WebServer]     at ignore-listed frames {
[WebServer]   errno: -2,
[WebServer]   code: 'ENOENT',
[WebServer]   syscall: 'open',
[WebServer]   path: '/Users/aishwaryashrivastav/Development/port/.next/dev/server/app/admin/login/page/build-manifest.json'
[WebServer] }
[WebServer]  ⨯ Error: ENOENT: no such file or directory, open '/Users/aishwaryashrivastav/Development/port/.next/dev/server/app/admin/login/page/build-manifest.json'
[WebServer]     at ignore-listed frames {
[WebServer]   errno: -2,
[WebServer]   code: 'ENOENT',
[WebServer]   syscall: 'open',
[WebServer]   path: '/Users/aishwaryashrivastav/Development/port/.next/dev/server/app/admin/login/page/build-manifest.json'
[WebServer] }
[WebServer]  ⨯ Error: ENOENT: no such file or directory, open '/Users/aishwaryashrivastav/Development/port/.next/dev/server/app/admin/login/page/build-manifest.json'
[WebServer]     at ignore-listed frames {
[WebServer]   errno: -2,
[WebServer]   code: 'ENOENT',
[WebServer]   syscall: 'open',
[WebServer]   path: '/Users/aishwaryashrivastav/Development/port/.next/dev/server/app/admin/login/page/build-manifest.json'
[WebServer] }
[WebServer]  ⨯ Error: ENOENT: no such file or directory, open '/Users/aishwaryashrivastav/Development/port/.next/dev/server/app/admin/login/page/build-manifest.json'
[WebServer]     at ignore-listed frames {
[WebServer]   errno: -2,
[WebServer]   code: 'ENOENT',
[WebServer]   syscall: 'open',
[WebServer]   path: '/Users/aishwaryashrivastav/Development/port/.next/dev/server/app/admin/login/page/build-manifest.json'
[WebServer] }
[WebServer]  ⨯ Error: ENOENT: no such file or directory, open '/Users/aishwaryashrivastav/Development/port/.next/dev/server/app/admin/login/page/build-manifest.json'
[WebServer]     at ignore-listed frames {
[WebServer]   errno: -2,
[WebServer]   code: 'ENOENT',
[WebServer]   syscall: 'open',
[WebServer]   path: '/Users/aishwaryashrivastav/Development/port/.next/dev/server/app/admin/login/page/build-manifest.json'
[WebServer] }
[WebServer]  ⨯ Error: ENOENT: no such file or directory, open '/Users/aishwaryashrivastav/Development/port/.next/dev/server/app/admin/login/page/build-manifest.json'
[WebServer]     at ignore-listed frames {
[WebServer]   errno: -2,
[WebServer]   code: 'ENOENT',
[WebServer]   syscall: 'open',
[WebServer]   path: '/Users/aishwaryashrivastav/Development/port/.next/dev/server/app/admin/login/page/build-manifest.json'
[WebServer] }
[WebServer]  ⨯ Error: ENOENT: no such file or directory, open '/Users/aishwaryashrivastav/Development/port/.next/dev/server/app/admin/login/page/build-manifest.json'
[WebServer]     at ignore-listed frames {
[WebServer]   errno: -2,
[WebServer]   code: 'ENOENT',
[WebServer]   syscall: 'open',
[WebServer]   path: '/Users/aishwaryashrivastav/Development/port/.next/dev/server/app/admin/login/page/build-manifest.json'
[WebServer] }
[WebServer]  ⨯ Error: ENOENT: no such file or directory, open '/Users/aishwaryashrivastav/Development/port/.next/dev/server/app/admin/login/page/build-manifest.json'
[WebServer]     at ignore-listed frames {
[WebServer]   errno: -2,
[WebServer]   code: 'ENOENT',
[WebServer]   syscall: 'open',
[WebServer]   path: '/Users/aishwaryashrivastav/Development/port/.next/dev/server/app/admin/login/page/build-manifest.json'
[WebServer] }
[WebServer]  ⨯ Error: ENOENT: no such file or directory, open '/Users/aishwaryashrivastav/Development/port/.next/dev/server/app/admin/login/page/build-manifest.json'
[WebServer]     at ignore-listed frames {
[WebServer]   errno: -2,
[WebServer]   code: 'ENOENT',
[WebServer]   syscall: 'open',
[WebServer]   path: '/Users/aishwaryashrivastav/Development/port/.next/dev/server/app/admin/login/page/build-manifest.json'
[WebServer] }
[WebServer]  ⨯ Error: ENOENT: no such file or directory, open '/Users/aishwaryashrivastav/Development/port/.next/dev/server/app/admin/login/page/build-manifest.json'
[WebServer]     at ignore-listed frames {
[WebServer]   errno: -2,
[WebServer]   code: 'ENOENT',
[WebServer]   syscall: 'open',
[WebServer]   path: '/Users/aishwaryashrivastav/Development/port/.next/dev/server/app/admin/login/page/build-manifest.json'
[WebServer] }
[WebServer]  ⨯ Error: ENOENT: no such file or directory, open '/Users/aishwaryashrivastav/Development/port/.next/dev/server/app/admin/login/page/build-manifest.json'
[WebServer]     at ignore-listed frames {
[WebServer]   errno: -2,
[WebServer]   code: 'ENOENT',
[WebServer]   syscall: 'open',
[WebServer]   path: '/Users/aishwaryashrivastav/Development/port/.next/dev/server/app/admin/login/page/build-manifest.json'
[WebServer] }
[WebServer]  ⨯ Error: ENOENT: no such file or directory, open '/Users/aishwaryashrivastav/Development/port/.next/dev/server/app/admin/login/page/build-manifest.json'
[WebServer]     at ignore-listed frames {
[WebServer]   errno: -2,
[WebServer]   code: 'ENOENT',
[WebServer]   syscall: 'open',
[WebServer]   path: '/Users/aishwaryashrivastav/Development/port/.next/dev/server/app/admin/login/page/build-manifest.json'
[WebServer] }
[WebServer]  ⨯ Error: ENOENT: no such file or directory, open '/Users/aishwaryashrivastav/Development/port/.next/dev/server/app/admin/login/page/build-manifest.json'
[WebServer]     at ignore-listed frames {
[WebServer]   errno: -2,
[WebServer]   code: 'ENOENT',
[WebServer]   syscall: 'open',
[WebServer]   path: '/Users/aishwaryashrivastav/Development/port/.next/dev/server/app/admin/login/page/build-manifest.json'
[WebServer] }
[WebServer]  ⨯ Error: ENOENT: no such file or directory, open '/Users/aishwaryashrivastav/Development/port/.next/dev/server/app/admin/login/page/build-manifest.json'
[WebServer]     at ignore-listed frames {
[WebServer]   errno: -2,
[WebServer]   code: 'ENOENT',
[WebServer]   syscall: 'open',
[WebServer]   path: '/Users/aishwaryashrivastav/Development/port/.next/dev/server/app/admin/login/page/build-manifest.json'
[WebServer] }
[WebServer]  ⨯ Error: ENOENT: no such file or directory, open '/Users/aishwaryashrivastav/Development/port/.next/dev/server/app/admin/login/page/build-manifest.json'
[WebServer]     at ignore-listed frames {
[WebServer]   errno: -2,
[WebServer]   code: 'ENOENT',
[WebServer]   syscall: 'open',
[WebServer]   path: '/Users/aishwaryashrivastav/Development/port/.next/dev/server/app/admin/login/page/build-manifest.json'
[WebServer] }
[WebServer]  ⨯ Error: ENOENT: no such file or directory, open '/Users/aishwaryashrivastav/Development/port/.next/dev/server/app/admin/login/page/build-manifest.json'
[WebServer]     at ignore-listed frames {
[WebServer]   errno: -2,
[WebServer]   code: 'ENOENT',
[WebServer]   syscall: 'open',
[WebServer]   path: '/Users/aishwaryashrivastav/Development/port/.next/dev/server/app/admin/login/page/build-manifest.json'
[WebServer] }
[WebServer]  ⨯ Error: ENOENT: no such file or directory, open '/Users/aishwaryashrivastav/Development/port/.next/dev/server/app/admin/login/page/build-manifest.json'
[WebServer]     at ignore-listed frames {
[WebServer]   errno: -2,
[WebServer]   code: 'ENOENT',
[WebServer]   syscall: 'open',
[WebServer]   path: '/Users/aishwaryashrivastav/Development/port/.next/dev/server/app/admin/login/page/build-manifest.json'
[WebServer] }
[WebServer]  ⨯ Error: ENOENT: no such file or directory, open '/Users/aishwaryashrivastav/Development/port/.next/dev/server/app/admin/login/page/build-manifest.json'
[WebServer]     at ignore-listed frames {
[WebServer]   errno: -2,
[WebServer]   code: 'ENOENT',
[WebServer]   syscall: 'open',
[WebServer]   path: '/Users/aishwaryashrivastav/Development/port/.next/dev/server/app/admin/login/page/build-manifest.json'
[WebServer] }
[WebServer]  ⨯ Error: ENOENT: no such file or directory, open '/Users/aishwaryashrivastav/Development/port/.next/dev/server/app/admin/login/page/build-manifest.json'
[WebServer]     at ignore-listed frames {
[WebServer]   errno: -2,
[WebServer]   code: 'ENOENT',
[WebServer]   syscall: 'open',
[WebServer]   path: '/Users/aishwaryashrivastav/Development/port/.next/dev/server/app/admin/login/page/build-manifest.json'
[WebServer] }
[WebServer]  ⨯ Error: ENOENT: no such file or directory, open '/Users/aishwaryashrivastav/Development/port/.next/dev/server/app/admin/login/page/build-manifest.json'
[WebServer]     at ignore-listed frames {
[WebServer]   errno: -2,
[WebServer]   code: 'ENOENT',
[WebServer]   syscall: 'open',
[WebServer]   path: '/Users/aishwaryashrivastav/Development/port/.next/dev/server/app/admin/login/page/build-manifest.json'
[WebServer] }
[WebServer]  ⨯ Error: ENOENT: no such file or directory, open '/Users/aishwaryashrivastav/Development/port/.next/dev/server/app/admin/login/page/build-manifest.json'
[WebServer]     at ignore-listed frames {
[WebServer]   errno: -2,
[WebServer]   code: 'ENOENT',
[WebServer]   syscall: 'open',
[WebServer]   path: '/Users/aishwaryashrivastav/Development/port/.next/dev/server/app/admin/login/page/build-manifest.json'
[WebServer] }
[WebServer]  ⨯ Error: ENOENT: no such file or directory, open '/Users/aishwaryashrivastav/Development/port/.next/dev/server/app/admin/login/page/build-manifest.json'
[WebServer]     at ignore-listed frames {
[WebServer]   errno: -2,
[WebServer]   code: 'ENOENT',
[WebServer]   syscall: 'open',
[WebServer]   path: '/Users/aishwaryashrivastav/Development/port/.next/dev/server/app/admin/login/page/build-manifest.json'
[WebServer] }
[WebServer]  ⨯ Error: ENOENT: no such file or directory, open '/Users/aishwaryashrivastav/Development/port/.next/dev/server/app/admin/login/page/build-manifest.json'
[WebServer]     at ignore-listed frames {
[WebServer]   errno: -2,
[WebServer]   code: 'ENOENT',
[WebServer]   syscall: 'open',
[WebServer]   path: '/Users/aishwaryashrivastav/Development/port/.next/dev/server/app/admin/login/page/build-manifest.json'
[WebServer] }
[WebServer]  ⨯ Error: ENOENT: no such file or directory, open '/Users/aishwaryashrivastav/Development/port/.next/dev/server/app/admin/login/page/build-manifest.json'
[WebServer]     at ignore-listed frames {
[WebServer]   errno: -2,
[WebServer]   code: 'ENOENT',
[WebServer]   syscall: 'open',
[WebServer]   path: '/Users/aishwaryashrivastav/Development/port/.next/dev/server/app/admin/login/page/build-manifest.json'
[WebServer] }
[WebServer]  ⨯ Error: ENOENT: no such file or directory, open '/Users/aishwaryashrivastav/Development/port/.next/dev/server/app/admin/login/page/build-manifest.json'
[WebServer]     at ignore-listed frames {
[WebServer]   errno: -2,
[WebServer]   code: 'ENOENT',
[WebServer]   syscall: 'open',
[WebServer]   path: '/Users/aishwaryashrivastav/Development/port/.next/dev/server/app/admin/login/page/build-manifest.json'
[WebServer] }
[WebServer]  ⨯ Error: ENOENT: no such file or directory, open '/Users/aishwaryashrivastav/Development/port/.next/dev/server/app/admin/login/page/build-manifest.json'
[WebServer]     at ignore-listed frames {
[WebServer]   errno: -2,
[WebServer]   code: 'ENOENT',
[WebServer]   syscall: 'open',
[WebServer]   path: '/Users/aishwaryashrivastav/Development/port/.next/dev/server/app/admin/login/page/build-manifest.json'
[WebServer] }
[WebServer]  ⨯ Error: ENOENT: no such file or directory, open '/Users/aishwaryashrivastav/Development/port/.next/dev/server/app/admin/login/page/build-manifest.json'
[WebServer]     at ignore-listed frames {
[WebServer]   errno: -2,
[WebServer]   code: 'ENOENT',
[WebServer]   syscall: 'open',
[WebServer]   path: '/Users/aishwaryashrivastav/Development/port/.next/dev/server/app/admin/login/page/build-manifest.json'
[WebServer] }
[WebServer]  ⨯ Error: ENOENT: no such file or directory, open '/Users/aishwaryashrivastav/Development/port/.next/dev/server/app/admin/login/page/build-manifest.json'
[WebServer]     at ignore-listed frames {
[WebServer]   errno: -2,
[WebServer]   code: 'ENOENT',
[WebServer]   syscall: 'open',
[WebServer]   path: '/Users/aishwaryashrivastav/Development/port/.next/dev/server/app/admin/login/page/build-manifest.json'
[WebServer] }
[WebServer]  ⨯ Error: ENOENT: no such file or directory, open '/Users/aishwaryashrivastav/Development/port/.next/dev/server/app/admin/login/page/build-manifest.json'
[WebServer]     at ignore-listed frames {
[WebServer]   errno: -2,
[WebServer]   code: 'ENOENT',
[WebServer]   syscall: 'open',
[WebServer]   path: '/Users/aishwaryashrivastav/Development/port/.next/dev/server/app/admin/login/page/build-manifest.json'
[WebServer] }
[WebServer]  ⨯ Error: ENOENT: no such file or directory, open '/Users/aishwaryashrivastav/Development/port/.next/dev/server/app/admin/login/page/build-manifest.json'
[WebServer]     at ignore-listed frames {
[WebServer]   errno: -2,
[WebServer]   code: 'ENOENT',
[WebServer]   syscall: 'open',
[WebServer]   path: '/Users/aishwaryashrivastav/Development/port/.next/dev/server/app/admin/login/page/build-manifest.json'
[WebServer] }
[WebServer]  ⨯ Error: ENOENT: no such file or directory, open '/Users/aishwaryashrivastav/Development/port/.next/dev/server/app/admin/login/page/build-manifest.json'
[WebServer]     at ignore-listed frames {
[WebServer]   errno: -2,
[WebServer]   code: 'ENOENT',
[WebServer]   syscall: 'open',
[WebServer]   path: '/Users/aishwaryashrivastav/Development/port/.next/dev/server/app/admin/login/page/build-manifest.json'
[WebServer] }
[WebServer]  ⨯ Error: ENOENT: no such file or directory, open '/Users/aishwaryashrivastav/Development/port/.next/dev/server/app/admin/login/page/build-manifest.json'
[WebServer]     at ignore-listed frames {
[WebServer]   errno: -2,
[WebServer]   code: 'ENOENT',
[WebServer]   syscall: 'open',
[WebServer]   path: '/Users/aishwaryashrivastav/Development/port/.next/dev/server/app/admin/login/page/build-manifest.json'
[WebServer] }
[WebServer]  ⨯ Error: ENOENT: no such file or directory, open '/Users/aishwaryashrivastav/Development/port/.next/dev/server/app/admin/login/page/build-manifest.json'
[WebServer]     at ignore-listed frames {
[WebServer]   errno: -2,
[WebServer]   code: 'ENOENT',
[WebServer]   syscall: 'open',
[WebServer]   path: '/Users/aishwaryashrivastav/Development/port/.next/dev/server/app/admin/login/page/build-manifest.json'
[WebServer] }
[WebServer]  ⨯ Error: ENOENT: no such file or directory, open '/Users/aishwaryashrivastav/Development/port/.next/dev/server/app/admin/login/page/build-manifest.json'
[WebServer]     at ignore-listed frames {
[WebServer]   errno: -2,
[WebServer]   code: 'ENOENT',
[WebServer]   syscall: 'open',
[WebServer]   path: '/Users/aishwaryashrivastav/Development/port/.next/dev/server/app/admin/login/page/build-manifest.json'
[WebServer] }
[WebServer]  ⨯ Error: ENOENT: no such file or directory, open '/Users/aishwaryashrivastav/Development/port/.next/dev/server/app/admin/login/page/build-manifest.json'
[WebServer]     at ignore-listed frames {
[WebServer]   errno: -2,
[WebServer]   code: 'ENOENT',
[WebServer]   syscall: 'open',
[WebServer]   path: '/Users/aishwaryashrivastav/Development/port/.next/dev/server/app/admin/login/page/build-manifest.json'
[WebServer] }
[WebServer]  ⨯ Error: ENOENT: no such file or directory, open '/Users/aishwaryashrivastav/Development/port/.next/dev/server/app/admin/login/page/build-manifest.json'
[WebServer]     at ignore-listed frames {
[WebServer]   errno: -2,
[WebServer]   code: 'ENOENT',
[WebServer]   syscall: 'open',
[WebServer]   path: '/Users/aishwaryashrivastav/Development/port/.next/dev/server/app/admin/login/page/build-manifest.json'
[WebServer] }
[WebServer]  ⨯ Error: ENOENT: no such file or directory, open '/Users/aishwaryashrivastav/Development/port/.next/dev/server/app/admin/login/page/build-manifest.json'
[WebServer]     at ignore-listed frames {
[WebServer]   errno: -2,
[WebServer]   code: 'ENOENT',
[WebServer]   syscall: 'open',
[WebServer]   path: '/Users/aishwaryashrivastav/Development/port/.next/dev/server/app/admin/login/page/build-manifest.json'
[WebServer] }
[WebServer]  ⨯ Error: ENOENT: no such file or directory, open '/Users/aishwaryashrivastav/Development/port/.next/dev/server/app/admin/login/page/build-manifest.json'
[WebServer]     at ignore-listed frames {
[WebServer]   errno: -2,
[WebServer]   code: 'ENOENT',
[WebServer]   syscall: 'open',
[WebServer]   path: '/Users/aishwaryashrivastav/Development/port/.next/dev/server/app/admin/login/page/build-manifest.json'
[WebServer] }
[WebServer]  ⨯ Error: ENOENT: no such file or directory, open '/Users/aishwaryashrivastav/Development/port/.next/dev/server/app/admin/login/page/build-manifest.json'
[WebServer]     at ignore-listed frames {
[WebServer]   errno: -2,
[WebServer]   code: 'ENOENT',
[WebServer]   syscall: 'open',
[WebServer]   path: '/Users/aishwaryashrivastav/Development/port/.next/dev/server/app/admin/login/page/build-manifest.json'
[WebServer] }
[WebServer]  ⨯ Error: ENOENT: no such file or directory, open '/Users/aishwaryashrivastav/Development/port/.next/dev/server/app/admin/login/page/build-manifest.json'
[WebServer]     at ignore-listed frames {
[WebServer]   errno: -2,
[WebServer]   code: 'ENOENT',
[WebServer]   syscall: 'open',
[WebServer]   path: '/Users/aishwaryashrivastav/Development/port/.next/dev/server/app/admin/login/page/build-manifest.json'
[WebServer] }
[WebServer]  ⨯ Error: ENOENT: no such file or directory, open '/Users/aishwaryashrivastav/Development/port/.next/dev/server/app/admin/login/page/build-manifest.json'
[WebServer]     at ignore-listed frames {
[WebServer]   errno: -2,
[WebServer]   code: 'ENOENT',
[WebServer]   syscall: 'open',
[WebServer]   path: '/Users/aishwaryashrivastav/Development/port/.next/dev/server/app/admin/login/page/build-manifest.json'
[WebServer] }
[WebServer]  ⨯ Error: ENOENT: no such file or directory, open '/Users/aishwaryashrivastav/Development/port/.next/dev/server/app/admin/login/page/build-manifest.json'
[WebServer]     at ignore-listed frames {
[WebServer]   errno: -2,
[WebServer]   code: 'ENOENT',
[WebServer]   syscall: 'open',
[WebServer]   path: '/Users/aishwaryashrivastav/Development/port/.next/dev/server/app/admin/login/page/build-manifest.json'
[WebServer] }
[WebServer]  ⨯ Error: ENOENT: no such file or directory, open '/Users/aishwaryashrivastav/Development/port/.next/dev/server/app/admin/login/page/build-manifest.json'
[WebServer]     at ignore-listed frames {
[WebServer]   errno: -2,
[WebServer]   code: 'ENOENT',
[WebServer]   syscall: 'open',
[WebServer]   path: '/Users/aishwaryashrivastav/Development/port/.next/dev/server/app/admin/login/page/build-manifest.json'
[WebServer] }
[WebServer]  ⨯ Error: ENOENT: no such file or directory, open '/Users/aishwaryashrivastav/Development/port/.next/dev/server/app/admin/login/page/build-manifest.json'
[WebServer]     at ignore-listed frames {
[WebServer]   errno: -2,
[WebServer]   code: 'ENOENT',
[WebServer]   syscall: 'open',
[WebServer]   path: '/Users/aishwaryashrivastav/Development/port/.next/dev/server/app/admin/login/page/build-manifest.json'
[WebServer] }
[WebServer]  ⨯ Error: ENOENT: no such file or directory, open '/Users/aishwaryashrivastav/Development/port/.next/dev/server/app/admin/login/page/build-manifest.json'
[WebServer]     at ignore-listed frames {
[WebServer]   errno: -2,
[WebServer]   code: 'ENOENT',
[WebServer]   syscall: 'open',
[WebServer]   path: '/Users/aishwaryashrivastav/Development/port/.next/dev/server/app/admin/login/page/build-manifest.json'
[WebServer] }
[WebServer]  ⨯ Error: ENOENT: no such file or directory, open '/Users/aishwaryashrivastav/Development/port/.next/dev/server/app/admin/login/page/build-manifest.json'
[WebServer]     at ignore-listed frames {
[WebServer]   errno: -2,
[WebServer]   code: 'ENOENT',
[WebServer]   syscall: 'open',
[WebServer]   path: '/Users/aishwaryashrivastav/Development/port/.next/dev/server/app/admin/login/page/build-manifest.json'
[WebServer] }
[WebServer]  ⨯ Error: ENOENT: no such file or directory, open '/Users/aishwaryashrivastav/Development/port/.next/dev/server/app/admin/login/page/build-manifest.json'
[WebServer]     at ignore-listed frames {
[WebServer]   errno: -2,
[WebServer]   code: 'ENOENT',
[WebServer]   syscall: 'open',
[WebServer]   path: '/Users/aishwaryashrivastav/Development/port/.next/dev/server/app/admin/login/page/build-manifest.json'
[WebServer] }
[WebServer]  ⨯ Error: ENOENT: no such file or directory, open '/Users/aishwaryashrivastav/Development/port/.next/dev/server/app/admin/login/page/build-manifest.json'
[WebServer]     at ignore-listed frames {
[WebServer]   errno: -2,
[WebServer]   code: 'ENOENT',
[WebServer]   syscall: 'open',
[WebServer]   path: '/Users/aishwaryashrivastav/Development/port/.next/dev/server/app/admin/login/page/build-manifest.json'
[WebServer] }
[WebServer]  ⨯ Error: ENOENT: no such file or directory, open '/Users/aishwaryashrivastav/Development/port/.next/dev/server/app/admin/login/page/build-manifest.json'
[WebServer]     at ignore-listed frames {
[WebServer]   errno: -2,
[WebServer]   code: 'ENOENT',
[WebServer]   syscall: 'open',
[WebServer]   path: '/Users/aishwaryashrivastav/Development/port/.next/dev/server/app/admin/login/page/build-manifest.json'
[WebServer] }
[WebServer]  ⨯ Error: ENOENT: no such file or directory, open '/Users/aishwaryashrivastav/Development/port/.next/dev/server/app/admin/login/page/build-manifest.json'
[WebServer]     at ignore-listed frames {
[WebServer]   errno: -2,
[WebServer]   code: 'ENOENT',
[WebServer]   syscall: 'open',
[WebServer]   path: '/Users/aishwaryashrivastav/Development/port/.next/dev/server/app/admin/login/page/build-manifest.json'
[WebServer] }
[WebServer]  ⨯ Error: ENOENT: no such file or directory, open '/Users/aishwaryashrivastav/Development/port/.next/dev/server/app/admin/login/page/build-manifest.json'
[WebServer]     at ignore-listed frames {
[WebServer]   errno: -2,
[WebServer]   code: 'ENOENT',
[WebServer]   syscall: 'open',
[WebServer]   path: '/Users/aishwaryashrivastav/Development/port/.next/dev/server/app/admin/login/page/build-manifest.json'
[WebServer] }
[WebServer]  ⨯ Error: ENOENT: no such file or directory, open '/Users/aishwaryashrivastav/Development/port/.next/dev/server/app/admin/login/page/build-manifest.json'
[WebServer]     at ignore-listed frames {
[WebServer]   errno: -2,
[WebServer]   code: 'ENOENT',
[WebServer]   syscall: 'open',
[WebServer]   path: '/Users/aishwaryashrivastav/Development/port/.next/dev/server/app/admin/login/page/build-manifest.json'
[WebServer] }
[WebServer]  ⨯ Error: ENOENT: no such file or directory, open '/Users/aishwaryashrivastav/Development/port/.next/dev/server/app/admin/login/page/build-manifest.json'
[WebServer]     at ignore-listed frames {
[WebServer]   errno: -2,
[WebServer]   code: 'ENOENT',
[WebServer]   syscall: 'open',
[WebServer]   path: '/Users/aishwaryashrivastav/Development/port/.next/dev/server/app/admin/login/page/build-manifest.json'
[WebServer] }
[WebServer]  ⨯ Error: ENOENT: no such file or directory, open '/Users/aishwaryashrivastav/Development/port/.next/dev/server/app/admin/login/page/build-manifest.json'
[WebServer]     at ignore-listed frames {
[WebServer]   errno: -2,
[WebServer]   code: 'ENOENT',
[WebServer]   syscall: 'open',
[WebServer]   path: '/Users/aishwaryashrivastav/Development/port/.next/dev/server/app/admin/login/page/build-manifest.json'
[WebServer] }
[WebServer]  ⨯ Error: ENOENT: no such file or directory, open '/Users/aishwaryashrivastav/Development/port/.next/dev/server/app/admin/login/page/build-manifest.json'
[WebServer]     at ignore-listed frames {
[WebServer]   errno: -2,
[WebServer]   code: 'ENOENT',
[WebServer]   syscall: 'open',
[WebServer]   path: '/Users/aishwaryashrivastav/Development/port/.next/dev/server/app/admin/login/page/build-manifest.json'
[WebServer] }
[WebServer]  ⨯ Error: ENOENT: no such file or directory, open '/Users/aishwaryashrivastav/Development/port/.next/dev/server/app/admin/login/page/build-manifest.json'
[WebServer]     at ignore-listed frames {
[WebServer]   errno: -2,
[WebServer]   code: 'ENOENT',
[WebServer]   syscall: 'open',
[WebServer]   path: '/Users/aishwaryashrivastav/Development/port/.next/dev/server/app/admin/login/page/build-manifest.json'
[WebServer] }
[WebServer]  ⨯ Error: ENOENT: no such file or directory, open '/Users/aishwaryashrivastav/Development/port/.next/dev/server/app/admin/login/page/build-manifest.json'
[WebServer]     at ignore-listed frames {
[WebServer]   errno: -2,
[WebServer]   code: 'ENOENT',
[WebServer]   syscall: 'open',
[WebServer]   path: '/Users/aishwaryashrivastav/Development/port/.next/dev/server/app/admin/login/page/build-manifest.json'
[WebServer] }
[WebServer]  ⨯ Error: ENOENT: no such file or directory, open '/Users/aishwaryashrivastav/Development/port/.next/dev/server/app/admin/login/page/build-manifest.json'
[WebServer]     at ignore-listed frames {
[WebServer]   errno: -2,
[WebServer]   code: 'ENOENT',
[WebServer]   syscall: 'open',
[WebServer]   path: '/Users/aishwaryashrivastav/Development/port/.next/dev/server/app/admin/login/page/build-manifest.json'
[WebServer] }
[WebServer]  ⨯ Error: ENOENT: no such file or directory, open '/Users/aishwaryashrivastav/Development/port/.next/dev/server/app/admin/login/page/build-manifest.json'
[WebServer]     at ignore-listed frames {
[WebServer]   errno: -2,
[WebServer]   code: 'ENOENT',
[WebServer]   syscall: 'open',
[WebServer]   path: '/Users/aishwaryashrivastav/Development/port/.next/dev/server/app/admin/login/page/build-manifest.json'
[WebServer] }
[WebServer]  ⨯ Error: ENOENT: no such file or directory, open '/Users/aishwaryashrivastav/Development/port/.next/dev/server/app/admin/login/page/build-manifest.json'
[WebServer]     at ignore-listed frames {
[WebServer]   errno: -2,
[WebServer]   code: 'ENOENT',
[WebServer]   syscall: 'open',
[WebServer]   path: '/Users/aishwaryashrivastav/Development/port/.next/dev/server/app/admin/login/page/build-manifest.json'
[WebServer] }
[WebServer]  ⨯ Error: ENOENT: no such file or directory, open '/Users/aishwaryashrivastav/Development/port/.next/dev/server/app/admin/login/page/build-manifest.json'
[WebServer]     at ignore-listed frames {
[WebServer]   errno: -2,
[WebServer]   code: 'ENOENT',
[WebServer]   syscall: 'open',
[WebServer]   path: '/Users/aishwaryashrivastav/Development/port/.next/dev/server/app/admin/login/page/build-manifest.json'
[WebServer] }
[WebServer]  ⨯ Error: ENOENT: no such file or directory, open '/Users/aishwaryashrivastav/Development/port/.next/dev/server/app/admin/login/page/build-manifest.json'
[WebServer]     at ignore-listed frames {
[WebServer]   errno: -2,
[WebServer]   code: 'ENOENT',
[WebServer]   syscall: 'open',
[WebServer]   path: '/Users/aishwaryashrivastav/Development/port/.next/dev/server/app/admin/login/page/build-manifest.json'
[WebServer] }
[WebServer]  ⨯ Error: ENOENT: no such file or directory, open '/Users/aishwaryashrivastav/Development/port/.next/dev/server/app/admin/login/page/build-manifest.json'
[WebServer]     at ignore-listed frames {
[WebServer]   errno: -2,
[WebServer]   code: 'ENOENT',
[WebServer]   syscall: 'open',
[WebServer]   path: '/Users/aishwaryashrivastav/Development/port/.next/dev/server/app/admin/login/page/build-manifest.json'
[WebServer] }
[WebServer]  ⨯ Error: ENOENT: no such file or directory, open '/Users/aishwaryashrivastav/Development/port/.next/dev/server/app/admin/login/page/build-manifest.json'
[WebServer]     at ignore-listed frames {
[WebServer]   errno: -2,
[WebServer]   code: 'ENOENT',
[WebServer]   syscall: 'open',
[WebServer]   path: '/Users/aishwaryashrivastav/Development/port/.next/dev/server/app/admin/login/page/build-manifest.json'
[WebServer] }
[WebServer]  ⨯ Error: ENOENT: no such file or directory, open '/Users/aishwaryashrivastav/Development/port/.next/dev/server/app/admin/login/page/build-manifest.json'
[WebServer]     at ignore-listed frames {
[WebServer]   errno: -2,
[WebServer]   code: 'ENOENT',
[WebServer]   syscall: 'open',
[WebServer]   path: '/Users/aishwaryashrivastav/Development/port/.next/dev/server/app/admin/login/page/build-manifest.json'
[WebServer] }
[WebServer]  ⨯ Error: ENOENT: no such file or directory, open '/Users/aishwaryashrivastav/Development/port/.next/dev/server/app/admin/login/page/build-manifest.json'
[WebServer]     at ignore-listed frames {
[WebServer]   errno: -2,
[WebServer]   code: 'ENOENT',
[WebServer]   syscall: 'open',
[WebServer]   path: '/Users/aishwaryashrivastav/Development/port/.next/dev/server/app/admin/login/page/build-manifest.json'
[WebServer] }
[WebServer]  ⨯ Error: ENOENT: no such file or directory, open '/Users/aishwaryashrivastav/Development/port/.next/dev/server/app/admin/login/page/build-manifest.json'
[WebServer]     at ignore-listed frames {
[WebServer]   errno: -2,
[WebServer]   code: 'ENOENT',
[WebServer]   syscall: 'open',
[WebServer]   path: '/Users/aishwaryashrivastav/Development/port/.next/dev/server/app/admin/login/page/build-manifest.json'
[WebServer] }
[WebServer]  ⨯ Error: ENOENT: no such file or directory, open '/Users/aishwaryashrivastav/Development/port/.next/dev/server/app/admin/login/page/build-manifest.json'
[WebServer]     at ignore-listed frames {
[WebServer]   errno: -2,
[WebServer]   code: 'ENOENT',
[WebServer]   syscall: 'open',
[WebServer]   path: '/Users/aishwaryashrivastav/Development/port/.next/dev/server/app/admin/login/page/build-manifest.json'
[WebServer] }
[WebServer]  ⨯ Error: ENOENT: no such file or directory, open '/Users/aishwaryashrivastav/Development/port/.next/dev/server/app/admin/login/page/build-manifest.json'
[WebServer]     at ignore-listed frames {
[WebServer]   errno: -2,
[WebServer]   code: 'ENOENT',
[WebServer]   syscall: 'open',
[WebServer]   path: '/Users/aishwaryashrivastav/Development/port/.next/dev/server/app/admin/login/page/build-manifest.json'
[WebServer] }
[WebServer]  ⨯ Error: ENOENT: no such file or directory, open '/Users/aishwaryashrivastav/Development/port/.next/dev/server/app/admin/login/page/build-manifest.json'
[WebServer]     at ignore-listed frames {
[WebServer]   errno: -2,
[WebServer]   code: 'ENOENT',
[WebServer]   syscall: 'open',
[WebServer]   path: '/Users/aishwaryashrivastav/Development/port/.next/dev/server/app/admin/login/page/build-manifest.json'
[WebServer] }
[WebServer]  ⨯ Error: ENOENT: no such file or directory, open '/Users/aishwaryashrivastav/Development/port/.next/dev/server/app/admin/login/page/build-manifest.json'
[WebServer]     at ignore-listed frames {
[WebServer]   errno: -2,
[WebServer]   code: 'ENOENT',
[WebServer]   syscall: 'open',
[WebServer]   path: '/Users/aishwaryashrivastav/Development/port/.next/dev/server/app/admin/login/page/build-manifest.json'
[WebServer] }
[WebServer]  ⨯ Error: ENOENT: no such file or directory, open '/Users/aishwaryashrivastav/Development/port/.next/dev/server/app/admin/login/page/build-manifest.json'
[WebServer]     at ignore-listed frames {
[WebServer]   errno: -2,
[WebServer]   code: 'ENOENT',
[WebServer]   syscall: 'open',
[WebServer]   path: '/Users/aishwaryashrivastav/Development/port/.next/dev/server/app/admin/login/page/build-manifest.json'
[WebServer] }
[WebServer]  ⨯ Error: ENOENT: no such file or directory, open '/Users/aishwaryashrivastav/Development/port/.next/dev/server/app/admin/login/page/build-manifest.json'
[WebServer]     at ignore-listed frames {
[WebServer]   errno: -2,
[WebServer]   code: 'ENOENT',
[WebServer]   syscall: 'open',
[WebServer]   path: '/Users/aishwaryashrivastav/Development/port/.next/dev/server/app/admin/login/page/build-manifest.json'
[WebServer] }
[WebServer]  ⨯ Error: ENOENT: no such file or directory, open '/Users/aishwaryashrivastav/Development/port/.next/dev/server/app/admin/login/page/build-manifest.json'
[WebServer]     at ignore-listed frames {
[WebServer]   errno: -2,
[WebServer]   code: 'ENOENT',
[WebServer]   syscall: 'open',
[WebServer]   path: '/Users/aishwaryashrivastav/Development/port/.next/dev/server/app/admin/login/page/build-manifest.json'
[WebServer] }
[WebServer]  ⨯ Error: ENOENT: no such file or directory, open '/Users/aishwaryashrivastav/Development/port/.next/dev/server/app/admin/login/page/build-manifest.json'
[WebServer]     at ignore-listed frames {
[WebServer]   errno: -2,
[WebServer]   code: 'ENOENT',
[WebServer]   syscall: 'open',
[WebServer]   path: '/Users/aishwaryashrivastav/Development/port/.next/dev/server/app/admin/login/page/build-manifest.json'
[WebServer] }
[WebServer]  ⨯ Error: ENOENT: no such file or directory, open '/Users/aishwaryashrivastav/Development/port/.next/dev/server/app/admin/login/page/build-manifest.json'
[WebServer]     at ignore-listed frames {
[WebServer]   errno: -2,
[WebServer]   code: 'ENOENT',
[WebServer]   syscall: 'open',
[WebServer]   path: '/Users/aishwaryashrivastav/Development/port/.next/dev/server/app/admin/login/page/build-manifest.json'
[WebServer] }
[WebServer]  ⨯ Error: ENOENT: no such file or directory, open '/Users/aishwaryashrivastav/Development/port/.next/dev/server/app/admin/login/page/build-manifest.json'
[WebServer]     at ignore-listed frames {
[WebServer]   errno: -2,
[WebServer]   code: 'ENOENT',
[WebServer]   syscall: 'open',
[WebServer]   path: '/Users/aishwaryashrivastav/Development/port/.next/dev/server/app/admin/login/page/build-manifest.json'
[WebServer] }
[WebServer]  ⨯ Error: ENOENT: no such file or directory, open '/Users/aishwaryashrivastav/Development/port/.next/dev/server/app/admin/login/page/build-manifest.json'
[WebServer]     at ignore-listed frames {
[WebServer]   errno: -2,
[WebServer]   code: 'ENOENT',
[WebServer]   syscall: 'open',
[WebServer]   path: '/Users/aishwaryashrivastav/Development/port/.next/dev/server/app/admin/login/page/build-manifest.json'
[WebServer] }
[WebServer]  ⨯ Error: ENOENT: no such file or directory, open '/Users/aishwaryashrivastav/Development/port/.next/dev/server/app/admin/login/page/build-manifest.json'
[WebServer]     at ignore-listed frames {
[WebServer]   errno: -2,
[WebServer]   code: 'ENOENT',
[WebServer]   syscall: 'open',
[WebServer]   path: '/Users/aishwaryashrivastav/Development/port/.next/dev/server/app/admin/login/page/build-manifest.json'
[WebServer] }
[WebServer]  ⨯ Error: ENOENT: no such file or directory, open '/Users/aishwaryashrivastav/Development/port/.next/dev/server/app/admin/login/page/build-manifest.json'
[WebServer]     at ignore-listed frames {
[WebServer]   errno: -2,
[WebServer]   code: 'ENOENT',
[WebServer]   syscall: 'open',
[WebServer]   path: '/Users/aishwaryashrivastav/Development/port/.next/dev/server/app/admin/login/page/build-manifest.json'
[WebServer] }
[WebServer]  ⨯ Error: ENOENT: no such file or directory, open '/Users/aishwaryashrivastav/Development/port/.next/dev/server/app/admin/login/page/build-manifest.json'
[WebServer]     at ignore-listed frames {
[WebServer]   errno: -2,
[WebServer]   code: 'ENOENT',
[WebServer]   syscall: 'open',
[WebServer]   path: '/Users/aishwaryashrivastav/Development/port/.next/dev/server/app/admin/login/page/build-manifest.json'
[WebServer] }
[WebServer]  ⨯ Error: ENOENT: no such file or directory, open '/Users/aishwaryashrivastav/Development/port/.next/dev/server/app/admin/login/page/build-manifest.json'
[WebServer]     at ignore-listed frames {
[WebServer]   errno: -2,
[WebServer]   code: 'ENOENT',
[WebServer]   syscall: 'open',
[WebServer]   path: '/Users/aishwaryashrivastav/Development/port/.next/dev/server/app/admin/login/page/build-manifest.json'
[WebServer] }
[WebServer]  ⨯ Error: ENOENT: no such file or directory, open '/Users/aishwaryashrivastav/Development/port/.next/dev/server/app/admin/login/page/build-manifest.json'
[WebServer]     at ignore-listed frames {
[WebServer]   errno: -2,
[WebServer]   code: 'ENOENT',
[WebServer]   syscall: 'open',
[WebServer]   path: '/Users/aishwaryashrivastav/Development/port/.next/dev/server/app/admin/login/page/build-manifest.json'
[WebServer] }
[WebServer]  ⨯ Error: ENOENT: no such file or directory, open '/Users/aishwaryashrivastav/Development/port/.next/dev/server/app/admin/login/page/build-manifest.json'
[WebServer]     at ignore-listed frames {
[WebServer]   errno: -2,
[WebServer]   code: 'ENOENT',
[WebServer]   syscall: 'open',
[WebServer]   path: '/Users/aishwaryashrivastav/Development/port/.next/dev/server/app/admin/login/page/build-manifest.json'
[WebServer] }
[WebServer]  ⨯ Error: ENOENT: no such file or directory, open '/Users/aishwaryashrivastav/Development/port/.next/dev/server/app/admin/login/page/build-manifest.json'
[WebServer]     at ignore-listed frames {
[WebServer]   errno: -2,
[WebServer]   code: 'ENOENT',
[WebServer]   syscall: 'open',
[WebServer]   path: '/Users/aishwaryashrivastav/Development/port/.next/dev/server/app/admin/login/page/build-manifest.json'
[WebServer] }
[WebServer]  ⨯ Error: ENOENT: no such file or directory, open '/Users/aishwaryashrivastav/Development/port/.next/dev/server/app/admin/login/page/build-manifest.json'
[WebServer]     at ignore-listed frames {
[WebServer]   errno: -2,
[WebServer]   code: 'ENOENT',
[WebServer]   syscall: 'open',
[WebServer]   path: '/Users/aishwaryashrivastav/Development/port/.next/dev/server/app/admin/login/page/build-manifest.json'
[WebServer] }
[WebServer]  ⨯ Error: ENOENT: no such file or directory, open '/Users/aishwaryashrivastav/Development/port/.next/dev/server/app/admin/login/page/build-manifest.json'
[WebServer]     at ignore-listed frames {
[WebServer]   errno: -2,
[WebServer]   code: 'ENOENT',
[WebServer]   syscall: 'open',
[WebServer]   path: '/Users/aishwaryashrivastav/Development/port/.next/dev/server/app/admin/login/page/build-manifest.json'
[WebServer] }
[WebServer]  ⨯ Error: ENOENT: no such file or directory, open '/Users/aishwaryashrivastav/Development/port/.next/dev/server/app/admin/login/page/build-manifest.json'
[WebServer]     at ignore-listed frames {
[WebServer]   errno: -2,
[WebServer]   code: 'ENOENT',
[WebServer]   syscall: 'open',
[WebServer]   path: '/Users/aishwaryashrivastav/Development/port/.next/dev/server/app/admin/login/page/build-manifest.json'
[WebServer] }
[WebServer]  ⨯ Error: ENOENT: no such file or directory, open '/Users/aishwaryashrivastav/Development/port/.next/dev/server/app/admin/login/page/build-manifest.json'
[WebServer]     at ignore-listed frames {
[WebServer]   errno: -2,
[WebServer]   code: 'ENOENT',
[WebServer]   syscall: 'open',
[WebServer]   path: '/Users/aishwaryashrivastav/Development/port/.next/dev/server/app/admin/login/page/build-manifest.json'
[WebServer] }
[WebServer]  ⨯ Error: ENOENT: no such file or directory, open '/Users/aishwaryashrivastav/Development/port/.next/dev/server/app/admin/login/page/build-manifest.json'
[WebServer]     at ignore-listed frames {
[WebServer]   errno: -2,
[WebServer]   code: 'ENOENT',
[WebServer]   syscall: 'open',
[WebServer]   path: '/Users/aishwaryashrivastav/Development/port/.next/dev/server/app/admin/login/page/build-manifest.json'
[WebServer] }
[WebServer]  ⨯ Error: ENOENT: no such file or directory, open '/Users/aishwaryashrivastav/Development/port/.next/dev/server/app/admin/login/page/build-manifest.json'
[WebServer]     at ignore-listed frames {
[WebServer]   errno: -2,
[WebServer]   code: 'ENOENT',
[WebServer]   syscall: 'open',
[WebServer]   path: '/Users/aishwaryashrivastav/Development/port/.next/dev/server/app/admin/login/page/build-manifest.json'
[WebServer] }
[WebServer]  ⨯ Error: ENOENT: no such file or directory, open '/Users/aishwaryashrivastav/Development/port/.next/dev/server/app/admin/login/page/build-manifest.json'
[WebServer]     at ignore-listed frames {
[WebServer]   errno: -2,
[WebServer]   code: 'ENOENT',
[WebServer]   syscall: 'open',
[WebServer]   path: '/Users/aishwaryashrivastav/Development/port/.next/dev/server/app/admin/login/page/build-manifest.json'
[WebServer] }
[WebServer]  ⨯ Error: ENOENT: no such file or directory, open '/Users/aishwaryashrivastav/Development/port/.next/dev/server/app/admin/login/page/build-manifest.json'
[WebServer]     at ignore-listed frames {
[WebServer]   errno: -2,
[WebServer]   code: 'ENOENT',
[WebServer]   syscall: 'open',
[WebServer]   path: '/Users/aishwaryashrivastav/Development/port/.next/dev/server/app/admin/login/page/build-manifest.json'
[WebServer] }
[WebServer]  ⨯ Error: ENOENT: no such file or directory, open '/Users/aishwaryashrivastav/Development/port/.next/dev/server/app/admin/login/page/build-manifest.json'
[WebServer]     at ignore-listed frames {
[WebServer]   errno: -2,
[WebServer]   code: 'ENOENT',
[WebServer]   syscall: 'open',
[WebServer]   path: '/Users/aishwaryashrivastav/Development/port/.next/dev/server/app/admin/login/page/build-manifest.json'
[WebServer] }
[WebServer]  ⨯ Error: ENOENT: no such file or directory, open '/Users/aishwaryashrivastav/Development/port/.next/dev/server/app/admin/login/page/build-manifest.json'
[WebServer]     at ignore-listed frames {
[WebServer]   errno: -2,
[WebServer]   code: 'ENOENT',
[WebServer]   syscall: 'open',
[WebServer]   path: '/Users/aishwaryashrivastav/Development/port/.next/dev/server/app/admin/login/page/build-manifest.json'
[WebServer] }
[WebServer]  ⨯ Error: ENOENT: no such file or directory, open '/Users/aishwaryashrivastav/Development/port/.next/dev/server/app/admin/login/page/build-manifest.json'
[WebServer]     at ignore-listed frames {
[WebServer]   errno: -2,
[WebServer]   code: 'ENOENT',
[WebServer]   syscall: 'open',
[WebServer]   path: '/Users/aishwaryashrivastav/Development/port/.next/dev/server/app/admin/login/page/build-manifest.json'
[WebServer] }
[WebServer]  ⨯ Error: ENOENT: no such file or directory, open '/Users/aishwaryashrivastav/Development/port/.next/dev/server/app/admin/login/page/build-manifest.json'
[WebServer]     at ignore-listed frames {
[WebServer]   errno: -2,
[WebServer]   code: 'ENOENT',
[WebServer]   syscall: 'open',
[WebServer]   path: '/Users/aishwaryashrivastav/Development/port/.next/dev/server/app/admin/login/page/build-manifest.json'
[WebServer] }
[WebServer]  ⨯ Error: ENOENT: no such file or directory, open '/Users/aishwaryashrivastav/Development/port/.next/dev/server/app/admin/login/page/build-manifest.json'
[WebServer]     at ignore-listed frames {
[WebServer]   errno: -2,
[WebServer]   code: 'ENOENT',
[WebServer]   syscall: 'open',
[WebServer]   path: '/Users/aishwaryashrivastav/Development/port/.next/dev/server/app/admin/login/page/build-manifest.json'
[WebServer] }
[WebServer]  ⨯ Error: ENOENT: no such file or directory, open '/Users/aishwaryashrivastav/Development/port/.next/dev/server/app/admin/login/page/build-manifest.json'
[WebServer]     at ignore-listed frames {
[WebServer]   errno: -2,
[WebServer]   code: 'ENOENT',
[WebServer]   syscall: 'open',
[WebServer]   path: '/Users/aishwaryashrivastav/Development/port/.next/dev/server/app/admin/login/page/build-manifest.json'
[WebServer] }
[WebServer]  ⨯ Error: ENOENT: no such file or directory, open '/Users/aishwaryashrivastav/Development/port/.next/dev/server/app/admin/login/page/build-manifest.json'
[WebServer]     at ignore-listed frames {
[WebServer]   errno: -2,
[WebServer]   code: 'ENOENT',
[WebServer]   syscall: 'open',
[WebServer]   path: '/Users/aishwaryashrivastav/Development/port/.next/dev/server/app/admin/login/page/build-manifest.json'
[WebServer] }
[WebServer]  ⨯ Error: ENOENT: no such file or directory, open '/Users/aishwaryashrivastav/Development/port/.next/dev/server/app/admin/login/page/build-manifest.json'
[WebServer]     at ignore-listed frames {
[WebServer]   errno: -2,
[WebServer]   code: 'ENOENT',
[WebServer]   syscall: 'open',
[WebServer]   path: '/Users/aishwaryashrivastav/Development/port/.next/dev/server/app/admin/login/page/build-manifest.json'
[WebServer] }
[WebServer]  ⨯ Error: ENOENT: no such file or directory, open '/Users/aishwaryashrivastav/Development/port/.next/dev/server/app/admin/login/page/build-manifest.json'
[WebServer]     at ignore-listed frames {
[WebServer]   errno: -2,
[WebServer]   code: 'ENOENT',
[WebServer]   syscall: 'open',
[WebServer]   path: '/Users/aishwaryashrivastav/Development/port/.next/dev/server/app/admin/login/page/build-manifest.json'
[WebServer] }
[WebServer]  ⨯ Error: ENOENT: no such file or directory, open '/Users/aishwaryashrivastav/Development/port/.next/dev/server/app/admin/login/page/build-manifest.json'
[WebServer]     at ignore-listed frames {
[WebServer]   errno: -2,
[WebServer]   code: 'ENOENT',
[WebServer]   syscall: 'open',
[WebServer]   path: '/Users/aishwaryashrivastav/Development/port/.next/dev/server/app/admin/login/page/build-manifest.json'
[WebServer] }
[WebServer]  ⨯ Error: ENOENT: no such file or directory, open '/Users/aishwaryashrivastav/Development/port/.next/dev/server/app/admin/login/page/build-manifest.json'
[WebServer]     at ignore-listed frames {
[WebServer]   errno: -2,
[WebServer]   code: 'ENOENT',
[WebServer]   syscall: 'open',
[WebServer]   path: '/Users/aishwaryashrivastav/Development/port/.next/dev/server/app/admin/login/page/build-manifest.json'
[WebServer] }
[WebServer]  ⨯ Error: ENOENT: no such file or directory, open '/Users/aishwaryashrivastav/Development/port/.next/dev/server/app/admin/login/page/build-manifest.json'
[WebServer]     at ignore-listed frames {
[WebServer]   errno: -2,
[WebServer]   code: 'ENOENT',
[WebServer]   syscall: 'open',
[WebServer]   path: '/Users/aishwaryashrivastav/Development/port/.next/dev/server/app/admin/login/page/build-manifest.json'
[WebServer] }
[WebServer]  ⨯ Error: ENOENT: no such file or directory, open '/Users/aishwaryashrivastav/Development/port/.next/dev/server/app/admin/login/page/build-manifest.json'
[WebServer]     at ignore-listed frames {
[WebServer]   errno: -2,
[WebServer]   code: 'ENOENT',
[WebServer]   syscall: 'open',
[WebServer]   path: '/Users/aishwaryashrivastav/Development/port/.next/dev/server/app/admin/login/page/build-manifest.json'
[WebServer] }
[WebServer]  ⨯ Error: ENOENT: no such file or directory, open '/Users/aishwaryashrivastav/Development/port/.next/dev/server/app/admin/login/page/build-manifest.json'
[WebServer]     at ignore-listed frames {
[WebServer]   errno: -2,
[WebServer]   code: 'ENOENT',
[WebServer]   syscall: 'open',
[WebServer]   path: '/Users/aishwaryashrivastav/Development/port/.next/dev/server/app/admin/login/page/build-manifest.json'
[WebServer] }
[WebServer]  ⨯ Error: ENOENT: no such file or directory, open '/Users/aishwaryashrivastav/Development/port/.next/dev/server/app/admin/login/page/build-manifest.json'
[WebServer]     at ignore-listed frames {
[WebServer]   errno: -2,
[WebServer]   code: 'ENOENT',
[WebServer]   syscall: 'open',
[WebServer]   path: '/Users/aishwaryashrivastav/Development/port/.next/dev/server/app/admin/login/page/build-manifest.json'
[WebServer] }
[WebServer]  ⨯ Error: ENOENT: no such file or directory, open '/Users/aishwaryashrivastav/Development/port/.next/dev/server/app/admin/login/page/build-manifest.json'
[WebServer]     at ignore-listed frames {
[WebServer]   errno: -2,
[WebServer]   code: 'ENOENT',
[WebServer]   syscall: 'open',
[WebServer]   path: '/Users/aishwaryashrivastav/Development/port/.next/dev/server/app/admin/login/page/build-manifest.json'
[WebServer] }
[WebServer]  ⨯ Error: ENOENT: no such file or directory, open '/Users/aishwaryashrivastav/Development/port/.next/dev/server/app/admin/login/page/build-manifest.json'
[WebServer]     at ignore-listed frames {
[WebServer]   errno: -2,
[WebServer]   code: 'ENOENT',
[WebServer]   syscall: 'open',
[WebServer]   path: '/Users/aishwaryashrivastav/Development/port/.next/dev/server/app/admin/login/page/build-manifest.json'
[WebServer] }
[WebServer]  ⨯ Error: ENOENT: no such file or directory, open '/Users/aishwaryashrivastav/Development/port/.next/dev/server/app/admin/login/page/build-manifest.json'
[WebServer]     at ignore-listed frames {
[WebServer]   errno: -2,
[WebServer]   code: 'ENOENT',
[WebServer]   syscall: 'open',
[WebServer]   path: '/Users/aishwaryashrivastav/Development/port/.next/dev/server/app/admin/login/page/build-manifest.json'
[WebServer] }
[WebServer]  ⨯ Error: ENOENT: no such file or directory, open '/Users/aishwaryashrivastav/Development/port/.next/dev/server/app/admin/login/page/build-manifest.json'
[WebServer]     at ignore-listed frames {
[WebServer]   errno: -2,
[WebServer]   code: 'ENOENT',
[WebServer]   syscall: 'open',
[WebServer]   path: '/Users/aishwaryashrivastav/Development/port/.next/dev/server/app/admin/login/page/build-manifest.json'
[WebServer] }
[WebServer]  ⨯ Error: ENOENT: no such file or directory, open '/Users/aishwaryashrivastav/Development/port/.next/dev/server/app/admin/login/page/build-manifest.json'
[WebServer]     at ignore-listed frames {
[WebServer]   errno: -2,
[WebServer]   code: 'ENOENT',
[WebServer]   syscall: 'open',
[WebServer]   path: '/Users/aishwaryashrivastav/Development/port/.next/dev/server/app/admin/login/page/build-manifest.json'
[WebServer] }
[WebServer]  ⨯ Error: ENOENT: no such file or directory, open '/Users/aishwaryashrivastav/Development/port/.next/dev/server/app/admin/login/page/build-manifest.json'
[WebServer]     at ignore-listed frames {
[WebServer]   errno: -2,
[WebServer]   code: 'ENOENT',
[WebServer]   syscall: 'open',
[WebServer]   path: '/Users/aishwaryashrivastav/Development/port/.next/dev/server/app/admin/login/page/build-manifest.json'
[WebServer] }
[WebServer]  ⨯ Error: ENOENT: no such file or directory, open '/Users/aishwaryashrivastav/Development/port/.next/dev/server/app/admin/login/page/build-manifest.json'
[WebServer]     at ignore-listed frames {
[WebServer]   errno: -2,
[WebServer]   code: 'ENOENT',
[WebServer]   syscall: 'open',
[WebServer]   path: '/Users/aishwaryashrivastav/Development/port/.next/dev/server/app/admin/login/page/build-manifest.json'
[WebServer] }
[WebServer]  ⨯ Error: ENOENT: no such file or directory, open '/Users/aishwaryashrivastav/Development/port/.next/dev/server/app/admin/login/page/build-manifest.json'
[WebServer]     at ignore-listed frames {
[WebServer]   errno: -2,
[WebServer]   code: 'ENOENT',
[WebServer]   syscall: 'open',
[WebServer]   path: '/Users/aishwaryashrivastav/Development/port/.next/dev/server/app/admin/login/page/build-manifest.json'
[WebServer] }
[WebServer]  ⨯ Error: ENOENT: no such file or directory, open '/Users/aishwaryashrivastav/Development/port/.next/dev/server/app/admin/login/page/build-manifest.json'
[WebServer]     at ignore-listed frames {
[WebServer]   errno: -2,
[WebServer]   code: 'ENOENT',
[WebServer]   syscall: 'open',
[WebServer]   path: '/Users/aishwaryashrivastav/Development/port/.next/dev/server/app/admin/login/page/build-manifest.json'
[WebServer] }
[WebServer]  ⨯ Error: ENOENT: no such file or directory, open '/Users/aishwaryashrivastav/Development/port/.next/dev/server/app/admin/login/page/build-manifest.json'
[WebServer]     at ignore-listed frames {
[WebServer]   errno: -2,
[WebServer]   code: 'ENOENT',
[WebServer]   syscall: 'open',
[WebServer]   path: '/Users/aishwaryashrivastav/Development/port/.next/dev/server/app/admin/login/page/build-manifest.json'
[WebServer] }
[WebServer]  ⨯ Error: ENOENT: no such file or directory, open '/Users/aishwaryashrivastav/Development/port/.next/dev/server/app/admin/login/page/build-manifest.json'
[WebServer]     at ignore-listed frames {
[WebServer]   errno: -2,
[WebServer]   code: 'ENOENT',
[WebServer]   syscall: 'open',
[WebServer]   path: '/Users/aishwaryashrivastav/Development/port/.next/dev/server/app/admin/login/page/build-manifest.json'
[WebServer] }
[WebServer]  ⨯ Error: ENOENT: no such file or directory, open '/Users/aishwaryashrivastav/Development/port/.next/dev/server/app/admin/login/page/build-manifest.json'
[WebServer]     at ignore-listed frames {
[WebServer]   errno: -2,
[WebServer]   code: 'ENOENT',
[WebServer]   syscall: 'open',
[WebServer]   path: '/Users/aishwaryashrivastav/Development/port/.next/dev/server/app/admin/login/page/build-manifest.json'
[WebServer] }
[WebServer]  ⨯ Error: ENOENT: no such file or directory, open '/Users/aishwaryashrivastav/Development/port/.next/dev/server/app/admin/login/page/build-manifest.json'
[WebServer]     at ignore-listed frames {
[WebServer]   errno: -2,
[WebServer]   code: 'ENOENT',
[WebServer]   syscall: 'open',
[WebServer]   path: '/Users/aishwaryashrivastav/Development/port/.next/dev/server/app/admin/login/page/build-manifest.json'
[WebServer] }
[WebServer]  ⨯ Error: ENOENT: no such file or directory, open '/Users/aishwaryashrivastav/Development/port/.next/dev/server/app/admin/login/page/build-manifest.json'
[WebServer]     at ignore-listed frames {
[WebServer]   errno: -2,
[WebServer]   code: 'ENOENT',
[WebServer]   syscall: 'open',
[WebServer]   path: '/Users/aishwaryashrivastav/Development/port/.next/dev/server/app/admin/login/page/build-manifest.json'
[WebServer] }
[WebServer]  ⨯ Error: ENOENT: no such file or directory, open '/Users/aishwaryashrivastav/Development/port/.next/dev/server/app/admin/login/page/build-manifest.json'
[WebServer]     at ignore-listed frames {
[WebServer]   errno: -2,
[WebServer]   code: 'ENOENT',
[WebServer]   syscall: 'open',
[WebServer]   path: '/Users/aishwaryashrivastav/Development/port/.next/dev/server/app/admin/login/page/build-manifest.json'
[WebServer] }
[WebServer]  ⨯ Error: ENOENT: no such file or directory, open '/Users/aishwaryashrivastav/Development/port/.next/dev/server/app/admin/login/page/build-manifest.json'
[WebServer]     at ignore-listed frames {
[WebServer]   errno: -2,
[WebServer]   code: 'ENOENT',
[WebServer]   syscall: 'open',
[WebServer]   path: '/Users/aishwaryashrivastav/Development/port/.next/dev/server/app/admin/login/page/build-manifest.json'
[WebServer] }
[WebServer]  ⨯ Error: ENOENT: no such file or directory, open '/Users/aishwaryashrivastav/Development/port/.next/dev/server/app/admin/login/page/build-manifest.json'
[WebServer]     at ignore-listed frames {
[WebServer]   errno: -2,
[WebServer]   code: 'ENOENT',
[WebServer]   syscall: 'open',
[WebServer]   path: '/Users/aishwaryashrivastav/Development/port/.next/dev/server/app/admin/login/page/build-manifest.json'
[WebServer] }
[WebServer]  ⨯ Error: ENOENT: no such file or directory, open '/Users/aishwaryashrivastav/Development/port/.next/dev/server/app/admin/login/page/build-manifest.json'
[WebServer]     at ignore-listed frames {
[WebServer]   errno: -2,
[WebServer]   code: 'ENOENT',
[WebServer]   syscall: 'open',
[WebServer]   path: '/Users/aishwaryashrivastav/Development/port/.next/dev/server/app/admin/login/page/build-manifest.json'
[WebServer] }
[WebServer]  ⨯ Error: ENOENT: no such file or directory, open '/Users/aishwaryashrivastav/Development/port/.next/dev/server/app/admin/login/page/build-manifest.json'
[WebServer]     at ignore-listed frames {
[WebServer]   errno: -2,
[WebServer]   code: 'ENOENT',
[WebServer]   syscall: 'open',
[WebServer]   path: '/Users/aishwaryashrivastav/Development/port/.next/dev/server/app/admin/login/page/build-manifest.json'
[WebServer] }
[WebServer]  ⨯ Error: ENOENT: no such file or directory, open '/Users/aishwaryashrivastav/Development/port/.next/dev/server/app/admin/login/page/build-manifest.json'
[WebServer]     at ignore-listed frames {
[WebServer]   errno: -2,
[WebServer]   code: 'ENOENT',
[WebServer]   syscall: 'open',
[WebServer]   path: '/Users/aishwaryashrivastav/Development/port/.next/dev/server/app/admin/login/page/build-manifest.json'
[WebServer] }
[WebServer]  ⨯ Error: ENOENT: no such file or directory, open '/Users/aishwaryashrivastav/Development/port/.next/dev/server/app/admin/login/page/build-manifest.json'
[WebServer]     at ignore-listed frames {
[WebServer]   errno: -2,
[WebServer]   code: 'ENOENT',
[WebServer]   syscall: 'open',
[WebServer]   path: '/Users/aishwaryashrivastav/Development/port/.next/dev/server/app/admin/login/page/build-manifest.json'
[WebServer] }
[WebServer]  ⨯ Error: ENOENT: no such file or directory, open '/Users/aishwaryashrivastav/Development/port/.next/dev/server/app/admin/login/page/build-manifest.json'
[WebServer]     at ignore-listed frames {
[WebServer]   errno: -2,
[WebServer]   code: 'ENOENT',
[WebServer]   syscall: 'open',
[WebServer]   path: '/Users/aishwaryashrivastav/Development/port/.next/dev/server/app/admin/login/page/build-manifest.json'
[WebServer] }
[WebServer]  ⨯ Error: ENOENT: no such file or directory, open '/Users/aishwaryashrivastav/Development/port/.next/dev/server/app/admin/login/page/build-manifest.json'
[WebServer]     at ignore-listed frames {
[WebServer]   errno: -2,
[WebServer]   code: 'ENOENT',
[WebServer]   syscall: 'open',
[WebServer]   path: '/Users/aishwaryashrivastav/Development/port/.next/dev/server/app/admin/login/page/build-manifest.json'
[WebServer] }
[WebServer]  ⨯ Error: ENOENT: no such file or directory, open '/Users/aishwaryashrivastav/Development/port/.next/dev/server/app/admin/login/page/build-manifest.json'
[WebServer]     at ignore-listed frames {
[WebServer]   errno: -2,
[WebServer]   code: 'ENOENT',
[WebServer]   syscall: 'open',
[WebServer]   path: '/Users/aishwaryashrivastav/Development/port/.next/dev/server/app/admin/login/page/build-manifest.json'
[WebServer] }
[WebServer]  ⨯ Error: ENOENT: no such file or directory, open '/Users/aishwaryashrivastav/Development/port/.next/dev/server/app/admin/login/page/build-manifest.json'
[WebServer]     at ignore-listed frames {
[WebServer]   errno: -2,
[WebServer]   code: 'ENOENT',
[WebServer]   syscall: 'open',
[WebServer]   path: '/Users/aishwaryashrivastav/Development/port/.next/dev/server/app/admin/login/page/build-manifest.json'
[WebServer] }
[WebServer]  ⨯ Error: ENOENT: no such file or directory, open '/Users/aishwaryashrivastav/Development/port/.next/dev/server/app/admin/login/page/build-manifest.json'
[WebServer]     at ignore-listed frames {
[WebServer]   errno: -2,
[WebServer]   code: 'ENOENT',
[WebServer]   syscall: 'open',
[WebServer]   path: '/Users/aishwaryashrivastav/Development/port/.next/dev/server/app/admin/login/page/build-manifest.json'
[WebServer] }
[WebServer]  ⨯ Error: ENOENT: no such file or directory, open '/Users/aishwaryashrivastav/Development/port/.next/dev/server/app/admin/login/page/build-manifest.json'
[WebServer]     at ignore-listed frames {
[WebServer]   errno: -2,
[WebServer]   code: 'ENOENT',
[WebServer]   syscall: 'open',
[WebServer]   path: '/Users/aishwaryashrivastav/Development/port/.next/dev/server/app/admin/login/page/build-manifest.json'
[WebServer] }
[WebServer]  ⨯ Error: ENOENT: no such file or directory, open '/Users/aishwaryashrivastav/Development/port/.next/dev/server/app/admin/login/page/build-manifest.json'
[WebServer]     at ignore-listed frames {
[WebServer]   errno: -2,
[WebServer]   code: 'ENOENT',
[WebServer]   syscall: 'open',
[WebServer]   path: '/Users/aishwaryashrivastav/Development/port/.next/dev/server/app/admin/login/page/build-manifest.json'
[WebServer] }
[WebServer]  ⨯ Error: ENOENT: no such file or directory, open '/Users/aishwaryashrivastav/Development/port/.next/dev/server/app/admin/login/page/build-manifest.json'
[WebServer]     at ignore-listed frames {
[WebServer]   errno: -2,
[WebServer]   code: 'ENOENT',
[WebServer]   syscall: 'open',
[WebServer]   path: '/Users/aishwaryashrivastav/Development/port/.next/dev/server/app/admin/login/page/build-manifest.json'
[WebServer] }
[WebServer]  ⨯ Error: ENOENT: no such file or directory, open '/Users/aishwaryashrivastav/Development/port/.next/dev/server/app/admin/login/page/build-manifest.json'
[WebServer]     at ignore-listed frames {
[WebServer]   errno: -2,
[WebServer]   code: 'ENOENT',
[WebServer]   syscall: 'open',
[WebServer]   path: '/Users/aishwaryashrivastav/Development/port/.next/dev/server/app/admin/login/page/build-manifest.json'
[WebServer] }
[WebServer]  ⨯ Error: ENOENT: no such file or directory, open '/Users/aishwaryashrivastav/Development/port/.next/dev/server/app/admin/login/page/build-manifest.json'
[WebServer]     at ignore-listed frames {
[WebServer]   errno: -2,
[WebServer]   code: 'ENOENT',
[WebServer]   syscall: 'open',
[WebServer]   path: '/Users/aishwaryashrivastav/Development/port/.next/dev/server/app/admin/login/page/build-manifest.json'
[WebServer] }
[WebServer]  ⨯ Error: ENOENT: no such file or directory, open '/Users/aishwaryashrivastav/Development/port/.next/dev/server/app/admin/login/page/build-manifest.json'
[WebServer]     at ignore-listed frames {
[WebServer]   errno: -2,
[WebServer]   code: 'ENOENT',
[WebServer]   syscall: 'open',
[WebServer]   path: '/Users/aishwaryashrivastav/Development/port/.next/dev/server/app/admin/login/page/build-manifest.json'
[WebServer] }
[WebServer]  ⨯ Error: ENOENT: no such file or directory, open '/Users/aishwaryashrivastav/Development/port/.next/dev/server/app/admin/login/page/build-manifest.json'
[WebServer]     at ignore-listed frames {
[WebServer]   errno: -2,
[WebServer]   code: 'ENOENT',
[WebServer]   syscall: 'open',
[WebServer]   path: '/Users/aishwaryashrivastav/Development/port/.next/dev/server/app/admin/login/page/build-manifest.json'
[WebServer] }
[WebServer]  ⨯ Error: ENOENT: no such file or directory, open '/Users/aishwaryashrivastav/Development/port/.next/dev/server/app/admin/login/page/build-manifest.json'
[WebServer]     at ignore-listed frames {
[WebServer]   errno: -2,
[WebServer]   code: 'ENOENT',
[WebServer]   syscall: 'open',
[WebServer]   path: '/Users/aishwaryashrivastav/Development/port/.next/dev/server/app/admin/login/page/build-manifest.json'
[WebServer] }
[WebServer]  ⨯ Error: ENOENT: no such file or directory, open '/Users/aishwaryashrivastav/Development/port/.next/dev/server/app/admin/login/page/build-manifest.json'
[WebServer]     at ignore-listed frames {
[WebServer]   errno: -2,
[WebServer]   code: 'ENOENT',
[WebServer]   syscall: 'open',
[WebServer]   path: '/Users/aishwaryashrivastav/Development/port/.next/dev/server/app/admin/login/page/build-manifest.json'
[WebServer] }
[WebServer]  ⨯ Error: ENOENT: no such file or directory, open '/Users/aishwaryashrivastav/Development/port/.next/dev/server/app/admin/login/page/build-manifest.json'
[WebServer]     at ignore-listed frames {
[WebServer]   errno: -2,
[WebServer]   code: 'ENOENT',
[WebServer]   syscall: 'open',
[WebServer]   path: '/Users/aishwaryashrivastav/Development/port/.next/dev/server/app/admin/login/page/build-manifest.json'
[WebServer] }
[WebServer]  ⨯ Error: ENOENT: no such file or directory, open '/Users/aishwaryashrivastav/Development/port/.next/dev/server/app/admin/login/page/build-manifest.json'
[WebServer]     at ignore-listed frames {
[WebServer]   errno: -2,
[WebServer]   code: 'ENOENT',
[WebServer]   syscall: 'open',
[WebServer]   path: '/Users/aishwaryashrivastav/Development/port/.next/dev/server/app/admin/login/page/build-manifest.json'
[WebServer] }
[WebServer]  ⨯ Error: ENOENT: no such file or directory, open '/Users/aishwaryashrivastav/Development/port/.next/dev/server/app/admin/login/page/build-manifest.json'
[WebServer]     at ignore-listed frames {
[WebServer]   errno: -2,
[WebServer]   code: 'ENOENT',
[WebServer]   syscall: 'open',
[WebServer]   path: '/Users/aishwaryashrivastav/Development/port/.next/dev/server/app/admin/login/page/build-manifest.json'
[WebServer] }
[WebServer]  ⨯ Error: ENOENT: no such file or directory, open '/Users/aishwaryashrivastav/Development/port/.next/dev/server/app/admin/login/page/build-manifest.json'
[WebServer]     at ignore-listed frames {
[WebServer]   errno: -2,
[WebServer]   code: 'ENOENT',
[WebServer]   syscall: 'open',
[WebServer]   path: '/Users/aishwaryashrivastav/Development/port/.next/dev/server/app/admin/login/page/build-manifest.json'
[WebServer] }
[WebServer]  ⨯ Error: ENOENT: no such file or directory, open '/Users/aishwaryashrivastav/Development/port/.next/dev/server/app/admin/login/page/build-manifest.json'
[WebServer]     at ignore-listed frames {
[WebServer]   errno: -2,
[WebServer]   code: 'ENOENT',
[WebServer]   syscall: 'open',
[WebServer]   path: '/Users/aishwaryashrivastav/Development/port/.next/dev/server/app/admin/login/page/build-manifest.json'
[WebServer] }
[WebServer]  ⨯ Error: ENOENT: no such file or directory, open '/Users/aishwaryashrivastav/Development/port/.next/dev/server/app/admin/login/page/build-manifest.json'
[WebServer]     at ignore-listed frames {
[WebServer]   errno: -2,
[WebServer]   code: 'ENOENT',
[WebServer]   syscall: 'open',
[WebServer]   path: '/Users/aishwaryashrivastav/Development/port/.next/dev/server/app/admin/login/page/build-manifest.json'
[WebServer] }
[WebServer]  ⨯ Error: ENOENT: no such file or directory, open '/Users/aishwaryashrivastav/Development/port/.next/dev/server/app/admin/login/page/build-manifest.json'
[WebServer]     at ignore-listed frames {
[WebServer]   errno: -2,
[WebServer]   code: 'ENOENT',
[WebServer]   syscall: 'open',
[WebServer]   path: '/Users/aishwaryashrivastav/Development/port/.next/dev/server/app/admin/login/page/build-manifest.json'
[WebServer] }
[WebServer]  ⨯ Error: ENOENT: no such file or directory, open '/Users/aishwaryashrivastav/Development/port/.next/dev/server/app/admin/login/page/build-manifest.json'
[WebServer]     at ignore-listed frames {
[WebServer]   errno: -2,
[WebServer]   code: 'ENOENT',
[WebServer]   syscall: 'open',
[WebServer]   path: '/Users/aishwaryashrivastav/Development/port/.next/dev/server/app/admin/login/page/build-manifest.json'
[WebServer] }
[WebServer]  ⨯ Error: ENOENT: no such file or directory, open '/Users/aishwaryashrivastav/Development/port/.next/dev/server/app/admin/login/page/build-manifest.json'
[WebServer]     at ignore-listed frames {
[WebServer]   errno: -2,
[WebServer]   code: 'ENOENT',
[WebServer]   syscall: 'open',
[WebServer]   path: '/Users/aishwaryashrivastav/Development/port/.next/dev/server/app/admin/login/page/build-manifest.json'
[WebServer] }
[WebServer]  ⨯ Error: ENOENT: no such file or directory, open '/Users/aishwaryashrivastav/Development/port/.next/dev/server/app/admin/login/page/build-manifest.json'
[WebServer]     at ignore-listed frames {
[WebServer]   errno: -2,
[WebServer]   code: 'ENOENT',
[WebServer]   syscall: 'open',
[WebServer]   path: '/Users/aishwaryashrivastav/Development/port/.next/dev/server/app/admin/login/page/build-manifest.json'
[WebServer] }
[WebServer]  ⨯ Error: ENOENT: no such file or directory, open '/Users/aishwaryashrivastav/Development/port/.next/dev/server/app/admin/login/page/build-manifest.json'
[WebServer]     at ignore-listed frames {
[WebServer]   errno: -2,
[WebServer]   code: 'ENOENT',
[WebServer]   syscall: 'open',
[WebServer]   path: '/Users/aishwaryashrivastav/Development/port/.next/dev/server/app/admin/login/page/build-manifest.json'
[WebServer] }
[WebServer]  ⨯ Error: ENOENT: no such file or directory, open '/Users/aishwaryashrivastav/Development/port/.next/dev/server/app/admin/login/page/build-manifest.json'
[WebServer]     at ignore-listed frames {
[WebServer]   errno: -2,
[WebServer]   code: 'ENOENT',
[WebServer]   syscall: 'open',
[WebServer]   path: '/Users/aishwaryashrivastav/Development/port/.next/dev/server/app/admin/login/page/build-manifest.json'
[WebServer] }
[WebServer]  ⨯ Error: ENOENT: no such file or directory, open '/Users/aishwaryashrivastav/Development/port/.next/dev/server/app/admin/login/page/build-manifest.json'
[WebServer]     at ignore-listed frames {
[WebServer]   errno: -2,
[WebServer]   code: 'ENOENT',
[WebServer]   syscall: 'open',
[WebServer]   path: '/Users/aishwaryashrivastav/Development/port/.next/dev/server/app/admin/login/page/build-manifest.json'
[WebServer] }
[WebServer]  ⨯ Error: ENOENT: no such file or directory, open '/Users/aishwaryashrivastav/Development/port/.next/dev/server/app/admin/login/page/build-manifest.json'
[WebServer]     at ignore-listed frames {
[WebServer]   errno: -2,
[WebServer]   code: 'ENOENT',
[WebServer]   syscall: 'open',
[WebServer]   path: '/Users/aishwaryashrivastav/Development/port/.next/dev/server/app/admin/login/page/build-manifest.json'
[WebServer] }
[WebServer]  ⨯ Error: ENOENT: no such file or directory, open '/Users/aishwaryashrivastav/Development/port/.next/dev/server/app/admin/login/page/build-manifest.json'
[WebServer]     at ignore-listed frames {
[WebServer]   errno: -2,
[WebServer]   code: 'ENOENT',
[WebServer]   syscall: 'open',
[WebServer]   path: '/Users/aishwaryashrivastav/Development/port/.next/dev/server/app/admin/login/page/build-manifest.json'
[WebServer] }
[WebServer]  ⨯ Error: ENOENT: no such file or directory, open '/Users/aishwaryashrivastav/Development/port/.next/dev/server/app/admin/login/page/build-manifest.json'
[WebServer]     at ignore-listed frames {
[WebServer]   errno: -2,
[WebServer]   code: 'ENOENT',
[WebServer]   syscall: 'open',
[WebServer]   path: '/Users/aishwaryashrivastav/Development/port/.next/dev/server/app/admin/login/page/build-manifest.json'
[WebServer] }
[WebServer]  ⨯ Error: ENOENT: no such file or directory, open '/Users/aishwaryashrivastav/Development/port/.next/dev/server/app/admin/login/page/build-manifest.json'
[WebServer]     at ignore-listed frames {
[WebServer]   errno: -2,
[WebServer]   code: 'ENOENT',
[WebServer]   syscall: 'open',
[WebServer]   path: '/Users/aishwaryashrivastav/Development/port/.next/dev/server/app/admin/login/page/build-manifest.json'
[WebServer] }
[WebServer]  ⨯ Error: ENOENT: no such file or directory, open '/Users/aishwaryashrivastav/Development/port/.next/dev/server/app/admin/login/page/build-manifest.json'
[WebServer]     at ignore-listed frames {
[WebServer]   errno: -2,
[WebServer]   code: 'ENOENT',
[WebServer]   syscall: 'open',
[WebServer]   path: '/Users/aishwaryashrivastav/Development/port/.next/dev/server/app/admin/login/page/build-manifest.json'
[WebServer] }
  ✘   22 [chromium] › tests/e2e/categories-crud-comprehensive.spec.ts:33:7 › Categories CRUD - Comprehensive › should auto-generate slug from name (1.0m)
  ✘   24 [chromium] › tests/e2e/articles-crud.spec.ts:397:7 › Articles CRUD › should view article on frontend (1.0m)
  ✘   21 [chromium] › tests/e2e/categories-crud-comprehensive.spec.ts:15:7 › Categories CRUD - Comprehensive › should create category with all fields (1.0m)
  ✘   23 [chromium] › tests/e2e/articles-crud.spec.ts:372:7 › Articles CRUD › should update SEO fields (1.0m)
[WebServer]  ⨯ Error: ENOENT: no such file or directory, open '/Users/aishwaryashrivastav/Development/port/.next/dev/server/app/admin/login/page/build-manifest.json'
[WebServer]     at ignore-listed frames {
[WebServer]   errno: -2,
[WebServer]   code: 'ENOENT',
[WebServer]   syscall: 'open',
[WebServer]   path: '/Users/aishwaryashrivastav/Development/port/.next/dev/server/app/admin/login/page/build-manifest.json'
[WebServer] }
[WebServer]  ⨯ Error: ENOENT: no such file or directory, open '/Users/aishwaryashrivastav/Development/port/.next/dev/server/app/admin/login/page/build-manifest.json'
[WebServer]     at ignore-listed frames {
[WebServer]   errno: -2,
[WebServer]   code: 'ENOENT',
[WebServer]   syscall: 'open',
[WebServer]   path: '/Users/aishwaryashrivastav/Development/port/.next/dev/server/app/admin/login/page/build-manifest.json'
[WebServer] }
[WebServer]  ⨯ Error: ENOENT: no such file or directory, open '/Users/aishwaryashrivastav/Development/port/.next/dev/server/app/admin/login/page/build-manifest.json'
[WebServer]     at ignore-listed frames {
[WebServer]   errno: -2,
[WebServer]   code: 'ENOENT',
[WebServer]   syscall: 'open',
[WebServer]   path: '/Users/aishwaryashrivastav/Development/port/.next/dev/server/app/admin/login/page/build-manifest.json'
[WebServer] }
[WebServer]  ⨯ Error: ENOENT: no such file or directory, open '/Users/aishwaryashrivastav/Development/port/.next/dev/server/app/admin/login/page/build-manifest.json'
[WebServer]     at ignore-listed frames {
[WebServer]   errno: -2,
[WebServer]   code: 'ENOENT',
[WebServer]   syscall: 'open',
[WebServer]   path: '/Users/aishwaryashrivastav/Development/port/.next/dev/server/app/admin/login/page/build-manifest.json'
[WebServer] }
[WebServer]  ⨯ Error: ENOENT: no such file or directory, open '/Users/aishwaryashrivastav/Development/port/.next/dev/server/app/admin/login/page/build-manifest.json'
[WebServer]     at ignore-listed frames {
[WebServer]   errno: -2,
[WebServer]   code: 'ENOENT',
[WebServer]   syscall: 'open',
[WebServer]   path: '/Users/aishwaryashrivastav/Development/port/.next/dev/server/app/admin/login/page/build-manifest.json'
[WebServer] }
[WebServer]  ⨯ Error: ENOENT: no such file or directory, open '/Users/aishwaryashrivastav/Development/port/.next/dev/server/app/admin/login/page/build-manifest.json'
[WebServer]     at ignore-listed frames {
[WebServer]   errno: -2,
[WebServer]   code: 'ENOENT',
[WebServer]   syscall: 'open',
[WebServer]   path: '/Users/aishwaryashrivastav/Development/port/.next/dev/server/app/admin/login/page/build-manifest.json'
[WebServer] }
[WebServer]  ⨯ Error: ENOENT: no such file or directory, open '/Users/aishwaryashrivastav/Development/port/.next/dev/server/app/admin/login/page/build-manifest.json'
[WebServer]     at ignore-listed frames {
[WebServer]   errno: -2,
[WebServer]   code: 'ENOENT',
[WebServer]   syscall: 'open',
[WebServer]   path: '/Users/aishwaryashrivastav/Development/port/.next/dev/server/app/admin/login/page/build-manifest.json'
[WebServer] }
[WebServer]  ⨯ Error: ENOENT: no such file or directory, open '/Users/aishwaryashrivastav/Development/port/.next/dev/server/app/admin/login/page/build-manifest.json'
[WebServer]     at ignore-listed frames {
[WebServer]   errno: -2,
[WebServer]   code: 'ENOENT',
[WebServer]   syscall: 'open',
[WebServer]   path: '/Users/aishwaryashrivastav/Development/port/.next/dev/server/app/admin/login/page/build-manifest.json'
[WebServer] }
[WebServer]  ⨯ Error: ENOENT: no such file or directory, open '/Users/aishwaryashrivastav/Development/port/.next/dev/server/app/admin/login/page/build-manifest.json'
[WebServer]     at ignore-listed frames {
[WebServer]   errno: -2,
[WebServer]   code: 'ENOENT',
[WebServer]   syscall: 'open',
[WebServer]   path: '/Users/aishwaryashrivastav/Development/port/.next/dev/server/app/admin/login/page/build-manifest.json'
[WebServer] }
[WebServer]  ⨯ Error: ENOENT: no such file or directory, open '/Users/aishwaryashrivastav/Development/port/.next/dev/server/app/admin/login/page/build-manifest.json'
[WebServer]     at ignore-listed frames {
[WebServer]   errno: -2,
[WebServer]   code: 'ENOENT',
[WebServer]   syscall: 'open',
[WebServer]   path: '/Users/aishwaryashrivastav/Development/port/.next/dev/server/app/admin/login/page/build-manifest.json'
[WebServer] }
[WebServer]  ⨯ Error: ENOENT: no such file or directory, open '/Users/aishwaryashrivastav/Development/port/.next/dev/server/app/admin/login/page/build-manifest.json'
[WebServer]     at ignore-listed frames {
[WebServer]   errno: -2,
[WebServer]   code: 'ENOENT',
[WebServer]   syscall: 'open',
[WebServer]   path: '/Users/aishwaryashrivastav/Development/port/.next/dev/server/app/admin/login/page/build-manifest.json'
[WebServer] }
[WebServer]  ⨯ Error: ENOENT: no such file or directory, open '/Users/aishwaryashrivastav/Development/port/.next/dev/server/app/admin/login/page/build-manifest.json'
[WebServer]     at ignore-listed frames {
[WebServer]   errno: -2,
[WebServer]   code: 'ENOENT',
[WebServer]   syscall: 'open',
[WebServer]   path: '/Users/aishwaryashrivastav/Development/port/.next/dev/server/app/admin/login/page/build-manifest.json'
[WebServer] }
[WebServer]  ⨯ Error: ENOENT: no such file or directory, open '/Users/aishwaryashrivastav/Development/port/.next/dev/server/app/admin/login/page/build-manifest.json'
[WebServer]     at ignore-listed frames {
[WebServer]   errno: -2,
[WebServer]   code: 'ENOENT',
[WebServer]   syscall: 'open',
[WebServer]   path: '/Users/aishwaryashrivastav/Development/port/.next/dev/server/app/admin/login/page/build-manifest.json'
[WebServer] }
[WebServer]  ⨯ Error: ENOENT: no such file or directory, open '/Users/aishwaryashrivastav/Development/port/.next/dev/server/app/admin/login/page/build-manifest.json'
[WebServer]     at ignore-listed frames {
[WebServer]   errno: -2,
[WebServer]   code: 'ENOENT',
[WebServer]   syscall: 'open',
[WebServer]   path: '/Users/aishwaryashrivastav/Development/port/.next/dev/server/app/admin/login/page/build-manifest.json'
[WebServer] }
  ✘   25 [chromium] › tests/e2e/categories-crud-comprehensive.spec.ts:48:7 › Categories CRUD - Comprehensive › should create category without description (1.0m)
  ✘   26 [chromium] › tests/e2e/categories-crud-comprehensive.spec.ts:63:7 › Categories CRUD - Comprehensive › should validate required fields (1.0m)
  ✘   27 [chromium] › tests/e2e/categories-crud-comprehensive.spec.ts:73:7 › Categories CRUD - Comprehensive › should reset form after successful creation (1.0m)
  ✘   28 [chromium] › tests/e2e/categories-crud-comprehensive.spec.ts:89:7 › Categories CRUD - Comprehensive › should delete category (1.0m)
  ✘   29 [chromium] › tests/e2e/categories-crud-comprehensive.spec.ts:112:7 › Categories CRUD - Comprehensive › should show empty state when no categories (1.0m)
  ✘   30 [chromium] › tests/e2e/categories-crud-comprehensive.spec.ts:125:7 › Categories CRUD - Comprehensive › should prevent duplicate category names (1.0m)
  ✘   31 [chromium] › tests/e2e/categories-crud-comprehensive.spec.ts:195:7 › Categories CRUD - Comprehensive › should update article dropdown when category created (11.0s)
  ✘   34 [chromium] › tests/e2e/categories-crud-comprehensive.spec.ts:175:7 › Categories CRUD - Comprehensive › should display categories in alphabetical order (11.0s)
  ✘   32 [chromium] › tests/e2e/categories-crud-comprehensive.spec.ts:145:7 › Categories CRUD - Comprehensive › should handle special characters in slug (11.1s)
  ✘   33 [chromium] › tests/e2e/categories-crud-comprehensive.spec.ts:160:7 › Categories CRUD - Comprehensive › should show loading state during creation (11.0s)
  ✘   38 [chromium] › tests/e2e/dashboard-comprehensive.spec.ts:24:7 › Admin Dashboard - Comprehensive › should show correct article counts (16.3s)
  ✘   36 [chromium] › tests/e2e/dashboard-comprehensive.spec.ts:47:7 › Admin Dashboard - Comprehensive › should display article details in table (16.3s)
  ✘   37 [chromium] › tests/e2e/dashboard-comprehensive.spec.ts:41:7 › Admin Dashboard - Comprehensive › should show recent articles table (16.3s)
  ✘   39 [chromium] › tests/e2e/dashboard-comprehensive.spec.ts:15:7 › Admin Dashboard - Comprehensive › should display dashboard statistics (16.3s)
  ✘   42 [chromium] › tests/e2e/dashboard-comprehensive.spec.ts:126:7 › Admin Dashboard - Comprehensive › should navigate to create article page (11.3s)
  ✘   41 [chromium] › tests/e2e/dashboard-comprehensive.spec.ts:134:7 › Admin Dashboard - Comprehensive › should show edit link for articles (11.3s)
  ✘   43 [chromium] › tests/e2e/dashboard-comprehensive.spec.ts:120:7 › Admin Dashboard - Comprehensive › should show create new article button (11.4s)
  ✘   40 [chromium] › tests/e2e/dashboard-comprehensive.spec.ts:76:7 › Admin Dashboard - Comprehensive › should show published and draft status badges (11.4s)
  ✘   44 [chromium] › tests/e2e/dashboard-comprehensive.spec.ts:166:7 › Admin Dashboard - Comprehensive › should show article views count (10.9s)
  ✘   45 [chromium] › tests/e2e/dashboard-comprehensive.spec.ts:195:7 › Admin Dashboard - Comprehensive › should show empty state when no articles (10.9s)
  ✘   46 [chromium] › tests/e2e/dashboard-comprehensive.spec.ts:209:7 › Admin Dashboard - Comprehensive › should limit recent articles to 10 (10.9s)
  ✘   47 [chromium] › tests/e2e/dashboard-comprehensive.spec.ts:239:7 › Admin Dashboard - Comprehensive › should show articles in descending order by date (11.0s)
  ✘   35 [chromium] › tests/e2e/categories-crud.spec.ts:3:5 › create category and see it listed (1.0m)
  ✘   50 [chromium] › tests/e2e/editors-crud-comprehensive.spec.ts:15:7 › Editors CRUD - Comprehensive › should create editor with all fields (12.3s)
  ✘   48 [chromium] › tests/e2e/editors-crud-comprehensive.spec.ts:33:7 › Editors CRUD - Comprehensive › should create editor without bio and avatar (12.3s)
  ✘   49 [chromium] › tests/e2e/dashboard-comprehensive.spec.ts:282:7 › Admin Dashboard - Comprehensive › should display category and editor names (12.4s)
  ✘   51 [chromium] › tests/e2e/editors-crud-comprehensive.spec.ts:48:7 › Editors CRUD - Comprehensive › should validate email format (12.4s)
  ✘   52 [chromium] › tests/e2e/editors-crud-comprehensive.spec.ts:61:7 › Editors CRUD - Comprehensive › should validate required fields (10.7s)
  ✘   53 [chromium] › tests/e2e/editors-crud-comprehensive.spec.ts:70:7 › Editors CRUD - Comprehensive › should reset form after successful creation (10.8s)
  ✘   54 [chromium] › tests/e2e/editors-crud-comprehensive.spec.ts:86:7 › Editors CRUD - Comprehensive › should delete editor (10.8s)
  ✘   55 [chromium] › tests/e2e/editors-crud-comprehensive.spec.ts:109:7 › Editors CRUD - Comprehensive › should prevent duplicate emails (10.7s)
  ✘   56 [chromium] › tests/e2e/editors-crud-comprehensive.spec.ts:132:7 › Editors CRUD - Comprehensive › should generate unique slug automatically (10.7s)
  ✘   57 [chromium] › tests/e2e/editors-crud-comprehensive.spec.ts:154:7 › Editors CRUD - Comprehensive › should show empty state when no editors (10.6s)
  ✘   58 [chromium] › tests/e2e/editors-crud-comprehensive.spec.ts:173:7 › Editors CRUD - Comprehensive › should display editors in alphabetical order (10.7s)
  ✘   59 [chromium] › tests/e2e/editors-crud-comprehensive.spec.ts:199:7 › Editors CRUD - Comprehensive › should update article dropdown when editor created (10.7s)
  ✘   60 [chromium] › tests/e2e/editors-crud-comprehensive.spec.ts:217:7 › Editors CRUD - Comprehensive › should handle special characters in name (10.7s)
  ✘   61 [chromium] › tests/e2e/editors-crud-comprehensive.spec.ts:231:7 › Editors CRUD - Comprehensive › should show loading state during creation (10.7s)
  ✘   63 [chromium] › tests/e2e/import-comprehensive.spec.ts:44:7 › WordPress CSV Import - Comprehensive › should show import page with instructions (10.8s)
  ✘   65 [chromium] › tests/e2e/import-comprehensive.spec.ts:72:7 › WordPress CSV Import - Comprehensive › should import articles from CSV (10.7s)
  ✘   64 [chromium] › tests/e2e/import-comprehensive.spec.ts:53:7 › WordPress CSV Import - Comprehensive › should accept CSV file upload (10.7s)
  ✘   66 [chromium] › tests/e2e/import-comprehensive.spec.ts:98:7 › WordPress CSV Import - Comprehensive › should handle CSV with only required fields (10.7s)
  ✘   67 [chromium] › tests/e2e/import-comprehensive.spec.ts:118:7 › WordPress CSV Import - Comprehensive › should show import errors for invalid CSV (10.7s)
  ✘   69 [chromium] › tests/e2e/import-comprehensive.spec.ts:164:7 › WordPress CSV Import - Comprehensive › should create editors automatically (10.7s)
  ✘   68 [chromium] › tests/e2e/import-comprehensive.spec.ts:139:7 › WordPress CSV Import - Comprehensive › should create categories automatically (10.7s)
  ✘   70 [chromium] › tests/e2e/import-comprehensive.spec.ts:189:7 › WordPress CSV Import - Comprehensive › should update existing articles with same slug (10.7s)
  ✘   71 [chromium] › tests/e2e/import-comprehensive.spec.ts:228:7 › WordPress CSV Import - Comprehensive › should handle multiple articles in CSV (10.7s)
  ✘   74 [chromium] › tests/e2e/import-comprehensive.spec.ts:256:7 › WordPress CSV Import - Comprehensive › should show file name and size after selection (10.7s)
  ✘   72 [chromium] › tests/e2e/import-comprehensive.spec.ts:275:7 › WordPress CSV Import - Comprehensive › should disable import button when no file selected (10.7s)
  ✘   73 [chromium] › tests/e2e/import-comprehensive.spec.ts:282:7 › WordPress CSV Import - Comprehensive › should enable import button when file selected (10.7s)
  ✓   77 [chromium] › tests/e2e/perf-and-canonical.spec.ts:5:5 › categories API has cache headers (91ms)
  ✘   78 [chromium] › tests/e2e/perf-and-canonical.spec.ts:12:5 › home canonical is absolute and correct (1.2s)
  ✓   80 [chromium] › tests/e2e/seo.spec.ts:11:5 › robots.txt configured with sitemap and disallow admin (117ms)
[WebServer] Error [PrismaClientValidationError]: 
[WebServer] Invalid `__TURBOPACK__imported__module__$5b$project$5d2f$lib$2f$prisma$2e$ts__$5b$app$2d$route$5d$__$28$ecmascript$29$__["prisma"].article.findMany()` invocation in
[WebServer] /Users/aishwaryashrivastav/Development/port/.next/dev/server/chunks/[root-of-the-server]__f9e103ad._.js:102:158
[WebServer] 
[WebServer]    99 async function sitemap() {
[WebServer]   100     const baseUrl = process.env.NEXT_PUBLIC_SITE_URL || 'http://localhost:3000';
[WebServer]   101     // Get all published articles
[WebServer] → 102     const articles = await __TURBOPACK__imported__module__$5b$project$5d2f$lib$2f$prisma$2e$ts__$5b$app$2d$route$5d$__$28$ecmascript$29$__["prisma"].article.findMany({
[WebServer]             where: {
[WebServer]               published: true
[WebServer]             },
[WebServer]             include: {
[WebServer]             ~~~~~~~
[WebServer]               category: true
[WebServer]             },
[WebServer]             select: {
[WebServer]             ~~~~~~
[WebServer]               slug: true,
[WebServer]               updatedAt: true,
[WebServer]               category: {
[WebServer]                 select: {
[WebServer]                   slug: true
[WebServer]                 }
[WebServer]               }
[WebServer]             }
[WebServer]           })
[WebServer] 
[WebServer] Please either use `include` or `select`, but not both at the same time.
[WebServer]     at <unknown> (app/sitemap.ts:9:41)
[WebServer]    7 |
[WebServer]    8 |   // Get all published articles
[WebServer] >  9 |   const articles = await prisma.article.findMany({
[WebServer]      |                                         ^
[WebServer]   10 |     where: { published: true },
[WebServer]   11 |     include: {
[WebServer]   12 |       category: true, {
[WebServer]   clientVersion: '6.18.0'
[WebServer] }
  ✘   81 [chromium] › tests/e2e/seo.spec.ts:20:5 › sitemap.xml is served and includes site root (146ms)
  ✓   82 [chromium] › tests/e2e/seo.spec.ts:27:5 › rss.xml feeds latest posts (79ms)
  ✓   83 [chromium] › tests/e2e/seo.spec.ts:35:5 › admin pages are noindex (957ms)
  ✘   75 [chromium] › tests/e2e/import-comprehensive.spec.ts:300:7 › WordPress CSV Import - Comprehensive › should show loading state during import (11.0s)
  ✘   76 [chromium] › tests/e2e/import-comprehensive.spec.ts:320:7 › WordPress CSV Import - Comprehensive › should reset file selection after import (11.0s)
  ✘   79 [chromium] › tests/e2e/seo.spec.ts:5:5 › home has canonical link (11.0s)
  ✘   84 [chromium] › tests/e2e/settings-comprehensive.spec.ts:39:7 › Settings Management - Comprehensive › should update site name (11.0s)
  ✘   85 [chromium] › tests/e2e/settings-comprehensive.spec.ts:51:7 › Settings Management - Comprehensive › should update logo URL (10.5s)
  ✘   86 [chromium] › tests/e2e/settings-comprehensive.spec.ts:62:7 › Settings Management - Comprehensive › should update navigation links JSON (10.9s)
  ✘   87 [chromium] › tests/e2e/settings-comprehensive.spec.ts:72:7 › Settings Management - Comprehensive › should update footer links JSON (11.1s)
  ✘   88 [chromium] › tests/e2e/settings-comprehensive.spec.ts:82:7 › Settings Management - Comprehensive › should update subscribe CTA text (11.1s)
  ✘   62 [chromium] › tests/e2e/editors-crud.spec.ts:3:5 › create editor and see it listed (1.0m)
  ✘   89 [chromium] › tests/e2e/settings-comprehensive.spec.ts:92:7 › Settings Management - Comprehensive › should update header bar settings (10.4s)
  ✘   90 [chromium] › tests/e2e/settings-comprehensive.spec.ts:111:7 › Settings Management - Comprehensive › should load existing settings on page load (10.4s)
  ✘   91 [chromium] › tests/e2e/settings-comprehensive.spec.ts:129:7 › Settings Management - Comprehensive › should handle empty settings (10.3s)
  ✘   92 [chromium] › tests/e2e/settings-comprehensive.spec.ts:149:7 › Settings Management - Comprehensive › should show loading state during save (10.5s)
  ✘   93 [chromium] › tests/e2e/settings-comprehensive.spec.ts:158:7 › Settings Management - Comprehensive › should reload page after save (10.5s)
  ✘   94 [chromium] › tests/e2e/settings-comprehensive.spec.ts:174:7 › Settings Management - Comprehensive › should validate JSON format for nav links (10.4s)
  ✘   95 [chromium] › tests/e2e/settings-comprehensive.spec.ts:185:7 › Settings Management - Comprehensive › should handle very long text fields (10.3s)
  ✘   96 [chromium] › tests/e2e/settings-comprehensive.spec.ts:195:7 › Settings Management - Comprehensive › should persist settings across sessions (10.3s)
  ✘   97 [chromium] › tests/e2e/settings-comprehensive.spec.ts:209:7 › Settings Management - Comprehensive › should create default settings if none exist (10.4s)
  ✘   98 [chromium] › tests/e2e/settings.spec.ts:3:5 › update a setting and persist (10.4s)
  ✘   99 [chromium] › tests/e2e/sponsored-banners.spec.ts:15:7 › Sponsored Banners CRUD › should create sponsored banner (10.4s)
  ✘  100 [chromium] › tests/e2e/sponsored-banners.spec.ts:31:7 › Sponsored Banners CRUD › should create banner with all fields (10.3s)
  ✘  101 [chromium] › tests/e2e/sponsored-banners.spec.ts:58:7 › Sponsored Banners CRUD › should validate required fields (10.3s)
  ✘  102 [chromium] › tests/e2e/sponsored-banners.spec.ts:69:7 › Sponsored Banners CRUD › should edit banner (10.4s)
  ✘  103 [chromium] › tests/e2e/sponsored-banners.spec.ts:96:7 › Sponsored Banners CRUD › should delete banner (10.4s)
  ✘  104 [chromium] › tests/e2e/sponsored-banners.spec.ts:120:7 › Sponsored Banners CRUD › should show all banner types (10.3s)
  ✘  105 [chromium] › tests/e2e/sponsored-banners.spec.ts:132:7 › Sponsored Banners CRUD › should handle date ranges (10.3s)
  ✘  106 [chromium] › tests/e2e/sponsored-banners.spec.ts:155:7 › Sponsored Banners CRUD › should toggle active status (10.3s)
  ✘  107 [chromium] › tests/e2e/sponsored-banners.spec.ts:180:7 › Sponsored Banners CRUD › should show empty state when no banners (10.5s)
  ✘  108 [chromium] › tests/e2e/sponsored-banners.spec.ts:193:7 › Sponsored Banners CRUD › should set display order (10.5s)
  ✓  112 [chromium] › tests/e2e/subscribers-comprehensive.spec.ts:39:7 › Subscribers Management - Comprehensive › should show empty state when no subscribers (1.3s)
  ✓  113 [chromium] › tests/e2e/subscribers-comprehensive.spec.ts:22:7 › Subscribers Management - Comprehensive › should show subscriber email and date (1.3s)
  ✘  114 [chromium] › tests/e2e/subscribers-comprehensive.spec.ts:54:7 › Subscribers Management - Comprehensive › should export subscribers as CSV (1.1s)
  ✓  116 [chromium] › tests/e2e/subscribers-comprehensive.spec.ts:107:7 › Subscribers Management - Comprehensive › should handle special characters in email (623ms)
  ✘  117 [chromium] › tests/e2e/subscribers-comprehensive.spec.ts:120:7 › Subscribers Management - Comprehensive › should prevent duplicate email subscriptions (1.0s)
  ✓  115 [chromium] › tests/e2e/subscribers-comprehensive.spec.ts:84:7 › Subscribers Management - Comprehensive › should display subscribers in descending order by date (3.1s)
  ✘  118 [chromium] › tests/e2e/subscribers.spec.ts:3:5 › subscribe via API and see in admin list (99ms)
  ✘  109 [chromium] › tests/e2e/sponsored-banners.spec.ts:221:7 › Sponsored Banners CRUD › should reset form on cancel (10.4s)
  ✘  111 [chromium] › tests/e2e/subscribers-comprehensive.spec.ts:15:7 › Subscribers Management - Comprehensive › should display subscribers list (10.8s)
  ✘  110 [chromium] › tests/e2e/sponsored-banners.spec.ts:233:7 › Sponsored Banners CRUD › should validate image URL format (1.0m)
  ✘  119 [chromium] › tests/e2e/subscribers-comprehensive.spec.ts:139:7 › Subscribers Management - Comprehensive › should show correct date format (1.0m)


  1) [chromium] › tests/e2e/admin-authentication.spec.ts:9:7 › Admin Authentication › should redirect to login when accessing admin without auth 

    [31mTest timeout of 60000ms exceeded.[39m

    Error: page.goto: Test timeout of 60000ms exceeded.
    Call log:
    [2m  - navigating to "http://localhost:3000/admin", waiting until "load"[22m


       8 |
       9 |   test('should redirect to login when accessing admin without auth', async ({ page }) => {
    > 10 |     await page.goto('/admin')
         |                ^
      11 |     await expect(page).toHaveURL(/\/admin\/login/)
      12 |   })
      13 |
        at /Users/aishwaryashrivastav/Development/port/tests/e2e/admin-authentication.spec.ts:10:16

  2) [chromium] › tests/e2e/admin-authentication.spec.ts:14:7 › Admin Authentication › should show error for invalid password 

    [31mTest timeout of 60000ms exceeded.[39m

    Error: page.goto: Test timeout of 60000ms exceeded.
    Call log:
    [2m  - navigating to "http://localhost:3000/admin/login", waiting until "load"[22m


      13 |
      14 |   test('should show error for invalid password', async ({ page }) => {
    > 15 |     await page.goto('/admin/login')
         |                ^
      16 |     await page.fill('input[name="password"]', 'wrong-password')
      17 |     await page.click('button[type="submit"]')
      18 |     
        at /Users/aishwaryashrivastav/Development/port/tests/e2e/admin-authentication.spec.ts:15:16

  3) [chromium] › tests/e2e/admin-authentication.spec.ts:23:7 › Admin Authentication › should login with correct password 

    [31mTest timeout of 60000ms exceeded.[39m

    Error: page.goto: Test timeout of 60000ms exceeded.
    Call log:
    [2m  - navigating to "http://localhost:3000/admin/login", waiting until "load"[22m


      24 |     const adminPassword = process.env.ADMIN_PASSWORD || 'admin123'
      25 |     
    > 26 |     await page.goto('/admin/login')
         |                ^
      27 |     await page.fill('input[name="password"]', adminPassword)
      28 |     await page.click('button[type="submit"]')
      29 |     
        at /Users/aishwaryashrivastav/Development/port/tests/e2e/admin-authentication.spec.ts:26:16

  4) [chromium] › tests/e2e/admin-authentication.spec.ts:34:7 › Admin Authentication › should redirect to intended page after login 

    [31mTest timeout of 60000ms exceeded.[39m

    Error: page.goto: Test timeout of 60000ms exceeded.
    Call log:
    [2m  - navigating to "http://localhost:3000/admin/articles", waiting until "load"[22m


      35 |     const adminPassword = process.env.ADMIN_PASSWORD || 'admin123'
      36 |     
    > 37 |     await page.goto('/admin/articles')
         |                ^
      38 |     await expect(page).toHaveURL(/\/admin\/login/)
      39 |     
      40 |     await page.fill('input[name="password"]', adminPassword)
        at /Users/aishwaryashrivastav/Development/port/tests/e2e/admin-authentication.spec.ts:37:16

  5) [chromium] › tests/e2e/admin-authentication.spec.ts:46:7 › Admin Authentication › should logout and redirect to login 

    [31mTest timeout of 60000ms exceeded.[39m

    Error: page.goto: Test timeout of 60000ms exceeded.
    Call log:
    [2m  - navigating to "http://localhost:3000/admin/login", waiting until "load"[22m


      48 |     
      49 |     // Login first
    > 50 |     await page.goto('/admin/login')
         |                ^
      51 |     await page.fill('input[name="password"]', adminPassword)
      52 |     await page.click('button[type="submit"]')
      53 |     await expect(page).toHaveURL('/admin')
        at /Users/aishwaryashrivastav/Development/port/tests/e2e/admin-authentication.spec.ts:50:16

  6) [chromium] › tests/e2e/admin-authentication.spec.ts:64:7 › Admin Authentication › should maintain session across page navigations 

    [31mTest timeout of 60000ms exceeded.[39m

    Error: page.goto: Test timeout of 60000ms exceeded.
    Call log:
    [2m  - navigating to "http://localhost:3000/admin/login", waiting until "load"[22m


      65 |     const adminPassword = process.env.ADMIN_PASSWORD || 'admin123'
      66 |     
    > 67 |     await page.goto('/admin/login')
         |                ^
      68 |     await page.fill('input[name="password"]', adminPassword)
      69 |     await page.click('button[type="submit"]')
      70 |     
        at /Users/aishwaryashrivastav/Development/port/tests/e2e/admin-authentication.spec.ts:67:16

  7) [chromium] › tests/e2e/admin-authentication.spec.ts:82:7 › Admin Authentication › should show loading state during login 

    [31mTest timeout of 60000ms exceeded.[39m

    Error: page.goto: Test timeout of 60000ms exceeded.
    Call log:
    [2m  - navigating to "http://localhost:3000/admin/login", waiting until "load"[22m


      83 |     const adminPassword = process.env.ADMIN_PASSWORD || 'admin123'
      84 |     
    > 85 |     await page.goto('/admin/login')
         |                ^
      86 |     await page.fill('input[name="password"]', adminPassword)
      87 |     
      88 |     const submitPromise = page.click('button[type="submit"]')
        at /Users/aishwaryashrivastav/Development/port/tests/e2e/admin-authentication.spec.ts:85:16

  8) [chromium] › tests/e2e/admin-navigation.spec.ts:4:7 › Admin navigation › menu links render and highlight active route 

    [31mTest timeout of 60000ms exceeded.[39m

    Error: page.goto: Test timeout of 60000ms exceeded.
    Call log:
    [2m  - navigating to "http://localhost:3000/admin", waiting until "load"[22m


      3 | test.describe('Admin navigation', () => {
      4 |   test('menu links render and highlight active route', async ({ page }) => {
    > 5 |     await page.goto('/admin')
        |                ^
      6 |
      7 |     const links = [
      8 |       { href: '/admin', label: 'Dashboard', heading: 'Dashboard' },
        at /Users/aishwaryashrivastav/Development/port/tests/e2e/admin-navigation.spec.ts:5:16

  9) [chromium] › tests/e2e/articles-crud.spec.ts:43:7 › Articles CRUD › should create a new article 

    [31mTest timeout of 60000ms exceeded while running "beforeEach" hook.[39m

       6 |   let editorId: string
       7 |
    >  8 |   test.beforeEach(async ({ page, request }) => {
         |        ^
       9 |     adminPassword = process.env.ADMIN_PASSWORD || 'admin123'
      10 |     
      11 |     // Login
        at /Users/aishwaryashrivastav/Development/port/tests/e2e/articles-crud.spec.ts:8:8

    Error: page.goto: Test timeout of 60000ms exceeded.
    Call log:
    [2m  - navigating to "http://localhost:3000/admin/login", waiting until "load"[22m


      10 |     
      11 |     // Login
    > 12 |     await page.goto('/admin/login')
         |                ^
      13 |     await page.fill('input[name="password"]', adminPassword)
      14 |     await page.click('button[type="submit"]')
      15 |     await expect(page).toHaveURL('/admin')
        at /Users/aishwaryashrivastav/Development/port/tests/e2e/articles-crud.spec.ts:12:16

  10) [chromium] › tests/e2e/articles-crud.spec.ts:80:7 › Articles CRUD › should auto-generate slug from title 

    [31mTest timeout of 60000ms exceeded while running "beforeEach" hook.[39m

       6 |   let editorId: string
       7 |
    >  8 |   test.beforeEach(async ({ page, request }) => {
         |        ^
       9 |     adminPassword = process.env.ADMIN_PASSWORD || 'admin123'
      10 |     
      11 |     // Login
        at /Users/aishwaryashrivastav/Development/port/tests/e2e/articles-crud.spec.ts:8:8

    Error: page.goto: Test timeout of 60000ms exceeded.
    Call log:
    [2m  - navigating to "http://localhost:3000/admin/login", waiting until "load"[22m


      10 |     
      11 |     // Login
    > 12 |     await page.goto('/admin/login')
         |                ^
      13 |     await page.fill('input[name="password"]', adminPassword)
      14 |     await page.click('button[type="submit"]')
      15 |     await expect(page).toHaveURL('/admin')
        at /Users/aishwaryashrivastav/Development/port/tests/e2e/articles-crud.spec.ts:12:16

  11) [chromium] › tests/e2e/articles-crud.spec.ts:94:7 › Articles CRUD › should validate required fields 

    [31mTest timeout of 60000ms exceeded while running "beforeEach" hook.[39m

       6 |   let editorId: string
       7 |
    >  8 |   test.beforeEach(async ({ page, request }) => {
         |        ^
       9 |     adminPassword = process.env.ADMIN_PASSWORD || 'admin123'
      10 |     
      11 |     // Login
        at /Users/aishwaryashrivastav/Development/port/tests/e2e/articles-crud.spec.ts:8:8

    Error: page.fill: Test timeout of 60000ms exceeded.
    Call log:
    [2m  - waiting for locator('input[name="password"]')[22m


      11 |     // Login
      12 |     await page.goto('/admin/login')
    > 13 |     await page.fill('input[name="password"]', adminPassword)
         |                ^
      14 |     await page.click('button[type="submit"]')
      15 |     await expect(page).toHaveURL('/admin')
      16 |
        at /Users/aishwaryashrivastav/Development/port/tests/e2e/articles-crud.spec.ts:13:16

    Error Context: test-results/articles-crud-Articles-CRUD-should-validate-required-fields-chromium/error-context.md

  12) [chromium] › tests/e2e/articles-crud.spec.ts:105:7 › Articles CRUD › should edit an existing article 

    [31mTest timeout of 60000ms exceeded while running "beforeEach" hook.[39m

       6 |   let editorId: string
       7 |
    >  8 |   test.beforeEach(async ({ page, request }) => {
         |        ^
       9 |     adminPassword = process.env.ADMIN_PASSWORD || 'admin123'
      10 |     
      11 |     // Login
        at /Users/aishwaryashrivastav/Development/port/tests/e2e/articles-crud.spec.ts:8:8

    Error: page.fill: Test timeout of 60000ms exceeded.
    Call log:
    [2m  - waiting for locator('input[name="password"]')[22m


      11 |     // Login
      12 |     await page.goto('/admin/login')
    > 13 |     await page.fill('input[name="password"]', adminPassword)
         |                ^
      14 |     await page.click('button[type="submit"]')
      15 |     await expect(page).toHaveURL('/admin')
      16 |
        at /Users/aishwaryashrivastav/Development/port/tests/e2e/articles-crud.spec.ts:13:16

    Error Context: test-results/articles-crud-Articles-CRUD-should-edit-an-existing-article-chromium/error-context.md

  13) [chromium] › tests/e2e/articles-crud.spec.ts:130:7 › Articles CRUD › should delete an article 

    [31mTest timeout of 60000ms exceeded while running "beforeEach" hook.[39m

       6 |   let editorId: string
       7 |
    >  8 |   test.beforeEach(async ({ page, request }) => {
         |        ^
       9 |     adminPassword = process.env.ADMIN_PASSWORD || 'admin123'
      10 |     
      11 |     // Login
        at /Users/aishwaryashrivastav/Development/port/tests/e2e/articles-crud.spec.ts:8:8

    Error: page.fill: Test timeout of 60000ms exceeded.
    Call log:
    [2m  - waiting for locator('input[name="password"]')[22m


      11 |     // Login
      12 |     await page.goto('/admin/login')
    > 13 |     await page.fill('input[name="password"]', adminPassword)
         |                ^
      14 |     await page.click('button[type="submit"]')
      15 |     await expect(page).toHaveURL('/admin')
      16 |
        at /Users/aishwaryashrivastav/Development/port/tests/e2e/articles-crud.spec.ts:13:16

    Error Context: test-results/articles-crud-Articles-CRUD-should-delete-an-article-chromium/error-context.md

  14) [chromium] › tests/e2e/articles-crud.spec.ts:155:7 › Articles CRUD › should publish an article 

    [31mTest timeout of 60000ms exceeded while running "beforeEach" hook.[39m

       6 |   let editorId: string
       7 |
    >  8 |   test.beforeEach(async ({ page, request }) => {
         |        ^
       9 |     adminPassword = process.env.ADMIN_PASSWORD || 'admin123'
      10 |     
      11 |     // Login
        at /Users/aishwaryashrivastav/Development/port/tests/e2e/articles-crud.spec.ts:8:8

    Error: page.fill: Test timeout of 60000ms exceeded.
    Call log:
    [2m  - waiting for locator('input[name="password"]')[22m


      11 |     // Login
      12 |     await page.goto('/admin/login')
    > 13 |     await page.fill('input[name="password"]', adminPassword)
         |                ^
      14 |     await page.click('button[type="submit"]')
      15 |     await expect(page).toHaveURL('/admin')
      16 |
        at /Users/aishwaryashrivastav/Development/port/tests/e2e/articles-crud.spec.ts:13:16

    Error Context: test-results/articles-crud-Articles-CRUD-should-publish-an-article-chromium/error-context.md

  15) [chromium] › tests/e2e/articles-crud.spec.ts:191:7 › Articles CRUD › should schedule an article for later 

    [31mTest timeout of 60000ms exceeded while running "beforeEach" hook.[39m

       6 |   let editorId: string
       7 |
    >  8 |   test.beforeEach(async ({ page, request }) => {
         |        ^
       9 |     adminPassword = process.env.ADMIN_PASSWORD || 'admin123'
      10 |     
      11 |     // Login
        at /Users/aishwaryashrivastav/Development/port/tests/e2e/articles-crud.spec.ts:8:8

    Error: page.fill: Test timeout of 60000ms exceeded.
    Call log:
    [2m  - waiting for locator('input[name="password"]')[22m


      11 |     // Login
      12 |     await page.goto('/admin/login')
    > 13 |     await page.fill('input[name="password"]', adminPassword)
         |                ^
      14 |     await page.click('button[type="submit"]')
      15 |     await expect(page).toHaveURL('/admin')
      16 |
        at /Users/aishwaryashrivastav/Development/port/tests/e2e/articles-crud.spec.ts:13:16

    Error Context: test-results/articles-crud-Articles-CRU-b91e9-hedule-an-article-for-later-chromium/error-context.md

  16) [chromium] › tests/e2e/articles-crud.spec.ts:233:7 › Articles CRUD › should set article as featured 

    [31mTest timeout of 60000ms exceeded while running "beforeEach" hook.[39m

       6 |   let editorId: string
       7 |
    >  8 |   test.beforeEach(async ({ page, request }) => {
         |        ^
       9 |     adminPassword = process.env.ADMIN_PASSWORD || 'admin123'
      10 |     
      11 |     // Login
        at /Users/aishwaryashrivastav/Development/port/tests/e2e/articles-crud.spec.ts:8:8

    Error: page.fill: Test timeout of 60000ms exceeded.
    Call log:
    [2m  - waiting for locator('input[name="password"]')[22m


      11 |     // Login
      12 |     await page.goto('/admin/login')
    > 13 |     await page.fill('input[name="password"]', adminPassword)
         |                ^
      14 |     await page.click('button[type="submit"]')
      15 |     await expect(page).toHaveURL('/admin')
      16 |
        at /Users/aishwaryashrivastav/Development/port/tests/e2e/articles-crud.spec.ts:13:16

    Error Context: test-results/articles-crud-Articles-CRUD-should-set-article-as-featured-chromium/error-context.md

  17) [chromium] › tests/e2e/articles-crud.spec.ts:257:7 › Articles CRUD › should show article in list after creation 

    [31mTest timeout of 60000ms exceeded while running "beforeEach" hook.[39m

       6 |   let editorId: string
       7 |
    >  8 |   test.beforeEach(async ({ page, request }) => {
         |        ^
       9 |     adminPassword = process.env.ADMIN_PASSWORD || 'admin123'
      10 |     
      11 |     // Login
        at /Users/aishwaryashrivastav/Development/port/tests/e2e/articles-crud.spec.ts:8:8

    Error: page.fill: Test timeout of 60000ms exceeded.
    Call log:
    [2m  - waiting for locator('input[name="password"]')[22m


      11 |     // Login
      12 |     await page.goto('/admin/login')
    > 13 |     await page.fill('input[name="password"]', adminPassword)
         |                ^
      14 |     await page.click('button[type="submit"]')
      15 |     await expect(page).toHaveURL('/admin')
      16 |
        at /Users/aishwaryashrivastav/Development/port/tests/e2e/articles-crud.spec.ts:13:16

    Error Context: test-results/articles-crud-Articles-CRU-50034-icle-in-list-after-creation-chromium/error-context.md

  18) [chromium] › tests/e2e/articles-crud.spec.ts:292:7 › Articles CRUD › should prevent duplicate slugs 

    [31mTest timeout of 60000ms exceeded while running "beforeEach" hook.[39m

       6 |   let editorId: string
       7 |
    >  8 |   test.beforeEach(async ({ page, request }) => {
         |        ^
       9 |     adminPassword = process.env.ADMIN_PASSWORD || 'admin123'
      10 |     
      11 |     // Login
        at /Users/aishwaryashrivastav/Development/port/tests/e2e/articles-crud.spec.ts:8:8

    Error: page.fill: Test timeout of 60000ms exceeded.
    Call log:
    [2m  - waiting for locator('input[name="password"]')[22m


      11 |     // Login
      12 |     await page.goto('/admin/login')
    > 13 |     await page.fill('input[name="password"]', adminPassword)
         |                ^
      14 |     await page.click('button[type="submit"]')
      15 |     await expect(page).toHaveURL('/admin')
      16 |
        at /Users/aishwaryashrivastav/Development/port/tests/e2e/articles-crud.spec.ts:13:16

    Error Context: test-results/articles-crud-Articles-CRUD-should-prevent-duplicate-slugs-chromium/error-context.md

  19) [chromium] › tests/e2e/articles-crud.spec.ts:338:7 › Articles CRUD › should show empty state when no articles 

    [31mTest timeout of 60000ms exceeded while running "beforeEach" hook.[39m

       6 |   let editorId: string
       7 |
    >  8 |   test.beforeEach(async ({ page, request }) => {
         |        ^
       9 |     adminPassword = process.env.ADMIN_PASSWORD || 'admin123'
      10 |     
      11 |     // Login
        at /Users/aishwaryashrivastav/Development/port/tests/e2e/articles-crud.spec.ts:8:8

    Error: page.fill: Test timeout of 60000ms exceeded.
    Call log:
    [2m  - waiting for locator('input[name="password"]')[22m


      11 |     // Login
      12 |     await page.goto('/admin/login')
    > 13 |     await page.fill('input[name="password"]', adminPassword)
         |                ^
      14 |     await page.click('button[type="submit"]')
      15 |     await expect(page).toHaveURL('/admin')
      16 |
        at /Users/aishwaryashrivastav/Development/port/tests/e2e/articles-crud.spec.ts:13:16

    Error Context: test-results/articles-crud-Articles-CRU-fdca5-mpty-state-when-no-articles-chromium/error-context.md

  20) [chromium] › tests/e2e/articles-crud.spec.ts:352:7 › Articles CRUD › should calculate read time 

    [31mTest timeout of 60000ms exceeded while running "beforeEach" hook.[39m

       6 |   let editorId: string
       7 |
    >  8 |   test.beforeEach(async ({ page, request }) => {
         |        ^
       9 |     adminPassword = process.env.ADMIN_PASSWORD || 'admin123'
      10 |     
      11 |     // Login
        at /Users/aishwaryashrivastav/Development/port/tests/e2e/articles-crud.spec.ts:8:8

    Error: page.fill: Test timeout of 60000ms exceeded.
    Call log:
    [2m  - waiting for locator('input[name="password"]')[22m


      11 |     // Login
      12 |     await page.goto('/admin/login')
    > 13 |     await page.fill('input[name="password"]', adminPassword)
         |                ^
      14 |     await page.click('button[type="submit"]')
      15 |     await expect(page).toHaveURL('/admin')
      16 |
        at /Users/aishwaryashrivastav/Development/port/tests/e2e/articles-crud.spec.ts:13:16

    Error Context: test-results/articles-crud-Articles-CRUD-should-calculate-read-time-chromium/error-context.md

  21) [chromium] › tests/e2e/articles-crud.spec.ts:372:7 › Articles CRUD › should update SEO fields 

    [31mTest timeout of 60000ms exceeded while running "beforeEach" hook.[39m

       6 |   let editorId: string
       7 |
    >  8 |   test.beforeEach(async ({ page, request }) => {
         |        ^
       9 |     adminPassword = process.env.ADMIN_PASSWORD || 'admin123'
      10 |     
      11 |     // Login
        at /Users/aishwaryashrivastav/Development/port/tests/e2e/articles-crud.spec.ts:8:8

    Error: page.fill: Test timeout of 60000ms exceeded.
    Call log:
    [2m  - waiting for locator('input[name="password"]')[22m


      11 |     // Login
      12 |     await page.goto('/admin/login')
    > 13 |     await page.fill('input[name="password"]', adminPassword)
         |                ^
      14 |     await page.click('button[type="submit"]')
      15 |     await expect(page).toHaveURL('/admin')
      16 |
        at /Users/aishwaryashrivastav/Development/port/tests/e2e/articles-crud.spec.ts:13:16

    Error Context: test-results/articles-crud-Articles-CRUD-should-update-SEO-fields-chromium/error-context.md

  22) [chromium] › tests/e2e/articles-crud.spec.ts:397:7 › Articles CRUD › should view article on frontend 

    [31mTest timeout of 60000ms exceeded while running "beforeEach" hook.[39m

       6 |   let editorId: string
       7 |
    >  8 |   test.beforeEach(async ({ page, request }) => {
         |        ^
       9 |     adminPassword = process.env.ADMIN_PASSWORD || 'admin123'
      10 |     
      11 |     // Login
        at /Users/aishwaryashrivastav/Development/port/tests/e2e/articles-crud.spec.ts:8:8

    Error: page.fill: Test timeout of 60000ms exceeded.
    Call log:
    [2m  - waiting for locator('input[name="password"]')[22m


      11 |     // Login
      12 |     await page.goto('/admin/login')
    > 13 |     await page.fill('input[name="password"]', adminPassword)
         |                ^
      14 |     await page.click('button[type="submit"]')
      15 |     await expect(page).toHaveURL('/admin')
      16 |
        at /Users/aishwaryashrivastav/Development/port/tests/e2e/articles-crud.spec.ts:13:16

    Error Context: test-results/articles-crud-Articles-CRUD-should-view-article-on-frontend-chromium/error-context.md

  23) [chromium] › tests/e2e/categories-crud-comprehensive.spec.ts:15:7 › Categories CRUD - Comprehensive › should create category with all fields 

    [31mTest timeout of 60000ms exceeded while running "beforeEach" hook.[39m

      4 |   let adminPassword: string
      5 |
    > 6 |   test.beforeEach(async ({ page }) => {
        |        ^
      7 |     adminPassword = process.env.ADMIN_PASSWORD || 'admin123'
      8 |     
      9 |     await page.goto('/admin/login')
        at /Users/aishwaryashrivastav/Development/port/tests/e2e/categories-crud-comprehensive.spec.ts:6:8

    Error: page.fill: Test timeout of 60000ms exceeded.
    Call log:
    [2m  - waiting for locator('input[name="password"]')[22m


       8 |     
       9 |     await page.goto('/admin/login')
    > 10 |     await page.fill('input[name="password"]', adminPassword)
         |                ^
      11 |     await page.click('button[type="submit"]')
      12 |     await expect(page).toHaveURL('/admin')
      13 |   })
        at /Users/aishwaryashrivastav/Development/port/tests/e2e/categories-crud-comprehensive.spec.ts:10:16

    Error Context: test-results/categories-crud-comprehens-d9880-te-category-with-all-fields-chromium/error-context.md

  24) [chromium] › tests/e2e/categories-crud-comprehensive.spec.ts:33:7 › Categories CRUD - Comprehensive › should auto-generate slug from name 

    [31mTest timeout of 60000ms exceeded while running "beforeEach" hook.[39m

      4 |   let adminPassword: string
      5 |
    > 6 |   test.beforeEach(async ({ page }) => {
        |        ^
      7 |     adminPassword = process.env.ADMIN_PASSWORD || 'admin123'
      8 |     
      9 |     await page.goto('/admin/login')
        at /Users/aishwaryashrivastav/Development/port/tests/e2e/categories-crud-comprehensive.spec.ts:6:8

    Error: page.fill: Test timeout of 60000ms exceeded.
    Call log:
    [2m  - waiting for locator('input[name="password"]')[22m


       8 |     
       9 |     await page.goto('/admin/login')
    > 10 |     await page.fill('input[name="password"]', adminPassword)
         |                ^
      11 |     await page.click('button[type="submit"]')
      12 |     await expect(page).toHaveURL('/admin')
      13 |   })
        at /Users/aishwaryashrivastav/Development/port/tests/e2e/categories-crud-comprehensive.spec.ts:10:16

    Error Context: test-results/categories-crud-comprehens-54ccb-uto-generate-slug-from-name-chromium/error-context.md

  25) [chromium] › tests/e2e/categories-crud-comprehensive.spec.ts:48:7 › Categories CRUD - Comprehensive › should create category without description 

    [31mTest timeout of 60000ms exceeded while running "beforeEach" hook.[39m

      4 |   let adminPassword: string
      5 |
    > 6 |   test.beforeEach(async ({ page }) => {
        |        ^
      7 |     adminPassword = process.env.ADMIN_PASSWORD || 'admin123'
      8 |     
      9 |     await page.goto('/admin/login')
        at /Users/aishwaryashrivastav/Development/port/tests/e2e/categories-crud-comprehensive.spec.ts:6:8

    Error: page.fill: Test timeout of 60000ms exceeded.
    Call log:
    [2m  - waiting for locator('input[name="password"]')[22m
    [2m    - waiting for" http://localhost:3000/admin/login" navigation to finish...[22m
    [2m    - navigated to "http://localhost:3000/admin/login"[22m


       8 |     
       9 |     await page.goto('/admin/login')
    > 10 |     await page.fill('input[name="password"]', adminPassword)
         |                ^
      11 |     await page.click('button[type="submit"]')
      12 |     await expect(page).toHaveURL('/admin')
      13 |   })
        at /Users/aishwaryashrivastav/Development/port/tests/e2e/categories-crud-comprehensive.spec.ts:10:16

    Error Context: test-results/categories-crud-comprehens-f71d4-ategory-without-description-chromium/error-context.md

  26) [chromium] › tests/e2e/categories-crud-comprehensive.spec.ts:63:7 › Categories CRUD - Comprehensive › should validate required fields 

    [31mTest timeout of 60000ms exceeded while running "beforeEach" hook.[39m

      4 |   let adminPassword: string
      5 |
    > 6 |   test.beforeEach(async ({ page }) => {
        |        ^
      7 |     adminPassword = process.env.ADMIN_PASSWORD || 'admin123'
      8 |     
      9 |     await page.goto('/admin/login')
        at /Users/aishwaryashrivastav/Development/port/tests/e2e/categories-crud-comprehensive.spec.ts:6:8

    Error: [2mexpect([22m[31mpage[39m[2m).[22mtoHaveURL[2m([22m[32mexpected[39m[2m)[22m failed

    Expected: [32m"http://localhost:3000/admin"[39m
    Received: [31m"http://localhost:3000/admin[7m/login?password=admin123[27m"[39m

    Call log:
    [2m  - Expect "toHaveURL" with timeout 10000ms[22m
    [2m    13 × unexpected value "http://localhost:3000/admin/login?password=admin123"[22m


      10 |     await page.fill('input[name="password"]', adminPassword)
      11 |     await page.click('button[type="submit"]')
    > 12 |     await expect(page).toHaveURL('/admin')
         |                        ^
      13 |   })
      14 |
      15 |   test('should create category with all fields', async ({ page }) => {
        at /Users/aishwaryashrivastav/Development/port/tests/e2e/categories-crud-comprehensive.spec.ts:12:24

    Error Context: test-results/categories-crud-comprehens-011ac-ld-validate-required-fields-chromium/error-context.md

  27) [chromium] › tests/e2e/categories-crud-comprehensive.spec.ts:73:7 › Categories CRUD - Comprehensive › should reset form after successful creation 

    [31mTest timeout of 60000ms exceeded while running "beforeEach" hook.[39m

      4 |   let adminPassword: string
      5 |
    > 6 |   test.beforeEach(async ({ page }) => {
        |        ^
      7 |     adminPassword = process.env.ADMIN_PASSWORD || 'admin123'
      8 |     
      9 |     await page.goto('/admin/login')
        at /Users/aishwaryashrivastav/Development/port/tests/e2e/categories-crud-comprehensive.spec.ts:6:8

    Error: page.fill: Test timeout of 60000ms exceeded.
    Call log:
    [2m  - waiting for locator('input[name="password"]')[22m
    [2m    28 × waiting for" http://localhost:3000/admin/login" navigation to finish...[22m
    [2m       - navigated to "http://localhost:3000/admin/login"[22m


       8 |     
       9 |     await page.goto('/admin/login')
    > 10 |     await page.fill('input[name="password"]', adminPassword)
         |                ^
      11 |     await page.click('button[type="submit"]')
      12 |     await expect(page).toHaveURL('/admin')
      13 |   })
        at /Users/aishwaryashrivastav/Development/port/tests/e2e/categories-crud-comprehensive.spec.ts:10:16

    Error Context: test-results/categories-crud-comprehens-c12a8-m-after-successful-creation-chromium/error-context.md

  28) [chromium] › tests/e2e/categories-crud-comprehensive.spec.ts:89:7 › Categories CRUD - Comprehensive › should delete category 

    [31mTest timeout of 60000ms exceeded while running "beforeEach" hook.[39m

      4 |   let adminPassword: string
      5 |
    > 6 |   test.beforeEach(async ({ page }) => {
        |        ^
      7 |     adminPassword = process.env.ADMIN_PASSWORD || 'admin123'
      8 |     
      9 |     await page.goto('/admin/login')
        at /Users/aishwaryashrivastav/Development/port/tests/e2e/categories-crud-comprehensive.spec.ts:6:8

    Error: page.fill: Test timeout of 60000ms exceeded.
    Call log:
    [2m  - waiting for locator('input[name="password"]')[22m
    [2m    33 × waiting for" http://localhost:3000/admin/login" navigation to finish...[22m
    [2m       - navigated to "http://localhost:3000/admin/login"[22m


       8 |     
       9 |     await page.goto('/admin/login')
    > 10 |     await page.fill('input[name="password"]', adminPassword)
         |                ^
      11 |     await page.click('button[type="submit"]')
      12 |     await expect(page).toHaveURL('/admin')
      13 |   })
        at /Users/aishwaryashrivastav/Development/port/tests/e2e/categories-crud-comprehensive.spec.ts:10:16

    Error Context: test-results/categories-crud-comprehens-7580d-sive-should-delete-category-chromium/error-context.md

  29) [chromium] › tests/e2e/categories-crud-comprehensive.spec.ts:112:7 › Categories CRUD - Comprehensive › should show empty state when no categories 

    [31mTest timeout of 60000ms exceeded while running "beforeEach" hook.[39m

      4 |   let adminPassword: string
      5 |
    > 6 |   test.beforeEach(async ({ page }) => {
        |        ^
      7 |     adminPassword = process.env.ADMIN_PASSWORD || 'admin123'
      8 |     
      9 |     await page.goto('/admin/login')
        at /Users/aishwaryashrivastav/Development/port/tests/e2e/categories-crud-comprehensive.spec.ts:6:8

    Error: page.fill: Test timeout of 60000ms exceeded.
    Call log:
    [2m  - waiting for locator('input[name="password"]')[22m
    [2m    33 × waiting for" http://localhost:3000/admin/login" navigation to finish...[22m
    [2m       - navigated to "http://localhost:3000/admin/login"[22m


       8 |     
       9 |     await page.goto('/admin/login')
    > 10 |     await page.fill('input[name="password"]', adminPassword)
         |                ^
      11 |     await page.click('button[type="submit"]')
      12 |     await expect(page).toHaveURL('/admin')
      13 |   })
        at /Users/aishwaryashrivastav/Development/port/tests/e2e/categories-crud-comprehensive.spec.ts:10:16

    Error Context: test-results/categories-crud-comprehens-30133-ty-state-when-no-categories-chromium/error-context.md

  30) [chromium] › tests/e2e/categories-crud-comprehensive.spec.ts:125:7 › Categories CRUD - Comprehensive › should prevent duplicate category names 

    [31mTest timeout of 60000ms exceeded while running "beforeEach" hook.[39m

      4 |   let adminPassword: string
      5 |
    > 6 |   test.beforeEach(async ({ page }) => {
        |        ^
      7 |     adminPassword = process.env.ADMIN_PASSWORD || 'admin123'
      8 |     
      9 |     await page.goto('/admin/login')
        at /Users/aishwaryashrivastav/Development/port/tests/e2e/categories-crud-comprehensive.spec.ts:6:8

    Error: page.fill: Test timeout of 60000ms exceeded.
    Call log:
    [2m  - waiting for locator('input[name="password"]')[22m


       8 |     
       9 |     await page.goto('/admin/login')
    > 10 |     await page.fill('input[name="password"]', adminPassword)
         |                ^
      11 |     await page.click('button[type="submit"]')
      12 |     await expect(page).toHaveURL('/admin')
      13 |   })
        at /Users/aishwaryashrivastav/Development/port/tests/e2e/categories-crud-comprehensive.spec.ts:10:16

    Error Context: test-results/categories-crud-comprehens-28864-nt-duplicate-category-names-chromium/error-context.md

  31) [chromium] › tests/e2e/categories-crud-comprehensive.spec.ts:145:7 › Categories CRUD - Comprehensive › should handle special characters in slug 

    Error: [2mexpect([22m[31mpage[39m[2m).[22mtoHaveURL[2m([22m[32mexpected[39m[2m)[22m failed

    Expected: [32m"http://localhost:3000/admin"[39m
    Received: [31m"http://localhost:3000/admin[7m/login[27m"[39m
    Timeout:  10000ms

    Call log:
    [2m  - Expect "toHaveURL" with timeout 10000ms[22m
    [2m    14 × unexpected value "http://localhost:3000/admin/login"[22m


      10 |     await page.fill('input[name="password"]', adminPassword)
      11 |     await page.click('button[type="submit"]')
    > 12 |     await expect(page).toHaveURL('/admin')
         |                        ^
      13 |   })
      14 |
      15 |   test('should create category with all fields', async ({ page }) => {
        at /Users/aishwaryashrivastav/Development/port/tests/e2e/categories-crud-comprehensive.spec.ts:12:24

    Error Context: test-results/categories-crud-comprehens-978f0--special-characters-in-slug-chromium/error-context.md

  32) [chromium] › tests/e2e/categories-crud-comprehensive.spec.ts:160:7 › Categories CRUD - Comprehensive › should show loading state during creation 

    Error: [2mexpect([22m[31mpage[39m[2m).[22mtoHaveURL[2m([22m[32mexpected[39m[2m)[22m failed

    Expected: [32m"http://localhost:3000/admin"[39m
    Received: [31m"http://localhost:3000/admin[7m/login[27m"[39m
    Timeout:  10000ms

    Call log:
    [2m  - Expect "toHaveURL" with timeout 10000ms[22m
    [2m    14 × unexpected value "http://localhost:3000/admin/login"[22m


      10 |     await page.fill('input[name="password"]', adminPassword)
      11 |     await page.click('button[type="submit"]')
    > 12 |     await expect(page).toHaveURL('/admin')
         |                        ^
      13 |   })
      14 |
      15 |   test('should create category with all fields', async ({ page }) => {
        at /Users/aishwaryashrivastav/Development/port/tests/e2e/categories-crud-comprehensive.spec.ts:12:24

    Error Context: test-results/categories-crud-comprehens-88bc6-ading-state-during-creation-chromium/error-context.md

  33) [chromium] › tests/e2e/categories-crud-comprehensive.spec.ts:175:7 › Categories CRUD - Comprehensive › should display categories in alphabetical order 

    Error: [2mexpect([22m[31mpage[39m[2m).[22mtoHaveURL[2m([22m[32mexpected[39m[2m)[22m failed

    Expected: [32m"http://localhost:3000/admin"[39m
    Received: [31m"http://localhost:3000/admin[7m/login[27m"[39m
    Timeout:  10000ms

    Call log:
    [2m  - Expect "toHaveURL" with timeout 10000ms[22m
    [2m    14 × unexpected value "http://localhost:3000/admin/login"[22m


      10 |     await page.fill('input[name="password"]', adminPassword)
      11 |     await page.click('button[type="submit"]')
    > 12 |     await expect(page).toHaveURL('/admin')
         |                        ^
      13 |   })
      14 |
      15 |   test('should create category with all fields', async ({ page }) => {
        at /Users/aishwaryashrivastav/Development/port/tests/e2e/categories-crud-comprehensive.spec.ts:12:24

    Error Context: test-results/categories-crud-comprehens-f75b2-ories-in-alphabetical-order-chromium/error-context.md

  34) [chromium] › tests/e2e/categories-crud-comprehensive.spec.ts:195:7 › Categories CRUD - Comprehensive › should update article dropdown when category created 

    Error: [2mexpect([22m[31mpage[39m[2m).[22mtoHaveURL[2m([22m[32mexpected[39m[2m)[22m failed

    Expected: [32m"http://localhost:3000/admin"[39m
    Received: [31m"http://localhost:3000/admin[7m/login[27m"[39m
    Timeout:  10000ms

    Call log:
    [2m  - Expect "toHaveURL" with timeout 10000ms[22m
    [2m    14 × unexpected value "http://localhost:3000/admin/login"[22m


      10 |     await page.fill('input[name="password"]', adminPassword)
      11 |     await page.click('button[type="submit"]')
    > 12 |     await expect(page).toHaveURL('/admin')
         |                        ^
      13 |   })
      14 |
      15 |   test('should create category with all fields', async ({ page }) => {
        at /Users/aishwaryashrivastav/Development/port/tests/e2e/categories-crud-comprehensive.spec.ts:12:24

    Error Context: test-results/categories-crud-comprehens-93536-pdown-when-category-created-chromium/error-context.md

  35) [chromium] › tests/e2e/categories-crud.spec.ts:3:5 › create category and see it listed ───────

    [31mTest timeout of 60000ms exceeded.[39m

    Error: locator.fill: Test timeout of 60000ms exceeded.
    Call log:
    [2m  - waiting for getByLabel('Name *')[22m
    [2m    - waiting for" http://localhost:3000/admin/login" navigation to finish...[22m
    [2m    - navigated to "http://localhost:3000/admin/login"[22m


       7 |   await page.goto('/admin/categories')
       8 |
    >  9 |   await page.getByLabel('Name *').fill(name)
         |                                   ^
      10 |   await page.getByLabel('Slug *').fill(slug)
      11 |   await page.getByLabel('Description').fill('Created by Playwright')
      12 |   await page.getByRole('button', { name: 'Create Category' }).click()
        at /Users/aishwaryashrivastav/Development/port/tests/e2e/categories-crud.spec.ts:9:35

    Error Context: test-results/categories-crud-create-category-and-see-it-listed-chromium/error-context.md

  36) [chromium] › tests/e2e/dashboard-comprehensive.spec.ts:15:7 › Admin Dashboard - Comprehensive › should display dashboard statistics 

    Error: [2mexpect([22m[31mpage[39m[2m).[22mtoHaveURL[2m([22m[32mexpected[39m[2m)[22m failed

    Expected: [32m"http://localhost:3000/admin"[39m
    Received: [31m"http://localhost:3000/admin[7m/login[27m"[39m
    Timeout:  10000ms

    Call log:
    [2m  - Expect "toHaveURL" with timeout 10000ms[22m
    [2m    14 × unexpected value "http://localhost:3000/admin/login"[22m


      10 |     await page.fill('input[name="password"]', adminPassword)
      11 |     await page.click('button[type="submit"]')
    > 12 |     await expect(page).toHaveURL('/admin')
         |                        ^
      13 |   })
      14 |
      15 |   test('should display dashboard statistics', async ({ page }) => {
        at /Users/aishwaryashrivastav/Development/port/tests/e2e/dashboard-comprehensive.spec.ts:12:24

    Error Context: test-results/dashboard-comprehensive-Ad-cead4-isplay-dashboard-statistics-chromium/error-context.md

  37) [chromium] › tests/e2e/dashboard-comprehensive.spec.ts:24:7 › Admin Dashboard - Comprehensive › should show correct article counts 

    Error: [2mexpect([22m[31mpage[39m[2m).[22mtoHaveURL[2m([22m[32mexpected[39m[2m)[22m failed

    Expected: [32m"http://localhost:3000/admin"[39m
    Received: [31m"http://localhost:3000/admin[7m/login[27m"[39m
    Timeout:  10000ms

    Call log:
    [2m  - Expect "toHaveURL" with timeout 10000ms[22m
    [2m    14 × unexpected value "http://localhost:3000/admin/login"[22m


      10 |     await page.fill('input[name="password"]', adminPassword)
      11 |     await page.click('button[type="submit"]')
    > 12 |     await expect(page).toHaveURL('/admin')
         |                        ^
      13 |   })
      14 |
      15 |   test('should display dashboard statistics', async ({ page }) => {
        at /Users/aishwaryashrivastav/Development/port/tests/e2e/dashboard-comprehensive.spec.ts:12:24

    Error Context: test-results/dashboard-comprehensive-Ad-2727e-show-correct-article-counts-chromium/error-context.md

  38) [chromium] › tests/e2e/dashboard-comprehensive.spec.ts:41:7 › Admin Dashboard - Comprehensive › should show recent articles table 

    Error: [2mexpect([22m[31mpage[39m[2m).[22mtoHaveURL[2m([22m[32mexpected[39m[2m)[22m failed

    Expected: [32m"http://localhost:3000/admin"[39m
    Received: [31m"http://localhost:3000/admin[7m/login[27m"[39m
    Timeout:  10000ms

    Call log:
    [2m  - Expect "toHaveURL" with timeout 10000ms[22m
    [2m    14 × unexpected value "http://localhost:3000/admin/login"[22m


      10 |     await page.fill('input[name="password"]', adminPassword)
      11 |     await page.click('button[type="submit"]')
    > 12 |     await expect(page).toHaveURL('/admin')
         |                        ^
      13 |   })
      14 |
      15 |   test('should display dashboard statistics', async ({ page }) => {
        at /Users/aishwaryashrivastav/Development/port/tests/e2e/dashboard-comprehensive.spec.ts:12:24

    Error Context: test-results/dashboard-comprehensive-Ad-3da1c--show-recent-articles-table-chromium/error-context.md

  39) [chromium] › tests/e2e/dashboard-comprehensive.spec.ts:47:7 › Admin Dashboard - Comprehensive › should display article details in table 

    Error: [2mexpect([22m[31mpage[39m[2m).[22mtoHaveURL[2m([22m[32mexpected[39m[2m)[22m failed

    Expected: [32m"http://localhost:3000/admin"[39m
    Received: [31m"http://localhost:3000/admin[7m/login[27m"[39m
    Timeout:  10000ms

    Call log:
    [2m  - Expect "toHaveURL" with timeout 10000ms[22m
    [2m    14 × unexpected value "http://localhost:3000/admin/login"[22m


      10 |     await page.fill('input[name="password"]', adminPassword)
      11 |     await page.click('button[type="submit"]')
    > 12 |     await expect(page).toHaveURL('/admin')
         |                        ^
      13 |   })
      14 |
      15 |   test('should display dashboard statistics', async ({ page }) => {
        at /Users/aishwaryashrivastav/Development/port/tests/e2e/dashboard-comprehensive.spec.ts:12:24

    Error Context: test-results/dashboard-comprehensive-Ad-9276f-ay-article-details-in-table-chromium/error-context.md

  40) [chromium] › tests/e2e/dashboard-comprehensive.spec.ts:76:7 › Admin Dashboard - Comprehensive › should show published and draft status badges 

    Error: [2mexpect([22m[31mpage[39m[2m).[22mtoHaveURL[2m([22m[32mexpected[39m[2m)[22m failed

    Expected: [32m"http://localhost:3000/admin"[39m
    Received: [31m"http://localhost:3000/admin[7m/login[27m"[39m
    Timeout:  10000ms

    Call log:
    [2m  - Expect "toHaveURL" with timeout 10000ms[22m
    [2m    14 × unexpected value "http://localhost:3000/admin/login"[22m


      10 |     await page.fill('input[name="password"]', adminPassword)
      11 |     await page.click('button[type="submit"]')
    > 12 |     await expect(page).toHaveURL('/admin')
         |                        ^
      13 |   })
      14 |
      15 |   test('should display dashboard statistics', async ({ page }) => {
        at /Users/aishwaryashrivastav/Development/port/tests/e2e/dashboard-comprehensive.spec.ts:12:24

    Error Context: test-results/dashboard-comprehensive-Ad-50ee6-hed-and-draft-status-badges-chromium/error-context.md

  41) [chromium] › tests/e2e/dashboard-comprehensive.spec.ts:120:7 › Admin Dashboard - Comprehensive › should show create new article button 

    Error: [2mexpect([22m[31mpage[39m[2m).[22mtoHaveURL[2m([22m[32mexpected[39m[2m)[22m failed

    Expected: [32m"http://localhost:3000/admin"[39m
    Received: [31m"http://localhost:3000/admin[7m/login[27m"[39m
    Timeout:  10000ms

    Call log:
    [2m  - Expect "toHaveURL" with timeout 10000ms[22m
    [2m    14 × unexpected value "http://localhost:3000/admin/login"[22m


      10 |     await page.fill('input[name="password"]', adminPassword)
      11 |     await page.click('button[type="submit"]')
    > 12 |     await expect(page).toHaveURL('/admin')
         |                        ^
      13 |   })
      14 |
      15 |   test('should display dashboard statistics', async ({ page }) => {
        at /Users/aishwaryashrivastav/Development/port/tests/e2e/dashboard-comprehensive.spec.ts:12:24

    Error Context: test-results/dashboard-comprehensive-Ad-2f48d-w-create-new-article-button-chromium/error-context.md

  42) [chromium] › tests/e2e/dashboard-comprehensive.spec.ts:126:7 › Admin Dashboard - Comprehensive › should navigate to create article page 

    Error: [2mexpect([22m[31mpage[39m[2m).[22mtoHaveURL[2m([22m[32mexpected[39m[2m)[22m failed

    Expected: [32m"http://localhost:3000/admin"[39m
    Received: [31m"http://localhost:3000/admin[7m/login[27m"[39m
    Timeout:  10000ms

    Call log:
    [2m  - Expect "toHaveURL" with timeout 10000ms[22m
    [2m    14 × unexpected value "http://localhost:3000/admin/login"[22m


      10 |     await page.fill('input[name="password"]', adminPassword)
      11 |     await page.click('button[type="submit"]')
    > 12 |     await expect(page).toHaveURL('/admin')
         |                        ^
      13 |   })
      14 |
      15 |   test('should display dashboard statistics', async ({ page }) => {
        at /Users/aishwaryashrivastav/Development/port/tests/e2e/dashboard-comprehensive.spec.ts:12:24

    Error Context: test-results/dashboard-comprehensive-Ad-4af06-gate-to-create-article-page-chromium/error-context.md

  43) [chromium] › tests/e2e/dashboard-comprehensive.spec.ts:134:7 › Admin Dashboard - Comprehensive › should show edit link for articles 

    Error: [2mexpect([22m[31mpage[39m[2m).[22mtoHaveURL[2m([22m[32mexpected[39m[2m)[22m failed

    Expected: [32m"http://localhost:3000/admin"[39m
    Received: [31m"http://localhost:3000/admin[7m/login[27m"[39m
    Timeout:  10000ms

    Call log:
    [2m  - Expect "toHaveURL" with timeout 10000ms[22m
    [2m    14 × unexpected value "http://localhost:3000/admin/login"[22m


      10 |     await page.fill('input[name="password"]', adminPassword)
      11 |     await page.click('button[type="submit"]')
    > 12 |     await expect(page).toHaveURL('/admin')
         |                        ^
      13 |   })
      14 |
      15 |   test('should display dashboard statistics', async ({ page }) => {
        at /Users/aishwaryashrivastav/Development/port/tests/e2e/dashboard-comprehensive.spec.ts:12:24

    Error Context: test-results/dashboard-comprehensive-Ad-13760-show-edit-link-for-articles-chromium/error-context.md

  44) [chromium] › tests/e2e/dashboard-comprehensive.spec.ts:166:7 › Admin Dashboard - Comprehensive › should show article views count 

    Error: [2mexpect([22m[31mpage[39m[2m).[22mtoHaveURL[2m([22m[32mexpected[39m[2m)[22m failed

    Expected: [32m"http://localhost:3000/admin"[39m
    Received: [31m"http://localhost:3000/admin[7m/login[27m"[39m
    Timeout:  10000ms

    Call log:
    [2m  - Expect "toHaveURL" with timeout 10000ms[22m
    [2m    14 × unexpected value "http://localhost:3000/admin/login"[22m


      10 |     await page.fill('input[name="password"]', adminPassword)
      11 |     await page.click('button[type="submit"]')
    > 12 |     await expect(page).toHaveURL('/admin')
         |                        ^
      13 |   })
      14 |
      15 |   test('should display dashboard statistics', async ({ page }) => {
        at /Users/aishwaryashrivastav/Development/port/tests/e2e/dashboard-comprehensive.spec.ts:12:24

    Error Context: test-results/dashboard-comprehensive-Ad-5040b-ld-show-article-views-count-chromium/error-context.md

  45) [chromium] › tests/e2e/dashboard-comprehensive.spec.ts:195:7 › Admin Dashboard - Comprehensive › should show empty state when no articles 

    Error: [2mexpect([22m[31mpage[39m[2m).[22mtoHaveURL[2m([22m[32mexpected[39m[2m)[22m failed

    Expected: [32m"http://localhost:3000/admin"[39m
    Received: [31m"http://localhost:3000/admin[7m/login[27m"[39m
    Timeout:  10000ms

    Call log:
    [2m  - Expect "toHaveURL" with timeout 10000ms[22m
    [2m    14 × unexpected value "http://localhost:3000/admin/login"[22m


      10 |     await page.fill('input[name="password"]', adminPassword)
      11 |     await page.click('button[type="submit"]')
    > 12 |     await expect(page).toHaveURL('/admin')
         |                        ^
      13 |   })
      14 |
      15 |   test('should display dashboard statistics', async ({ page }) => {
        at /Users/aishwaryashrivastav/Development/port/tests/e2e/dashboard-comprehensive.spec.ts:12:24

    Error Context: test-results/dashboard-comprehensive-Ad-9ac80-mpty-state-when-no-articles-chromium/error-context.md

  46) [chromium] › tests/e2e/dashboard-comprehensive.spec.ts:209:7 › Admin Dashboard - Comprehensive › should limit recent articles to 10 

    Error: [2mexpect([22m[31mpage[39m[2m).[22mtoHaveURL[2m([22m[32mexpected[39m[2m)[22m failed

    Expected: [32m"http://localhost:3000/admin"[39m
    Received: [31m"http://localhost:3000/admin[7m/login[27m"[39m
    Timeout:  10000ms

    Call log:
    [2m  - Expect "toHaveURL" with timeout 10000ms[22m
    [2m    14 × unexpected value "http://localhost:3000/admin/login"[22m


      10 |     await page.fill('input[name="password"]', adminPassword)
      11 |     await page.click('button[type="submit"]')
    > 12 |     await expect(page).toHaveURL('/admin')
         |                        ^
      13 |   })
      14 |
      15 |   test('should display dashboard statistics', async ({ page }) => {
        at /Users/aishwaryashrivastav/Development/port/tests/e2e/dashboard-comprehensive.spec.ts:12:24

    Error Context: test-results/dashboard-comprehensive-Ad-d80a8-limit-recent-articles-to-10-chromium/error-context.md

  47) [chromium] › tests/e2e/dashboard-comprehensive.spec.ts:239:7 › Admin Dashboard - Comprehensive › should show articles in descending order by date 

    Error: [2mexpect([22m[31mpage[39m[2m).[22mtoHaveURL[2m([22m[32mexpected[39m[2m)[22m failed

    Expected: [32m"http://localhost:3000/admin"[39m
    Received: [31m"http://localhost:3000/admin[7m/login[27m"[39m
    Timeout:  10000ms

    Call log:
    [2m  - Expect "toHaveURL" with timeout 10000ms[22m
    [2m    14 × unexpected value "http://localhost:3000/admin/login"[22m


      10 |     await page.fill('input[name="password"]', adminPassword)
      11 |     await page.click('button[type="submit"]')
    > 12 |     await expect(page).toHaveURL('/admin')
         |                        ^
      13 |   })
      14 |
      15 |   test('should display dashboard statistics', async ({ page }) => {
        at /Users/aishwaryashrivastav/Development/port/tests/e2e/dashboard-comprehensive.spec.ts:12:24

    Error Context: test-results/dashboard-comprehensive-Ad-f862d-in-descending-order-by-date-chromium/error-context.md

  48) [chromium] › tests/e2e/dashboard-comprehensive.spec.ts:282:7 › Admin Dashboard - Comprehensive › should display category and editor names 

    Error: [2mexpect([22m[31mpage[39m[2m).[22mtoHaveURL[2m([22m[32mexpected[39m[2m)[22m failed

    Expected: [32m"http://localhost:3000/admin"[39m
    Received: [31m"http://localhost:3000/admin[7m/login[27m"[39m
    Timeout:  10000ms

    Call log:
    [2m  - Expect "toHaveURL" with timeout 10000ms[22m
    [2m    14 × unexpected value "http://localhost:3000/admin/login"[22m


      10 |     await page.fill('input[name="password"]', adminPassword)
      11 |     await page.click('button[type="submit"]')
    > 12 |     await expect(page).toHaveURL('/admin')
         |                        ^
      13 |   })
      14 |
      15 |   test('should display dashboard statistics', async ({ page }) => {
        at /Users/aishwaryashrivastav/Development/port/tests/e2e/dashboard-comprehensive.spec.ts:12:24

    Error Context: test-results/dashboard-comprehensive-Ad-dd95f-y-category-and-editor-names-chromium/error-context.md

  49) [chromium] › tests/e2e/editors-crud-comprehensive.spec.ts:15:7 › Editors CRUD - Comprehensive › should create editor with all fields 

    Error: [2mexpect([22m[31mpage[39m[2m).[22mtoHaveURL[2m([22m[32mexpected[39m[2m)[22m failed

    Expected: [32m"http://localhost:3000/admin"[39m
    Received: [31m"http://localhost:3000/admin[7m/login[27m"[39m
    Timeout:  10000ms

    Call log:
    [2m  - Expect "toHaveURL" with timeout 10000ms[22m
    [2m    14 × unexpected value "http://localhost:3000/admin/login"[22m


      10 |     await page.fill('input[name="password"]', adminPassword)
      11 |     await page.click('button[type="submit"]')
    > 12 |     await expect(page).toHaveURL('/admin')
         |                        ^
      13 |   })
      14 |
      15 |   test('should create editor with all fields', async ({ page }) => {
        at /Users/aishwaryashrivastav/Development/port/tests/e2e/editors-crud-comprehensive.spec.ts:12:24

    Error Context: test-results/editors-crud-comprehensive-f48da-eate-editor-with-all-fields-chromium/error-context.md

  50) [chromium] › tests/e2e/editors-crud-comprehensive.spec.ts:33:7 › Editors CRUD - Comprehensive › should create editor without bio and avatar 

    Error: [2mexpect([22m[31mpage[39m[2m).[22mtoHaveURL[2m([22m[32mexpected[39m[2m)[22m failed

    Expected: [32m"http://localhost:3000/admin"[39m
    Received: [31m"http://localhost:3000/admin[7m/login[27m"[39m
    Timeout:  10000ms

    Call log:
    [2m  - Expect "toHaveURL" with timeout 10000ms[22m
    [2m    14 × unexpected value "http://localhost:3000/admin/login"[22m


      10 |     await page.fill('input[name="password"]', adminPassword)
      11 |     await page.click('button[type="submit"]')
    > 12 |     await expect(page).toHaveURL('/admin')
         |                        ^
      13 |   })
      14 |
      15 |   test('should create editor with all fields', async ({ page }) => {
        at /Users/aishwaryashrivastav/Development/port/tests/e2e/editors-crud-comprehensive.spec.ts:12:24

    Error Context: test-results/editors-crud-comprehensive-2acdb-itor-without-bio-and-avatar-chromium/error-context.md

  51) [chromium] › tests/e2e/editors-crud-comprehensive.spec.ts:48:7 › Editors CRUD - Comprehensive › should validate email format 

    Error: [2mexpect([22m[31mpage[39m[2m).[22mtoHaveURL[2m([22m[32mexpected[39m[2m)[22m failed

    Expected: [32m"http://localhost:3000/admin"[39m
    Received: [31m"http://localhost:3000/admin[7m/login[27m"[39m
    Timeout:  10000ms

    Call log:
    [2m  - Expect "toHaveURL" with timeout 10000ms[22m
    [2m    14 × unexpected value "http://localhost:3000/admin/login"[22m


      10 |     await page.fill('input[name="password"]', adminPassword)
      11 |     await page.click('button[type="submit"]')
    > 12 |     await expect(page).toHaveURL('/admin')
         |                        ^
      13 |   })
      14 |
      15 |   test('should create editor with all fields', async ({ page }) => {
        at /Users/aishwaryashrivastav/Development/port/tests/e2e/editors-crud-comprehensive.spec.ts:12:24

    Error Context: test-results/editors-crud-comprehensive-70abe-hould-validate-email-format-chromium/error-context.md

  52) [chromium] › tests/e2e/editors-crud-comprehensive.spec.ts:61:7 › Editors CRUD - Comprehensive › should validate required fields 

    Error: [2mexpect([22m[31mpage[39m[2m).[22mtoHaveURL[2m([22m[32mexpected[39m[2m)[22m failed

    Expected: [32m"http://localhost:3000/admin"[39m
    Received: [31m"http://localhost:3000/admin[7m/login[27m"[39m
    Timeout:  10000ms

    Call log:
    [2m  - Expect "toHaveURL" with timeout 10000ms[22m
    [2m    14 × unexpected value "http://localhost:3000/admin/login"[22m


      10 |     await page.fill('input[name="password"]', adminPassword)
      11 |     await page.click('button[type="submit"]')
    > 12 |     await expect(page).toHaveURL('/admin')
         |                        ^
      13 |   })
      14 |
      15 |   test('should create editor with all fields', async ({ page }) => {
        at /Users/aishwaryashrivastav/Development/port/tests/e2e/editors-crud-comprehensive.spec.ts:12:24

    Error Context: test-results/editors-crud-comprehensive-a0e65-ld-validate-required-fields-chromium/error-context.md

  53) [chromium] › tests/e2e/editors-crud-comprehensive.spec.ts:70:7 › Editors CRUD - Comprehensive › should reset form after successful creation 

    Error: [2mexpect([22m[31mpage[39m[2m).[22mtoHaveURL[2m([22m[32mexpected[39m[2m)[22m failed

    Expected: [32m"http://localhost:3000/admin"[39m
    Received: [31m"http://localhost:3000/admin[7m/login[27m"[39m
    Timeout:  10000ms

    Call log:
    [2m  - Expect "toHaveURL" with timeout 10000ms[22m
    [2m    14 × unexpected value "http://localhost:3000/admin/login"[22m


      10 |     await page.fill('input[name="password"]', adminPassword)
      11 |     await page.click('button[type="submit"]')
    > 12 |     await expect(page).toHaveURL('/admin')
         |                        ^
      13 |   })
      14 |
      15 |   test('should create editor with all fields', async ({ page }) => {
        at /Users/aishwaryashrivastav/Development/port/tests/e2e/editors-crud-comprehensive.spec.ts:12:24

    Error Context: test-results/editors-crud-comprehensive-f7a1a-m-after-successful-creation-chromium/error-context.md

  54) [chromium] › tests/e2e/editors-crud-comprehensive.spec.ts:86:7 › Editors CRUD - Comprehensive › should delete editor 

    Error: [2mexpect([22m[31mpage[39m[2m).[22mtoHaveURL[2m([22m[32mexpected[39m[2m)[22m failed

    Expected: [32m"http://localhost:3000/admin"[39m
    Received: [31m"http://localhost:3000/admin[7m/login[27m"[39m
    Timeout:  10000ms

    Call log:
    [2m  - Expect "toHaveURL" with timeout 10000ms[22m
    [2m    14 × unexpected value "http://localhost:3000/admin/login"[22m


      10 |     await page.fill('input[name="password"]', adminPassword)
      11 |     await page.click('button[type="submit"]')
    > 12 |     await expect(page).toHaveURL('/admin')
         |                        ^
      13 |   })
      14 |
      15 |   test('should create editor with all fields', async ({ page }) => {
        at /Users/aishwaryashrivastav/Development/port/tests/e2e/editors-crud-comprehensive.spec.ts:12:24

    Error Context: test-results/editors-crud-comprehensive-7d851-ensive-should-delete-editor-chromium/error-context.md

  55) [chromium] › tests/e2e/editors-crud-comprehensive.spec.ts:109:7 › Editors CRUD - Comprehensive › should prevent duplicate emails 

    Error: [2mexpect([22m[31mpage[39m[2m).[22mtoHaveURL[2m([22m[32mexpected[39m[2m)[22m failed

    Expected: [32m"http://localhost:3000/admin"[39m
    Received: [31m"http://localhost:3000/admin[7m/login[27m"[39m
    Timeout:  10000ms

    Call log:
    [2m  - Expect "toHaveURL" with timeout 10000ms[22m
    [2m    14 × unexpected value "http://localhost:3000/admin/login"[22m


      10 |     await page.fill('input[name="password"]', adminPassword)
      11 |     await page.click('button[type="submit"]')
    > 12 |     await expect(page).toHaveURL('/admin')
         |                        ^
      13 |   })
      14 |
      15 |   test('should create editor with all fields', async ({ page }) => {
        at /Users/aishwaryashrivastav/Development/port/tests/e2e/editors-crud-comprehensive.spec.ts:12:24

    Error Context: test-results/editors-crud-comprehensive-ea24d-ld-prevent-duplicate-emails-chromium/error-context.md

  56) [chromium] › tests/e2e/editors-crud-comprehensive.spec.ts:132:7 › Editors CRUD - Comprehensive › should generate unique slug automatically 

    Error: [2mexpect([22m[31mpage[39m[2m).[22mtoHaveURL[2m([22m[32mexpected[39m[2m)[22m failed

    Expected: [32m"http://localhost:3000/admin"[39m
    Received: [31m"http://localhost:3000/admin[7m/login[27m"[39m
    Timeout:  10000ms

    Call log:
    [2m  - Expect "toHaveURL" with timeout 10000ms[22m
    [2m    14 × unexpected value "http://localhost:3000/admin/login"[22m


      10 |     await page.fill('input[name="password"]', adminPassword)
      11 |     await page.click('button[type="submit"]')
    > 12 |     await expect(page).toHaveURL('/admin')
         |                        ^
      13 |   })
      14 |
      15 |   test('should create editor with all fields', async ({ page }) => {
        at /Users/aishwaryashrivastav/Development/port/tests/e2e/editors-crud-comprehensive.spec.ts:12:24

    Error Context: test-results/editors-crud-comprehensive-8000d-e-unique-slug-automatically-chromium/error-context.md

  57) [chromium] › tests/e2e/editors-crud-comprehensive.spec.ts:154:7 › Editors CRUD - Comprehensive › should show empty state when no editors 

    Error: [2mexpect([22m[31mpage[39m[2m).[22mtoHaveURL[2m([22m[32mexpected[39m[2m)[22m failed

    Expected: [32m"http://localhost:3000/admin"[39m
    Received: [31m"http://localhost:3000/admin[7m/login[27m"[39m
    Timeout:  10000ms

    Call log:
    [2m  - Expect "toHaveURL" with timeout 10000ms[22m
    [2m    14 × unexpected value "http://localhost:3000/admin/login"[22m


      10 |     await page.fill('input[name="password"]', adminPassword)
      11 |     await page.click('button[type="submit"]')
    > 12 |     await expect(page).toHaveURL('/admin')
         |                        ^
      13 |   })
      14 |
      15 |   test('should create editor with all fields', async ({ page }) => {
        at /Users/aishwaryashrivastav/Development/port/tests/e2e/editors-crud-comprehensive.spec.ts:12:24

    Error Context: test-results/editors-crud-comprehensive-bba9a-empty-state-when-no-editors-chromium/error-context.md

  58) [chromium] › tests/e2e/editors-crud-comprehensive.spec.ts:173:7 › Editors CRUD - Comprehensive › should display editors in alphabetical order 

    Error: [2mexpect([22m[31mpage[39m[2m).[22mtoHaveURL[2m([22m[32mexpected[39m[2m)[22m failed

    Expected: [32m"http://localhost:3000/admin"[39m
    Received: [31m"http://localhost:3000/admin[7m/login[27m"[39m
    Timeout:  10000ms

    Call log:
    [2m  - Expect "toHaveURL" with timeout 10000ms[22m
    [2m    14 × unexpected value "http://localhost:3000/admin/login"[22m


      10 |     await page.fill('input[name="password"]', adminPassword)
      11 |     await page.click('button[type="submit"]')
    > 12 |     await expect(page).toHaveURL('/admin')
         |                        ^
      13 |   })
      14 |
      15 |   test('should create editor with all fields', async ({ page }) => {
        at /Users/aishwaryashrivastav/Development/port/tests/e2e/editors-crud-comprehensive.spec.ts:12:24

    Error Context: test-results/editors-crud-comprehensive-39c00-itors-in-alphabetical-order-chromium/error-context.md

  59) [chromium] › tests/e2e/editors-crud-comprehensive.spec.ts:199:7 › Editors CRUD - Comprehensive › should update article dropdown when editor created 

    Error: [2mexpect([22m[31mpage[39m[2m).[22mtoHaveURL[2m([22m[32mexpected[39m[2m)[22m failed

    Expected: [32m"http://localhost:3000/admin"[39m
    Received: [31m"http://localhost:3000/admin[7m/login[27m"[39m
    Timeout:  10000ms

    Call log:
    [2m  - Expect "toHaveURL" with timeout 10000ms[22m
    [2m    14 × unexpected value "http://localhost:3000/admin/login"[22m


      10 |     await page.fill('input[name="password"]', adminPassword)
      11 |     await page.click('button[type="submit"]')
    > 12 |     await expect(page).toHaveURL('/admin')
         |                        ^
      13 |   })
      14 |
      15 |   test('should create editor with all fields', async ({ page }) => {
        at /Users/aishwaryashrivastav/Development/port/tests/e2e/editors-crud-comprehensive.spec.ts:12:24

    Error Context: test-results/editors-crud-comprehensive-6e6da-ropdown-when-editor-created-chromium/error-context.md

  60) [chromium] › tests/e2e/editors-crud-comprehensive.spec.ts:217:7 › Editors CRUD - Comprehensive › should handle special characters in name 

    Error: [2mexpect([22m[31mpage[39m[2m).[22mtoHaveURL[2m([22m[32mexpected[39m[2m)[22m failed

    Expected: [32m"http://localhost:3000/admin"[39m
    Received: [31m"http://localhost:3000/admin[7m/login[27m"[39m
    Timeout:  10000ms

    Call log:
    [2m  - Expect "toHaveURL" with timeout 10000ms[22m
    [2m    14 × unexpected value "http://localhost:3000/admin/login"[22m


      10 |     await page.fill('input[name="password"]', adminPassword)
      11 |     await page.click('button[type="submit"]')
    > 12 |     await expect(page).toHaveURL('/admin')
         |                        ^
      13 |   })
      14 |
      15 |   test('should create editor with all fields', async ({ page }) => {
        at /Users/aishwaryashrivastav/Development/port/tests/e2e/editors-crud-comprehensive.spec.ts:12:24

    Error Context: test-results/editors-crud-comprehensive-5f4f1--special-characters-in-name-chromium/error-context.md

  61) [chromium] › tests/e2e/editors-crud-comprehensive.spec.ts:231:7 › Editors CRUD - Comprehensive › should show loading state during creation 

    Error: [2mexpect([22m[31mpage[39m[2m).[22mtoHaveURL[2m([22m[32mexpected[39m[2m)[22m failed

    Expected: [32m"http://localhost:3000/admin"[39m
    Received: [31m"http://localhost:3000/admin[7m/login[27m"[39m
    Timeout:  10000ms

    Call log:
    [2m  - Expect "toHaveURL" with timeout 10000ms[22m
    [2m    14 × unexpected value "http://localhost:3000/admin/login"[22m


      10 |     await page.fill('input[name="password"]', adminPassword)
      11 |     await page.click('button[type="submit"]')
    > 12 |     await expect(page).toHaveURL('/admin')
         |                        ^
      13 |   })
      14 |
      15 |   test('should create editor with all fields', async ({ page }) => {
        at /Users/aishwaryashrivastav/Development/port/tests/e2e/editors-crud-comprehensive.spec.ts:12:24

    Error Context: test-results/editors-crud-comprehensive-37018-ading-state-during-creation-chromium/error-context.md

  62) [chromium] › tests/e2e/editors-crud.spec.ts:3:5 › create editor and see it listed ────────────

    [31mTest timeout of 60000ms exceeded.[39m

    Error: locator.fill: Test timeout of 60000ms exceeded.
    Call log:
    [2m  - waiting for getByLabel('Name *')[22m


       7 |   await page.goto('/admin/editors')
       8 |
    >  9 |   await page.getByLabel('Name *').fill(name)
         |                                   ^
      10 |   await page.getByLabel('Email *').fill(email)
      11 |   await page.getByLabel('Bio').fill('Created by Playwright')
      12 |   await page.getByRole('button', { name: 'Create Editor' }).click()
        at /Users/aishwaryashrivastav/Development/port/tests/e2e/editors-crud.spec.ts:9:35

    Error Context: test-results/editors-crud-create-editor-and-see-it-listed-chromium/error-context.md

  63) [chromium] › tests/e2e/import-comprehensive.spec.ts:44:7 › WordPress CSV Import - Comprehensive › should show import page with instructions 

    Error: [2mexpect([22m[31mpage[39m[2m).[22mtoHaveURL[2m([22m[32mexpected[39m[2m)[22m failed

    Expected: [32m"http://localhost:3000/admin"[39m
    Received: [31m"http://localhost:3000/admin[7m/login[27m"[39m
    Timeout:  10000ms

    Call log:
    [2m  - Expect "toHaveURL" with timeout 10000ms[22m
    [2m    14 × unexpected value "http://localhost:3000/admin/login"[22m


      14 |     await page.fill('input[name="password"]', adminPassword)
      15 |     await page.click('button[type="submit"]')
    > 16 |     await expect(page).toHaveURL('/admin')
         |                        ^
      17 |
      18 |     // Setup: Create category and editor for import tests
      19 |     const categoriesRes = await request.get('/api/categories')
        at /Users/aishwaryashrivastav/Development/port/tests/e2e/import-comprehensive.spec.ts:16:24

    Error Context: test-results/import-comprehensive-WordP-206c8-port-page-with-instructions-chromium/error-context.md

  64) [chromium] › tests/e2e/import-comprehensive.spec.ts:53:7 › WordPress CSV Import - Comprehensive › should accept CSV file upload 

    Error: [2mexpect([22m[31mpage[39m[2m).[22mtoHaveURL[2m([22m[32mexpected[39m[2m)[22m failed

    Expected: [32m"http://localhost:3000/admin"[39m
    Received: [31m"http://localhost:3000/admin[7m/login[27m"[39m
    Timeout:  10000ms

    Call log:
    [2m  - Expect "toHaveURL" with timeout 10000ms[22m
    [2m    14 × unexpected value "http://localhost:3000/admin/login"[22m


      14 |     await page.fill('input[name="password"]', adminPassword)
      15 |     await page.click('button[type="submit"]')
    > 16 |     await expect(page).toHaveURL('/admin')
         |                        ^
      17 |
      18 |     // Setup: Create category and editor for import tests
      19 |     const categoriesRes = await request.get('/api/categories')
        at /Users/aishwaryashrivastav/Development/port/tests/e2e/import-comprehensive.spec.ts:16:24

    Error Context: test-results/import-comprehensive-WordP-3e5a3-ould-accept-CSV-file-upload-chromium/error-context.md

  65) [chromium] › tests/e2e/import-comprehensive.spec.ts:72:7 › WordPress CSV Import - Comprehensive › should import articles from CSV 

    Error: [2mexpect([22m[31mpage[39m[2m).[22mtoHaveURL[2m([22m[32mexpected[39m[2m)[22m failed

    Expected: [32m"http://localhost:3000/admin"[39m
    Received: [31m"http://localhost:3000/admin[7m/login[27m"[39m
    Timeout:  10000ms

    Call log:
    [2m  - Expect "toHaveURL" with timeout 10000ms[22m
    [2m    14 × unexpected value "http://localhost:3000/admin/login"[22m


      14 |     await page.fill('input[name="password"]', adminPassword)
      15 |     await page.click('button[type="submit"]')
    > 16 |     await expect(page).toHaveURL('/admin')
         |                        ^
      17 |
      18 |     // Setup: Create category and editor for import tests
      19 |     const categoriesRes = await request.get('/api/categories')
        at /Users/aishwaryashrivastav/Development/port/tests/e2e/import-comprehensive.spec.ts:16:24

    Error Context: test-results/import-comprehensive-WordP-046ff-ld-import-articles-from-CSV-chromium/error-context.md

  66) [chromium] › tests/e2e/import-comprehensive.spec.ts:98:7 › WordPress CSV Import - Comprehensive › should handle CSV with only required fields 

    Error: [2mexpect([22m[31mpage[39m[2m).[22mtoHaveURL[2m([22m[32mexpected[39m[2m)[22m failed

    Expected: [32m"http://localhost:3000/admin"[39m
    Received: [31m"http://localhost:3000/admin[7m/login[27m"[39m
    Timeout:  10000ms

    Call log:
    [2m  - Expect "toHaveURL" with timeout 10000ms[22m
    [2m    14 × unexpected value "http://localhost:3000/admin/login"[22m


      14 |     await page.fill('input[name="password"]', adminPassword)
      15 |     await page.click('button[type="submit"]')
    > 16 |     await expect(page).toHaveURL('/admin')
         |                        ^
      17 |
      18 |     // Setup: Create category and editor for import tests
      19 |     const categoriesRes = await request.get('/api/categories')
        at /Users/aishwaryashrivastav/Development/port/tests/e2e/import-comprehensive.spec.ts:16:24

    Error Context: test-results/import-comprehensive-WordP-779bc-V-with-only-required-fields-chromium/error-context.md

  67) [chromium] › tests/e2e/import-comprehensive.spec.ts:118:7 › WordPress CSV Import - Comprehensive › should show import errors for invalid CSV 

    Error: [2mexpect([22m[31mpage[39m[2m).[22mtoHaveURL[2m([22m[32mexpected[39m[2m)[22m failed

    Expected: [32m"http://localhost:3000/admin"[39m
    Received: [31m"http://localhost:3000/admin[7m/login[27m"[39m
    Timeout:  10000ms

    Call log:
    [2m  - Expect "toHaveURL" with timeout 10000ms[22m
    [2m    14 × unexpected value "http://localhost:3000/admin/login"[22m


      14 |     await page.fill('input[name="password"]', adminPassword)
      15 |     await page.click('button[type="submit"]')
    > 16 |     await expect(page).toHaveURL('/admin')
         |                        ^
      17 |
      18 |     // Setup: Create category and editor for import tests
      19 |     const categoriesRes = await request.get('/api/categories')
        at /Users/aishwaryashrivastav/Development/port/tests/e2e/import-comprehensive.spec.ts:16:24

    Error Context: test-results/import-comprehensive-WordP-fdd6d-port-errors-for-invalid-CSV-chromium/error-context.md

  68) [chromium] › tests/e2e/import-comprehensive.spec.ts:139:7 › WordPress CSV Import - Comprehensive › should create categories automatically 

    Error: [2mexpect([22m[31mpage[39m[2m).[22mtoHaveURL[2m([22m[32mexpected[39m[2m)[22m failed

    Expected: [32m"http://localhost:3000/admin"[39m
    Received: [31m"http://localhost:3000/admin[7m/login[27m"[39m
    Timeout:  10000ms

    Call log:
    [2m  - Expect "toHaveURL" with timeout 10000ms[22m
    [2m    14 × unexpected value "http://localhost:3000/admin/login"[22m


      14 |     await page.fill('input[name="password"]', adminPassword)
      15 |     await page.click('button[type="submit"]')
    > 16 |     await expect(page).toHaveURL('/admin')
         |                        ^
      17 |
      18 |     // Setup: Create category and editor for import tests
      19 |     const categoriesRes = await request.get('/api/categories')
        at /Users/aishwaryashrivastav/Development/port/tests/e2e/import-comprehensive.spec.ts:16:24

    Error Context: test-results/import-comprehensive-WordP-07125-te-categories-automatically-chromium/error-context.md

  69) [chromium] › tests/e2e/import-comprehensive.spec.ts:164:7 › WordPress CSV Import - Comprehensive › should create editors automatically 

    Error: [2mexpect([22m[31mpage[39m[2m).[22mtoHaveURL[2m([22m[32mexpected[39m[2m)[22m failed

    Expected: [32m"http://localhost:3000/admin"[39m
    Received: [31m"http://localhost:3000/admin[7m/login[27m"[39m
    Timeout:  10000ms

    Call log:
    [2m  - Expect "toHaveURL" with timeout 10000ms[22m
    [2m    14 × unexpected value "http://localhost:3000/admin/login"[22m


      14 |     await page.fill('input[name="password"]', adminPassword)
      15 |     await page.click('button[type="submit"]')
    > 16 |     await expect(page).toHaveURL('/admin')
         |                        ^
      17 |
      18 |     // Setup: Create category and editor for import tests
      19 |     const categoriesRes = await request.get('/api/categories')
        at /Users/aishwaryashrivastav/Development/port/tests/e2e/import-comprehensive.spec.ts:16:24

    Error Context: test-results/import-comprehensive-WordP-348a1-reate-editors-automatically-chromium/error-context.md

  70) [chromium] › tests/e2e/import-comprehensive.spec.ts:189:7 › WordPress CSV Import - Comprehensive › should update existing articles with same slug 

    Error: [2mexpect([22m[31mpage[39m[2m).[22mtoHaveURL[2m([22m[32mexpected[39m[2m)[22m failed

    Expected: [32m"http://localhost:3000/admin"[39m
    Received: [31m"http://localhost:3000/admin[7m/login[27m"[39m
    Timeout:  10000ms

    Call log:
    [2m  - Expect "toHaveURL" with timeout 10000ms[22m
    [2m    14 × unexpected value "http://localhost:3000/admin/login"[22m


      14 |     await page.fill('input[name="password"]', adminPassword)
      15 |     await page.click('button[type="submit"]')
    > 16 |     await expect(page).toHaveURL('/admin')
         |                        ^
      17 |
      18 |     // Setup: Create category and editor for import tests
      19 |     const categoriesRes = await request.get('/api/categories')
        at /Users/aishwaryashrivastav/Development/port/tests/e2e/import-comprehensive.spec.ts:16:24

    Error Context: test-results/import-comprehensive-WordP-830b1-ing-articles-with-same-slug-chromium/error-context.md

  71) [chromium] › tests/e2e/import-comprehensive.spec.ts:228:7 › WordPress CSV Import - Comprehensive › should handle multiple articles in CSV 

    Error: [2mexpect([22m[31mpage[39m[2m).[22mtoHaveURL[2m([22m[32mexpected[39m[2m)[22m failed

    Expected: [32m"http://localhost:3000/admin"[39m
    Received: [31m"http://localhost:3000/admin[7m/login[27m"[39m
    Timeout:  10000ms

    Call log:
    [2m  - Expect "toHaveURL" with timeout 10000ms[22m
    [2m    14 × unexpected value "http://localhost:3000/admin/login"[22m


      14 |     await page.fill('input[name="password"]', adminPassword)
      15 |     await page.click('button[type="submit"]')
    > 16 |     await expect(page).toHaveURL('/admin')
         |                        ^
      17 |
      18 |     // Setup: Create category and editor for import tests
      19 |     const categoriesRes = await request.get('/api/categories')
        at /Users/aishwaryashrivastav/Development/port/tests/e2e/import-comprehensive.spec.ts:16:24

    Error Context: test-results/import-comprehensive-WordP-8708a-le-multiple-articles-in-CSV-chromium/error-context.md

  72) [chromium] › tests/e2e/import-comprehensive.spec.ts:256:7 › WordPress CSV Import - Comprehensive › should show file name and size after selection 

    Error: [2mexpect([22m[31mpage[39m[2m).[22mtoHaveURL[2m([22m[32mexpected[39m[2m)[22m failed

    Expected: [32m"http://localhost:3000/admin"[39m
    Received: [31m"http://localhost:3000/admin[7m/login[27m"[39m
    Timeout:  10000ms

    Call log:
    [2m  - Expect "toHaveURL" with timeout 10000ms[22m
    [2m    14 × unexpected value "http://localhost:3000/admin/login"[22m


      14 |     await page.fill('input[name="password"]', adminPassword)
      15 |     await page.click('button[type="submit"]')
    > 16 |     await expect(page).toHaveURL('/admin')
         |                        ^
      17 |
      18 |     // Setup: Create category and editor for import tests
      19 |     const categoriesRes = await request.get('/api/categories')
        at /Users/aishwaryashrivastav/Development/port/tests/e2e/import-comprehensive.spec.ts:16:24

    Error Context: test-results/import-comprehensive-WordP-31250-me-and-size-after-selection-chromium/error-context.md

  73) [chromium] › tests/e2e/import-comprehensive.spec.ts:275:7 › WordPress CSV Import - Comprehensive › should disable import button when no file selected 

    Error: [2mexpect([22m[31mpage[39m[2m).[22mtoHaveURL[2m([22m[32mexpected[39m[2m)[22m failed

    Expected: [32m"http://localhost:3000/admin"[39m
    Received: [31m"http://localhost:3000/admin[7m/login[27m"[39m
    Timeout:  10000ms

    Call log:
    [2m  - Expect "toHaveURL" with timeout 10000ms[22m
    [2m    14 × unexpected value "http://localhost:3000/admin/login"[22m


      14 |     await page.fill('input[name="password"]', adminPassword)
      15 |     await page.click('button[type="submit"]')
    > 16 |     await expect(page).toHaveURL('/admin')
         |                        ^
      17 |
      18 |     // Setup: Create category and editor for import tests
      19 |     const categoriesRes = await request.get('/api/categories')
        at /Users/aishwaryashrivastav/Development/port/tests/e2e/import-comprehensive.spec.ts:16:24

    Error Context: test-results/import-comprehensive-WordP-f64ff-utton-when-no-file-selected-chromium/error-context.md

  74) [chromium] › tests/e2e/import-comprehensive.spec.ts:282:7 › WordPress CSV Import - Comprehensive › should enable import button when file selected 

    Error: [2mexpect([22m[31mpage[39m[2m).[22mtoHaveURL[2m([22m[32mexpected[39m[2m)[22m failed

    Expected: [32m"http://localhost:3000/admin"[39m
    Received: [31m"http://localhost:3000/admin[7m/login[27m"[39m
    Timeout:  10000ms

    Call log:
    [2m  - Expect "toHaveURL" with timeout 10000ms[22m
    [2m    14 × unexpected value "http://localhost:3000/admin/login"[22m


      14 |     await page.fill('input[name="password"]', adminPassword)
      15 |     await page.click('button[type="submit"]')
    > 16 |     await expect(page).toHaveURL('/admin')
         |                        ^
      17 |
      18 |     // Setup: Create category and editor for import tests
      19 |     const categoriesRes = await request.get('/api/categories')
        at /Users/aishwaryashrivastav/Development/port/tests/e2e/import-comprehensive.spec.ts:16:24

    Error Context: test-results/import-comprehensive-WordP-e093a-t-button-when-file-selected-chromium/error-context.md

  75) [chromium] › tests/e2e/import-comprehensive.spec.ts:300:7 › WordPress CSV Import - Comprehensive › should show loading state during import 

    Error: [2mexpect([22m[31mpage[39m[2m).[22mtoHaveURL[2m([22m[32mexpected[39m[2m)[22m failed

    Expected: [32m"http://localhost:3000/admin"[39m
    Received: [31m"http://localhost:3000/admin[7m/login[27m"[39m
    Timeout:  10000ms

    Call log:
    [2m  - Expect "toHaveURL" with timeout 10000ms[22m
    [2m    14 × unexpected value "http://localhost:3000/admin/login"[22m


      14 |     await page.fill('input[name="password"]', adminPassword)
      15 |     await page.click('button[type="submit"]')
    > 16 |     await expect(page).toHaveURL('/admin')
         |                        ^
      17 |
      18 |     // Setup: Create category and editor for import tests
      19 |     const categoriesRes = await request.get('/api/categories')
        at /Users/aishwaryashrivastav/Development/port/tests/e2e/import-comprehensive.spec.ts:16:24

    Error Context: test-results/import-comprehensive-WordP-43979-loading-state-during-import-chromium/error-context.md

  76) [chromium] › tests/e2e/import-comprehensive.spec.ts:320:7 › WordPress CSV Import - Comprehensive › should reset file selection after import 

    Error: [2mexpect([22m[31mpage[39m[2m).[22mtoHaveURL[2m([22m[32mexpected[39m[2m)[22m failed

    Expected: [32m"http://localhost:3000/admin"[39m
    Received: [31m"http://localhost:3000/admin[7m/login[27m"[39m
    Timeout:  10000ms

    Call log:
    [2m  - Expect "toHaveURL" with timeout 10000ms[22m
    [2m    14 × unexpected value "http://localhost:3000/admin/login"[22m


      14 |     await page.fill('input[name="password"]', adminPassword)
      15 |     await page.click('button[type="submit"]')
    > 16 |     await expect(page).toHaveURL('/admin')
         |                        ^
      17 |
      18 |     // Setup: Create category and editor for import tests
      19 |     const categoriesRes = await request.get('/api/categories')
        at /Users/aishwaryashrivastav/Development/port/tests/e2e/import-comprehensive.spec.ts:16:24

    Error Context: test-results/import-comprehensive-WordP-40b69-file-selection-after-import-chromium/error-context.md

  77) [chromium] › tests/e2e/perf-and-canonical.spec.ts:12:5 › home canonical is absolute and correct 

    Error: [2mexpect([22m[31mreceived[39m[2m).[22mtoBe[2m([22m[32mexpected[39m[2m) // Object.is equality[22m

    Expected: [32m"http://localhost:3000[7m/[27m"[39m
    Received: [31m"http://localhost:3000"[39m

      13 |   await page.goto(BASE_URL)
      14 |   const href = await page.getAttribute('head link[rel="canonical"]', 'href')
    > 15 |   expect(href).toBe(`${BASE_URL}/`)
         |                ^
      16 | })
      17 |
      18 |
        at /Users/aishwaryashrivastav/Development/port/tests/e2e/perf-and-canonical.spec.ts:15:16

    Error Context: test-results/perf-and-canonical-home-canonical-is-absolute-and-correct-chromium/error-context.md

  78) [chromium] › tests/e2e/seo.spec.ts:5:5 › home has canonical link ─────────────────────────────

    Error: [2mexpect([22m[31mlocator[39m[2m).[22mtoHaveAttribute[2m([22m[32mexpected[39m[2m)[22m failed

    Locator:  locator('head link[rel="canonical"]').first()
    Expected: [32m"http://localhost:3000[7m/[27m"[39m
    Received: [31m"http://localhost:3000"[39m
    Timeout:  10000ms

    Call log:
    [2m  - Expect "toHaveAttribute" with timeout 10000ms[22m
    [2m  - waiting for locator('head link[rel="canonical"]').first()[22m
    [2m    14 × locator resolved to <link rel="canonical" href="http://localhost:3000"/>[22m
    [2m       - unexpected value "http://localhost:3000"[22m


       6 |   await page.goto(BASE_URL)
       7 |   const canonical = await page.locator('head link[rel="canonical"]').first()
    >  8 |   await expect(canonical).toHaveAttribute('href', `${BASE_URL}/`)
         |                           ^
       9 | })
      10 |
      11 | test('robots.txt configured with sitemap and disallow admin', async ({ request }) => {
        at /Users/aishwaryashrivastav/Development/port/tests/e2e/seo.spec.ts:8:27

    Error Context: test-results/seo-home-has-canonical-link-chromium/error-context.md

  79) [chromium] › tests/e2e/seo.spec.ts:20:5 › sitemap.xml is served and includes site root ───────

    Error: [2mexpect([22m[31mreceived[39m[2m).[22mtoBeTruthy[2m()[22m

    Received: [31mfalse[39m

      20 | test('sitemap.xml is served and includes site root', async ({ request }) => {
      21 |   const res = await request.get(`${BASE_URL}/sitemap.xml`)
    > 22 |   expect(res.ok()).toBeTruthy()
         |                    ^
      23 |   const xml = await res.text()
      24 |   expect(xml).toContain(BASE_URL)
      25 | })
        at /Users/aishwaryashrivastav/Development/port/tests/e2e/seo.spec.ts:22:20

  80) [chromium] › tests/e2e/settings-comprehensive.spec.ts:39:7 › Settings Management - Comprehensive › should update site name 

    Error: [2mexpect([22m[31mpage[39m[2m).[22mtoHaveURL[2m([22m[32mexpected[39m[2m)[22m failed

    Expected: [32m"http://localhost:3000/admin"[39m
    Received: [31m"http://localhost:3000/admin[7m/login[27m"[39m
    Timeout:  10000ms

    Call log:
    [2m  - Expect "toHaveURL" with timeout 10000ms[22m
    [2m    14 × unexpected value "http://localhost:3000/admin/login"[22m


      11 |     await page.fill('input[name="password"]', adminPassword)
      12 |     await page.click('button[type="submit"]')
    > 13 |     await expect(page).toHaveURL('/admin')
         |                        ^
      14 |
      15 |     // Save original settings
      16 |     const res = await request.get('/api/settings')
        at /Users/aishwaryashrivastav/Development/port/tests/e2e/settings-comprehensive.spec.ts:13:24

    Error Context: test-results/settings-comprehensive-Set-2f7ed-ive-should-update-site-name-chromium/error-context.md

  81) [chromium] › tests/e2e/settings-comprehensive.spec.ts:51:7 › Settings Management - Comprehensive › should update logo URL 

    Error: [2mexpect([22m[31mpage[39m[2m).[22mtoHaveURL[2m([22m[32mexpected[39m[2m)[22m failed

    Expected: [32m"http://localhost:3000/admin"[39m
    Received: [31m"http://localhost:3000/admin[7m/login[27m"[39m
    Timeout:  10000ms

    Call log:
    [2m  - Expect "toHaveURL" with timeout 10000ms[22m
    [2m    14 × unexpected value "http://localhost:3000/admin/login"[22m


      11 |     await page.fill('input[name="password"]', adminPassword)
      12 |     await page.click('button[type="submit"]')
    > 13 |     await expect(page).toHaveURL('/admin')
         |                        ^
      14 |
      15 |     // Save original settings
      16 |     const res = await request.get('/api/settings')
        at /Users/aishwaryashrivastav/Development/port/tests/e2e/settings-comprehensive.spec.ts:13:24

    Error Context: test-results/settings-comprehensive-Set-ce52d-sive-should-update-logo-URL-chromium/error-context.md

  82) [chromium] › tests/e2e/settings-comprehensive.spec.ts:62:7 › Settings Management - Comprehensive › should update navigation links JSON 

    Error: [2mexpect([22m[31mpage[39m[2m).[22mtoHaveURL[2m([22m[32mexpected[39m[2m)[22m failed

    Expected: [32m"http://localhost:3000/admin"[39m
    Received: [31m"http://localhost:3000/admin[7m/login[27m"[39m
    Timeout:  10000ms

    Call log:
    [2m  - Expect "toHaveURL" with timeout 10000ms[22m
    [2m    14 × unexpected value "http://localhost:3000/admin/login"[22m


      11 |     await page.fill('input[name="password"]', adminPassword)
      12 |     await page.click('button[type="submit"]')
    > 13 |     await expect(page).toHaveURL('/admin')
         |                        ^
      14 |
      15 |     // Save original settings
      16 |     const res = await request.get('/api/settings')
        at /Users/aishwaryashrivastav/Development/port/tests/e2e/settings-comprehensive.spec.ts:13:24

    Error Context: test-results/settings-comprehensive-Set-ebf8c-pdate-navigation-links-JSON-chromium/error-context.md

  83) [chromium] › tests/e2e/settings-comprehensive.spec.ts:72:7 › Settings Management - Comprehensive › should update footer links JSON 

    Error: [2mexpect([22m[31mpage[39m[2m).[22mtoHaveURL[2m([22m[32mexpected[39m[2m)[22m failed

    Expected: [32m"http://localhost:3000/admin"[39m
    Received: [31m"http://localhost:3000/admin[7m/login[27m"[39m
    Timeout:  10000ms

    Call log:
    [2m  - Expect "toHaveURL" with timeout 10000ms[22m
    [2m    14 × unexpected value "http://localhost:3000/admin/login"[22m


      11 |     await page.fill('input[name="password"]', adminPassword)
      12 |     await page.click('button[type="submit"]')
    > 13 |     await expect(page).toHaveURL('/admin')
         |                        ^
      14 |
      15 |     // Save original settings
      16 |     const res = await request.get('/api/settings')
        at /Users/aishwaryashrivastav/Development/port/tests/e2e/settings-comprehensive.spec.ts:13:24

    Error Context: test-results/settings-comprehensive-Set-4e95e-ld-update-footer-links-JSON-chromium/error-context.md

  84) [chromium] › tests/e2e/settings-comprehensive.spec.ts:82:7 › Settings Management - Comprehensive › should update subscribe CTA text 

    Error: [2mexpect([22m[31mpage[39m[2m).[22mtoHaveURL[2m([22m[32mexpected[39m[2m)[22m failed

    Expected: [32m"http://localhost:3000/admin"[39m
    Received: [31m"http://localhost:3000/admin[7m/login[27m"[39m
    Timeout:  10000ms

    Call log:
    [2m  - Expect "toHaveURL" with timeout 10000ms[22m
    [2m    14 × unexpected value "http://localhost:3000/admin/login"[22m


      11 |     await page.fill('input[name="password"]', adminPassword)
      12 |     await page.click('button[type="submit"]')
    > 13 |     await expect(page).toHaveURL('/admin')
         |                        ^
      14 |
      15 |     // Save original settings
      16 |     const res = await request.get('/api/settings')
        at /Users/aishwaryashrivastav/Development/port/tests/e2e/settings-comprehensive.spec.ts:13:24

    Error Context: test-results/settings-comprehensive-Set-64acc-d-update-subscribe-CTA-text-chromium/error-context.md

  85) [chromium] › tests/e2e/settings-comprehensive.spec.ts:92:7 › Settings Management - Comprehensive › should update header bar settings 

    Error: [2mexpect([22m[31mpage[39m[2m).[22mtoHaveURL[2m([22m[32mexpected[39m[2m)[22m failed

    Expected: [32m"http://localhost:3000/admin"[39m
    Received: [31m"http://localhost:3000/admin[7m/login[27m"[39m
    Timeout:  10000ms

    Call log:
    [2m  - Expect "toHaveURL" with timeout 10000ms[22m
    [2m    14 × unexpected value "http://localhost:3000/admin/login"[22m


      11 |     await page.fill('input[name="password"]', adminPassword)
      12 |     await page.click('button[type="submit"]')
    > 13 |     await expect(page).toHaveURL('/admin')
         |                        ^
      14 |
      15 |     // Save original settings
      16 |     const res = await request.get('/api/settings')
        at /Users/aishwaryashrivastav/Development/port/tests/e2e/settings-comprehensive.spec.ts:13:24

    Error Context: test-results/settings-comprehensive-Set-dd6e4--update-header-bar-settings-chromium/error-context.md

  86) [chromium] › tests/e2e/settings-comprehensive.spec.ts:111:7 › Settings Management - Comprehensive › should load existing settings on page load 

    Error: [2mexpect([22m[31mpage[39m[2m).[22mtoHaveURL[2m([22m[32mexpected[39m[2m)[22m failed

    Expected: [32m"http://localhost:3000/admin"[39m
    Received: [31m"http://localhost:3000/admin[7m/login[27m"[39m
    Timeout:  10000ms

    Call log:
    [2m  - Expect "toHaveURL" with timeout 10000ms[22m
    [2m    14 × unexpected value "http://localhost:3000/admin/login"[22m


      11 |     await page.fill('input[name="password"]', adminPassword)
      12 |     await page.click('button[type="submit"]')
    > 13 |     await expect(page).toHaveURL('/admin')
         |                        ^
      14 |
      15 |     // Save original settings
      16 |     const res = await request.get('/api/settings')
        at /Users/aishwaryashrivastav/Development/port/tests/e2e/settings-comprehensive.spec.ts:13:24

    Error Context: test-results/settings-comprehensive-Set-7de04-sting-settings-on-page-load-chromium/error-context.md

  87) [chromium] › tests/e2e/settings-comprehensive.spec.ts:129:7 › Settings Management - Comprehensive › should handle empty settings 

    Error: [2mexpect([22m[31mpage[39m[2m).[22mtoHaveURL[2m([22m[32mexpected[39m[2m)[22m failed

    Expected: [32m"http://localhost:3000/admin"[39m
    Received: [31m"http://localhost:3000/admin[7m/login[27m"[39m
    Timeout:  10000ms

    Call log:
    [2m  - Expect "toHaveURL" with timeout 10000ms[22m
    [2m    14 × unexpected value "http://localhost:3000/admin/login"[22m


      11 |     await page.fill('input[name="password"]', adminPassword)
      12 |     await page.click('button[type="submit"]')
    > 13 |     await expect(page).toHaveURL('/admin')
         |                        ^
      14 |
      15 |     // Save original settings
      16 |     const res = await request.get('/api/settings')
        at /Users/aishwaryashrivastav/Development/port/tests/e2e/settings-comprehensive.spec.ts:13:24

    Error Context: test-results/settings-comprehensive-Set-b0fa5-hould-handle-empty-settings-chromium/error-context.md

  88) [chromium] › tests/e2e/settings-comprehensive.spec.ts:149:7 › Settings Management - Comprehensive › should show loading state during save 

    Error: [2mexpect([22m[31mpage[39m[2m).[22mtoHaveURL[2m([22m[32mexpected[39m[2m)[22m failed

    Expected: [32m"http://localhost:3000/admin"[39m
    Received: [31m"http://localhost:3000/admin[7m/login[27m"[39m
    Timeout:  10000ms

    Call log:
    [2m  - Expect "toHaveURL" with timeout 10000ms[22m
    [2m    14 × unexpected value "http://localhost:3000/admin/login"[22m


      11 |     await page.fill('input[name="password"]', adminPassword)
      12 |     await page.click('button[type="submit"]')
    > 13 |     await expect(page).toHaveURL('/admin')
         |                        ^
      14 |
      15 |     // Save original settings
      16 |     const res = await request.get('/api/settings')
        at /Users/aishwaryashrivastav/Development/port/tests/e2e/settings-comprehensive.spec.ts:13:24

    Error Context: test-results/settings-comprehensive-Set-6f662-w-loading-state-during-save-chromium/error-context.md

  89) [chromium] › tests/e2e/settings-comprehensive.spec.ts:158:7 › Settings Management - Comprehensive › should reload page after save 

    Error: [2mexpect([22m[31mpage[39m[2m).[22mtoHaveURL[2m([22m[32mexpected[39m[2m)[22m failed

    Expected: [32m"http://localhost:3000/admin"[39m
    Received: [31m"http://localhost:3000/admin[7m/login[27m"[39m
    Timeout:  10000ms

    Call log:
    [2m  - Expect "toHaveURL" with timeout 10000ms[22m
    [2m    14 × unexpected value "http://localhost:3000/admin/login"[22m


      11 |     await page.fill('input[name="password"]', adminPassword)
      12 |     await page.click('button[type="submit"]')
    > 13 |     await expect(page).toHaveURL('/admin')
         |                        ^
      14 |
      15 |     // Save original settings
      16 |     const res = await request.get('/api/settings')
        at /Users/aishwaryashrivastav/Development/port/tests/e2e/settings-comprehensive.spec.ts:13:24

    Error Context: test-results/settings-comprehensive-Set-f39f5-ould-reload-page-after-save-chromium/error-context.md

  90) [chromium] › tests/e2e/settings-comprehensive.spec.ts:174:7 › Settings Management - Comprehensive › should validate JSON format for nav links 

    Error: [2mexpect([22m[31mpage[39m[2m).[22mtoHaveURL[2m([22m[32mexpected[39m[2m)[22m failed

    Expected: [32m"http://localhost:3000/admin"[39m
    Received: [31m"http://localhost:3000/admin[7m/login[27m"[39m
    Timeout:  10000ms

    Call log:
    [2m  - Expect "toHaveURL" with timeout 10000ms[22m
    [2m    14 × unexpected value "http://localhost:3000/admin/login"[22m


      11 |     await page.fill('input[name="password"]', adminPassword)
      12 |     await page.click('button[type="submit"]')
    > 13 |     await expect(page).toHaveURL('/admin')
         |                        ^
      14 |
      15 |     // Save original settings
      16 |     const res = await request.get('/api/settings')
        at /Users/aishwaryashrivastav/Development/port/tests/e2e/settings-comprehensive.spec.ts:13:24

    Error Context: test-results/settings-comprehensive-Set-1075c-e-JSON-format-for-nav-links-chromium/error-context.md

  91) [chromium] › tests/e2e/settings-comprehensive.spec.ts:185:7 › Settings Management - Comprehensive › should handle very long text fields 

    Error: [2mexpect([22m[31mpage[39m[2m).[22mtoHaveURL[2m([22m[32mexpected[39m[2m)[22m failed

    Expected: [32m"http://localhost:3000/admin"[39m
    Received: [31m"http://localhost:3000/admin[7m/login[27m"[39m
    Timeout:  10000ms

    Call log:
    [2m  - Expect "toHaveURL" with timeout 10000ms[22m
    [2m    14 × unexpected value "http://localhost:3000/admin/login"[22m


      11 |     await page.fill('input[name="password"]', adminPassword)
      12 |     await page.click('button[type="submit"]')
    > 13 |     await expect(page).toHaveURL('/admin')
         |                        ^
      14 |
      15 |     // Save original settings
      16 |     const res = await request.get('/api/settings')
        at /Users/aishwaryashrivastav/Development/port/tests/e2e/settings-comprehensive.spec.ts:13:24

    Error Context: test-results/settings-comprehensive-Set-c4920-andle-very-long-text-fields-chromium/error-context.md

  92) [chromium] › tests/e2e/settings-comprehensive.spec.ts:195:7 › Settings Management - Comprehensive › should persist settings across sessions 

    Error: [2mexpect([22m[31mpage[39m[2m).[22mtoHaveURL[2m([22m[32mexpected[39m[2m)[22m failed

    Expected: [32m"http://localhost:3000/admin"[39m
    Received: [31m"http://localhost:3000/admin[7m/login[27m"[39m
    Timeout:  10000ms

    Call log:
    [2m  - Expect "toHaveURL" with timeout 10000ms[22m
    [2m    14 × unexpected value "http://localhost:3000/admin/login"[22m


      11 |     await page.fill('input[name="password"]', adminPassword)
      12 |     await page.click('button[type="submit"]')
    > 13 |     await expect(page).toHaveURL('/admin')
         |                        ^
      14 |
      15 |     // Save original settings
      16 |     const res = await request.get('/api/settings')
        at /Users/aishwaryashrivastav/Development/port/tests/e2e/settings-comprehensive.spec.ts:13:24

    Error Context: test-results/settings-comprehensive-Set-411c4-st-settings-across-sessions-chromium/error-context.md

  93) [chromium] › tests/e2e/settings-comprehensive.spec.ts:209:7 › Settings Management - Comprehensive › should create default settings if none exist 

    Error: [2mexpect([22m[31mpage[39m[2m).[22mtoHaveURL[2m([22m[32mexpected[39m[2m)[22m failed

    Expected: [32m"http://localhost:3000/admin"[39m
    Received: [31m"http://localhost:3000/admin[7m/login[27m"[39m
    Timeout:  10000ms

    Call log:
    [2m  - Expect "toHaveURL" with timeout 10000ms[22m
    [2m    14 × unexpected value "http://localhost:3000/admin/login"[22m


      11 |     await page.fill('input[name="password"]', adminPassword)
      12 |     await page.click('button[type="submit"]')
    > 13 |     await expect(page).toHaveURL('/admin')
         |                        ^
      14 |
      15 |     // Save original settings
      16 |     const res = await request.get('/api/settings')
        at /Users/aishwaryashrivastav/Development/port/tests/e2e/settings-comprehensive.spec.ts:13:24

    Error Context: test-results/settings-comprehensive-Set-8ba2c-ault-settings-if-none-exist-chromium/error-context.md

  94) [chromium] › tests/e2e/settings.spec.ts:3:5 › update a setting and persist ───────────────────

    Error: [2mexpect([22m[31mlocator[39m[2m).[22mtoHaveValue[2m([22m[32mexpected[39m[2m)[22m failed

    Locator: getByLabel('Site Name')
    Expected: [32m"AI Tech News - 1762276765564"[39m
    Timeout: 10000ms
    Error: element(s) not found

    Call log:
    [2m  - Expect "toHaveValue" with timeout 10000ms[22m
    [2m  - waiting for getByLabel('Site Name')[22m


      17 |
      18 |   await page.goto('/admin/settings')
    > 19 |   await expect(page.getByLabel('Site Name')).toHaveValue(siteName)
         |                                              ^
      20 | })
      21 |
      22 |
        at /Users/aishwaryashrivastav/Development/port/tests/e2e/settings.spec.ts:19:46

    Error Context: test-results/settings-update-a-setting-and-persist-chromium/error-context.md

  95) [chromium] › tests/e2e/sponsored-banners.spec.ts:15:7 › Sponsored Banners CRUD › should create sponsored banner 

    Error: [2mexpect([22m[31mpage[39m[2m).[22mtoHaveURL[2m([22m[32mexpected[39m[2m)[22m failed

    Expected: [32m"http://localhost:3000/admin"[39m
    Received: [31m"http://localhost:3000/admin[7m/login[27m"[39m
    Timeout:  10000ms

    Call log:
    [2m  - Expect "toHaveURL" with timeout 10000ms[22m
    [2m    14 × unexpected value "http://localhost:3000/admin/login"[22m


      10 |     await page.fill('input[name="password"]', adminPassword)
      11 |     await page.click('button[type="submit"]')
    > 12 |     await expect(page).toHaveURL('/admin')
         |                        ^
      13 |   })
      14 |
      15 |   test('should create sponsored banner', async ({ page }) => {
        at /Users/aishwaryashrivastav/Development/port/tests/e2e/sponsored-banners.spec.ts:12:24

    Error Context: test-results/sponsored-banners-Sponsore-6ebb8-uld-create-sponsored-banner-chromium/error-context.md

  96) [chromium] › tests/e2e/sponsored-banners.spec.ts:31:7 › Sponsored Banners CRUD › should create banner with all fields 

    Error: [2mexpect([22m[31mpage[39m[2m).[22mtoHaveURL[2m([22m[32mexpected[39m[2m)[22m failed

    Expected: [32m"http://localhost:3000/admin"[39m
    Received: [31m"http://localhost:3000/admin[7m/login[27m"[39m
    Timeout:  10000ms

    Call log:
    [2m  - Expect "toHaveURL" with timeout 10000ms[22m
    [2m    14 × unexpected value "http://localhost:3000/admin/login"[22m


      10 |     await page.fill('input[name="password"]', adminPassword)
      11 |     await page.click('button[type="submit"]')
    > 12 |     await expect(page).toHaveURL('/admin')
         |                        ^
      13 |   })
      14 |
      15 |   test('should create sponsored banner', async ({ page }) => {
        at /Users/aishwaryashrivastav/Development/port/tests/e2e/sponsored-banners.spec.ts:12:24

    Error Context: test-results/sponsored-banners-Sponsore-3fe33-eate-banner-with-all-fields-chromium/error-context.md

  97) [chromium] › tests/e2e/sponsored-banners.spec.ts:58:7 › Sponsored Banners CRUD › should validate required fields 

    Error: [2mexpect([22m[31mpage[39m[2m).[22mtoHaveURL[2m([22m[32mexpected[39m[2m)[22m failed

    Expected: [32m"http://localhost:3000/admin"[39m
    Received: [31m"http://localhost:3000/admin[7m/login[27m"[39m
    Timeout:  10000ms

    Call log:
    [2m  - Expect "toHaveURL" with timeout 10000ms[22m
    [2m    14 × unexpected value "http://localhost:3000/admin/login"[22m


      10 |     await page.fill('input[name="password"]', adminPassword)
      11 |     await page.click('button[type="submit"]')
    > 12 |     await expect(page).toHaveURL('/admin')
         |                        ^
      13 |   })
      14 |
      15 |   test('should create sponsored banner', async ({ page }) => {
        at /Users/aishwaryashrivastav/Development/port/tests/e2e/sponsored-banners.spec.ts:12:24

    Error Context: test-results/sponsored-banners-Sponsore-21217-ld-validate-required-fields-chromium/error-context.md

  98) [chromium] › tests/e2e/sponsored-banners.spec.ts:69:7 › Sponsored Banners CRUD › should edit banner 

    Error: [2mexpect([22m[31mpage[39m[2m).[22mtoHaveURL[2m([22m[32mexpected[39m[2m)[22m failed

    Expected: [32m"http://localhost:3000/admin"[39m
    Received: [31m"http://localhost:3000/admin[7m/login[27m"[39m
    Timeout:  10000ms

    Call log:
    [2m  - Expect "toHaveURL" with timeout 10000ms[22m
    [2m    14 × unexpected value "http://localhost:3000/admin/login"[22m


      10 |     await page.fill('input[name="password"]', adminPassword)
      11 |     await page.click('button[type="submit"]')
    > 12 |     await expect(page).toHaveURL('/admin')
         |                        ^
      13 |   })
      14 |
      15 |   test('should create sponsored banner', async ({ page }) => {
        at /Users/aishwaryashrivastav/Development/port/tests/e2e/sponsored-banners.spec.ts:12:24

    Error Context: test-results/sponsored-banners-Sponsored-Banners-CRUD-should-edit-banner-chromium/error-context.md

  99) [chromium] › tests/e2e/sponsored-banners.spec.ts:96:7 › Sponsored Banners CRUD › should delete banner 

    Error: [2mexpect([22m[31mpage[39m[2m).[22mtoHaveURL[2m([22m[32mexpected[39m[2m)[22m failed

    Expected: [32m"http://localhost:3000/admin"[39m
    Received: [31m"http://localhost:3000/admin[7m/login[27m"[39m
    Timeout:  10000ms

    Call log:
    [2m  - Expect "toHaveURL" with timeout 10000ms[22m
    [2m    14 × unexpected value "http://localhost:3000/admin/login"[22m


      10 |     await page.fill('input[name="password"]', adminPassword)
      11 |     await page.click('button[type="submit"]')
    > 12 |     await expect(page).toHaveURL('/admin')
         |                        ^
      13 |   })
      14 |
      15 |   test('should create sponsored banner', async ({ page }) => {
        at /Users/aishwaryashrivastav/Development/port/tests/e2e/sponsored-banners.spec.ts:12:24

    Error Context: test-results/sponsored-banners-Sponsore-ba446-s-CRUD-should-delete-banner-chromium/error-context.md

  100) [chromium] › tests/e2e/sponsored-banners.spec.ts:120:7 › Sponsored Banners CRUD › should show all banner types 

    Error: [2mexpect([22m[31mpage[39m[2m).[22mtoHaveURL[2m([22m[32mexpected[39m[2m)[22m failed

    Expected: [32m"http://localhost:3000/admin"[39m
    Received: [31m"http://localhost:3000/admin[7m/login[27m"[39m
    Timeout:  10000ms

    Call log:
    [2m  - Expect "toHaveURL" with timeout 10000ms[22m
    [2m    14 × unexpected value "http://localhost:3000/admin/login"[22m


      10 |     await page.fill('input[name="password"]', adminPassword)
      11 |     await page.click('button[type="submit"]')
    > 12 |     await expect(page).toHaveURL('/admin')
         |                        ^
      13 |   })
      14 |
      15 |   test('should create sponsored banner', async ({ page }) => {
        at /Users/aishwaryashrivastav/Development/port/tests/e2e/sponsored-banners.spec.ts:12:24

    Error Context: test-results/sponsored-banners-Sponsore-292aa-hould-show-all-banner-types-chromium/error-context.md

  101) [chromium] › tests/e2e/sponsored-banners.spec.ts:132:7 › Sponsored Banners CRUD › should handle date ranges 

    Error: [2mexpect([22m[31mpage[39m[2m).[22mtoHaveURL[2m([22m[32mexpected[39m[2m)[22m failed

    Expected: [32m"http://localhost:3000/admin"[39m
    Received: [31m"http://localhost:3000/admin[7m/login[27m"[39m
    Timeout:  10000ms

    Call log:
    [2m  - Expect "toHaveURL" with timeout 10000ms[22m
    [2m    14 × unexpected value "http://localhost:3000/admin/login"[22m


      10 |     await page.fill('input[name="password"]', adminPassword)
      11 |     await page.click('button[type="submit"]')
    > 12 |     await expect(page).toHaveURL('/admin')
         |                        ^
      13 |   })
      14 |
      15 |   test('should create sponsored banner', async ({ page }) => {
        at /Users/aishwaryashrivastav/Development/port/tests/e2e/sponsored-banners.spec.ts:12:24

    Error Context: test-results/sponsored-banners-Sponsore-6f72c-D-should-handle-date-ranges-chromium/error-context.md

  102) [chromium] › tests/e2e/sponsored-banners.spec.ts:155:7 › Sponsored Banners CRUD › should toggle active status 

    Error: [2mexpect([22m[31mpage[39m[2m).[22mtoHaveURL[2m([22m[32mexpected[39m[2m)[22m failed

    Expected: [32m"http://localhost:3000/admin"[39m
    Received: [31m"http://localhost:3000/admin[7m/login[27m"[39m
    Timeout:  10000ms

    Call log:
    [2m  - Expect "toHaveURL" with timeout 10000ms[22m
    [2m    14 × unexpected value "http://localhost:3000/admin/login"[22m


      10 |     await page.fill('input[name="password"]', adminPassword)
      11 |     await page.click('button[type="submit"]')
    > 12 |     await expect(page).toHaveURL('/admin')
         |                        ^
      13 |   })
      14 |
      15 |   test('should create sponsored banner', async ({ page }) => {
        at /Users/aishwaryashrivastav/Development/port/tests/e2e/sponsored-banners.spec.ts:12:24

    Error Context: test-results/sponsored-banners-Sponsore-61f1e-should-toggle-active-status-chromium/error-context.md

  103) [chromium] › tests/e2e/sponsored-banners.spec.ts:180:7 › Sponsored Banners CRUD › should show empty state when no banners 

    Error: [2mexpect([22m[31mpage[39m[2m).[22mtoHaveURL[2m([22m[32mexpected[39m[2m)[22m failed

    Expected: [32m"http://localhost:3000/admin"[39m
    Received: [31m"http://localhost:3000/admin[7m/login[27m"[39m
    Timeout:  10000ms

    Call log:
    [2m  - Expect "toHaveURL" with timeout 10000ms[22m
    [2m    14 × unexpected value "http://localhost:3000/admin/login"[22m


      10 |     await page.fill('input[name="password"]', adminPassword)
      11 |     await page.click('button[type="submit"]')
    > 12 |     await expect(page).toHaveURL('/admin')
         |                        ^
      13 |   })
      14 |
      15 |   test('should create sponsored banner', async ({ page }) => {
        at /Users/aishwaryashrivastav/Development/port/tests/e2e/sponsored-banners.spec.ts:12:24

    Error Context: test-results/sponsored-banners-Sponsore-1f980-empty-state-when-no-banners-chromium/error-context.md

  104) [chromium] › tests/e2e/sponsored-banners.spec.ts:193:7 › Sponsored Banners CRUD › should set display order 

    Error: [2mexpect([22m[31mpage[39m[2m).[22mtoHaveURL[2m([22m[32mexpected[39m[2m)[22m failed

    Expected: [32m"http://localhost:3000/admin"[39m
    Received: [31m"http://localhost:3000/admin[7m/login[27m"[39m
    Timeout:  10000ms

    Call log:
    [2m  - Expect "toHaveURL" with timeout 10000ms[22m
    [2m    14 × unexpected value "http://localhost:3000/admin/login"[22m


      10 |     await page.fill('input[name="password"]', adminPassword)
      11 |     await page.click('button[type="submit"]')
    > 12 |     await expect(page).toHaveURL('/admin')
         |                        ^
      13 |   })
      14 |
      15 |   test('should create sponsored banner', async ({ page }) => {
        at /Users/aishwaryashrivastav/Development/port/tests/e2e/sponsored-banners.spec.ts:12:24

    Error Context: test-results/sponsored-banners-Sponsore-f24fa-UD-should-set-display-order-chromium/error-context.md

  105) [chromium] › tests/e2e/sponsored-banners.spec.ts:221:7 › Sponsored Banners CRUD › should reset form on cancel 

    Error: [2mexpect([22m[31mpage[39m[2m).[22mtoHaveURL[2m([22m[32mexpected[39m[2m)[22m failed

    Expected: [32m"http://localhost:3000/admin"[39m
    Received: [31m"http://localhost:3000/admin[7m/login[27m"[39m
    Timeout:  10000ms

    Call log:
    [2m  - Expect "toHaveURL" with timeout 10000ms[22m
    [2m    14 × unexpected value "http://localhost:3000/admin/login"[22m


      10 |     await page.fill('input[name="password"]', adminPassword)
      11 |     await page.click('button[type="submit"]')
    > 12 |     await expect(page).toHaveURL('/admin')
         |                        ^
      13 |   })
      14 |
      15 |   test('should create sponsored banner', async ({ page }) => {
        at /Users/aishwaryashrivastav/Development/port/tests/e2e/sponsored-banners.spec.ts:12:24

    Error Context: test-results/sponsored-banners-Sponsore-c01be-should-reset-form-on-cancel-chromium/error-context.md

  106) [chromium] › tests/e2e/sponsored-banners.spec.ts:233:7 › Sponsored Banners CRUD › should validate image URL format 

    [31mTest timeout of 60000ms exceeded.[39m

    Error: page.selectOption: Test timeout of 60000ms exceeded.
    Call log:
    [2m  - waiting for locator('select[id="type"]')[22m


      237 |     await page.fill('input[id="title"]', 'Test Banner')
      238 |     await page.fill('input[id="imageUrl"]', 'not-a-valid-url')
    > 239 |     await page.selectOption('select[id="type"]', 'homepage-main')
          |                ^
      240 |     await page.click('button:has-text("Create Banner")')
      241 |
      242 |     // Should still work (no URL validation on client)
        at /Users/aishwaryashrivastav/Development/port/tests/e2e/sponsored-banners.spec.ts:239:16

    Error Context: test-results/sponsored-banners-Sponsore-9b60d-d-validate-image-URL-format-chromium/error-context.md

  107) [chromium] › tests/e2e/subscribers-comprehensive.spec.ts:15:7 › Subscribers Management - Comprehensive › should display subscribers list 

    Error: [2mexpect([22m[31mpage[39m[2m).[22mtoHaveURL[2m([22m[32mexpected[39m[2m)[22m failed

    Expected: [32m"http://localhost:3000/admin"[39m
    Received: [31m"http://localhost:3000/admin[7m/login[27m"[39m
    Timeout:  10000ms

    Call log:
    [2m  - Expect "toHaveURL" with timeout 10000ms[22m
    [2m    14 × unexpected value "http://localhost:3000/admin/login"[22m


      10 |     await page.fill('input[name="password"]', adminPassword)
      11 |     await page.click('button[type="submit"]')
    > 12 |     await expect(page).toHaveURL('/admin')
         |                        ^
      13 |   })
      14 |
      15 |   test('should display subscribers list', async ({ page }) => {
        at /Users/aishwaryashrivastav/Development/port/tests/e2e/subscribers-comprehensive.spec.ts:12:24

    Error Context: test-results/subscribers-comprehensive--8a83e-ld-display-subscribers-list-chromium/error-context.md

  108) [chromium] › tests/e2e/subscribers-comprehensive.spec.ts:54:7 › Subscribers Management - Comprehensive › should export subscribers as CSV 

    Error: [2mexpect([22m[31mreceived[39m[2m).[22mtoContain[2m([22m[32mexpected[39m[2m) // indexOf[22m

    Expected substring: [32m"Email"[39m
    Received string:    [31m"email,createdAt[39m
    [31mexport-test-1762276799969@example.com,2025-11-04T17:19:59.987Z[39m
    [31mfirst-1762276799968@example.com,2025-11-04T17:19:59.979Z[39m
    [31msubscriber-1762276798740@example.com,2025-11-04T17:19:58.820Z[39m
    [31m"[39m

      76 |       const fs = require('fs')
      77 |       const content = fs.readFileSync(path, 'utf-8')
    > 78 |       expect(content).toContain('Email')
         |                       ^
      79 |       expect(content).toContain('Subscribed At')
      80 |       expect(content).toContain(email)
      81 |     }
        at /Users/aishwaryashrivastav/Development/port/tests/e2e/subscribers-comprehensive.spec.ts:78:23

    Error Context: test-results/subscribers-comprehensive--f75f3-d-export-subscribers-as-CSV-chromium/error-context.md

  109) [chromium] › tests/e2e/subscribers-comprehensive.spec.ts:120:7 › Subscribers Management - Comprehensive › should prevent duplicate email subscriptions 

    Error: [2mexpect([22m[31mreceived[39m[2m).[22mtoContain[2m([22m[32mexpected[39m[2m) // indexOf[22m

    Expected value: [32m404[39m
    Received array: [31m[400, 409][39m

      134 |
      135 |     // Should fail or return error
    > 136 |     expect([400, 409]).toContain(res.status())
          |                        ^
      137 |   })
      138 |
      139 |   test('should show correct date format', async ({ page, request }) => {
        at /Users/aishwaryashrivastav/Development/port/tests/e2e/subscribers-comprehensive.spec.ts:136:24

    Error Context: test-results/subscribers-comprehensive--24ec3-plicate-email-subscriptions-chromium/error-context.md

  110) [chromium] › tests/e2e/subscribers-comprehensive.spec.ts:139:7 › Subscribers Management - Comprehensive › should show correct date format 

    [31mTest timeout of 60000ms exceeded.[39m

    Error: locator.textContent: Test timeout of 60000ms exceeded.
    Call log:
    [2m  - waiting for locator('tr').filter({ hasText: 'date-test-1762276803026@example.com' }).locator('td').nth(1)[22m


      149 |     const row = page.locator('tr', { hasText: email })
      150 |     const dateCell = row.locator('td').nth(1)
    > 151 |     const dateText = await dateCell.textContent()
          |                                     ^
      152 |
      153 |     // Should be a valid date format
      154 |     expect(dateText).toMatch(/\d{1,2}\/\d{1,2}\/\d{4}/) // Basic date format check
        at /Users/aishwaryashrivastav/Development/port/tests/e2e/subscribers-comprehensive.spec.ts:151:37

    Error Context: test-results/subscribers-comprehensive--8413e-ld-show-correct-date-format-chromium/error-context.md

  111) [chromium] › tests/e2e/subscribers.spec.ts:3:5 › subscribe via API and see in admin list ────

    Error: [2mexpect([22m[31mreceived[39m[2m).[22mtoBeTruthy[2m()[22m

    Received: [31mfalse[39m

       6 |     data: { email },
       7 |   })
    >  8 |   expect(res.ok()).toBeTruthy()
         |                    ^
       9 |
      10 |   await page.goto('/admin/subscribers')
      11 |   await expect(page.getByText(email)).toBeVisible()
        at /Users/aishwaryashrivastav/Development/port/tests/e2e/subscribers.spec.ts:8:20

  111 failed
    [chromium] › tests/e2e/admin-authentication.spec.ts:9:7 › Admin Authentication › should redirect to login when accessing admin without auth 
    [chromium] › tests/e2e/admin-authentication.spec.ts:14:7 › Admin Authentication › should show error for invalid password 
    [chromium] › tests/e2e/admin-authentication.spec.ts:23:7 › Admin Authentication › should login with correct password 
    [chromium] › tests/e2e/admin-authentication.spec.ts:34:7 › Admin Authentication › should redirect to intended page after login 
    [chromium] › tests/e2e/admin-authentication.spec.ts:46:7 › Admin Authentication › should logout and redirect to login 
    [chromium] › tests/e2e/admin-authentication.spec.ts:64:7 › Admin Authentication › should maintain session across page navigations 
    [chromium] › tests/e2e/admin-authentication.spec.ts:82:7 › Admin Authentication › should show loading state during login 
    [chromium] › tests/e2e/admin-navigation.spec.ts:4:7 › Admin navigation › menu links render and highlight active route 
    [chromium] › tests/e2e/articles-crud.spec.ts:43:7 › Articles CRUD › should create a new article 
    [chromium] › tests/e2e/articles-crud.spec.ts:80:7 › Articles CRUD › should auto-generate slug from title 
    [chromium] › tests/e2e/articles-crud.spec.ts:94:7 › Articles CRUD › should validate required fields 
    [chromium] › tests/e2e/articles-crud.spec.ts:105:7 › Articles CRUD › should edit an existing article 
    [chromium] › tests/e2e/articles-crud.spec.ts:130:7 › Articles CRUD › should delete an article ──
    [chromium] › tests/e2e/articles-crud.spec.ts:155:7 › Articles CRUD › should publish an article ─
    [chromium] › tests/e2e/articles-crud.spec.ts:191:7 › Articles CRUD › should schedule an article for later 
    [chromium] › tests/e2e/articles-crud.spec.ts:233:7 › Articles CRUD › should set article as featured 
    [chromium] › tests/e2e/articles-crud.spec.ts:257:7 › Articles CRUD › should show article in list after creation 
    [chromium] › tests/e2e/articles-crud.spec.ts:292:7 › Articles CRUD › should prevent duplicate slugs 
    [chromium] › tests/e2e/articles-crud.spec.ts:338:7 › Articles CRUD › should show empty state when no articles 
    [chromium] › tests/e2e/articles-crud.spec.ts:352:7 › Articles CRUD › should calculate read time 
    [chromium] › tests/e2e/articles-crud.spec.ts:372:7 › Articles CRUD › should update SEO fields ──
    [chromium] › tests/e2e/articles-crud.spec.ts:397:7 › Articles CRUD › should view article on frontend 
    [chromium] › tests/e2e/categories-crud-comprehensive.spec.ts:15:7 › Categories CRUD - Comprehensive › should create category with all fields 
    [chromium] › tests/e2e/categories-crud-comprehensive.spec.ts:33:7 › Categories CRUD - Comprehensive › should auto-generate slug from name 
    [chromium] › tests/e2e/categories-crud-comprehensive.spec.ts:48:7 › Categories CRUD - Comprehensive › should create category without description 
    [chromium] › tests/e2e/categories-crud-comprehensive.spec.ts:63:7 › Categories CRUD - Comprehensive › should validate required fields 
    [chromium] › tests/e2e/categories-crud-comprehensive.spec.ts:73:7 › Categories CRUD - Comprehensive › should reset form after successful creation 
    [chromium] › tests/e2e/categories-crud-comprehensive.spec.ts:89:7 › Categories CRUD - Comprehensive › should delete category 
    [chromium] › tests/e2e/categories-crud-comprehensive.spec.ts:112:7 › Categories CRUD - Comprehensive › should show empty state when no categories 
    [chromium] › tests/e2e/categories-crud-comprehensive.spec.ts:125:7 › Categories CRUD - Comprehensive › should prevent duplicate category names 
    [chromium] › tests/e2e/categories-crud-comprehensive.spec.ts:145:7 › Categories CRUD - Comprehensive › should handle special characters in slug 
    [chromium] › tests/e2e/categories-crud-comprehensive.spec.ts:160:7 › Categories CRUD - Comprehensive › should show loading state during creation 
    [chromium] › tests/e2e/categories-crud-comprehensive.spec.ts:175:7 › Categories CRUD - Comprehensive › should display categories in alphabetical order 
    [chromium] › tests/e2e/categories-crud-comprehensive.spec.ts:195:7 › Categories CRUD - Comprehensive › should update article dropdown when category created 
    [chromium] › tests/e2e/categories-crud.spec.ts:3:5 › create category and see it listed ─────────
    [chromium] › tests/e2e/dashboard-comprehensive.spec.ts:15:7 › Admin Dashboard - Comprehensive › should display dashboard statistics 
    [chromium] › tests/e2e/dashboard-comprehensive.spec.ts:24:7 › Admin Dashboard - Comprehensive › should show correct article counts 
    [chromium] › tests/e2e/dashboard-comprehensive.spec.ts:41:7 › Admin Dashboard - Comprehensive › should show recent articles table 
    [chromium] › tests/e2e/dashboard-comprehensive.spec.ts:47:7 › Admin Dashboard - Comprehensive › should display article details in table 
    [chromium] › tests/e2e/dashboard-comprehensive.spec.ts:76:7 › Admin Dashboard - Comprehensive › should show published and draft status badges 
    [chromium] › tests/e2e/dashboard-comprehensive.spec.ts:120:7 › Admin Dashboard - Comprehensive › should show create new article button 
    [chromium] › tests/e2e/dashboard-comprehensive.spec.ts:126:7 › Admin Dashboard - Comprehensive › should navigate to create article page 
    [chromium] › tests/e2e/dashboard-comprehensive.spec.ts:134:7 › Admin Dashboard - Comprehensive › should show edit link for articles 
    [chromium] › tests/e2e/dashboard-comprehensive.spec.ts:166:7 › Admin Dashboard - Comprehensive › should show article views count 
    [chromium] › tests/e2e/dashboard-comprehensive.spec.ts:195:7 › Admin Dashboard - Comprehensive › should show empty state when no articles 
    [chromium] › tests/e2e/dashboard-comprehensive.spec.ts:209:7 › Admin Dashboard - Comprehensive › should limit recent articles to 10 
    [chromium] › tests/e2e/dashboard-comprehensive.spec.ts:239:7 › Admin Dashboard - Comprehensive › should show articles in descending order by date 
    [chromium] › tests/e2e/dashboard-comprehensive.spec.ts:282:7 › Admin Dashboard - Comprehensive › should display category and editor names 
    [chromium] › tests/e2e/editors-crud-comprehensive.spec.ts:15:7 › Editors CRUD - Comprehensive › should create editor with all fields 
    [chromium] › tests/e2e/editors-crud-comprehensive.spec.ts:33:7 › Editors CRUD - Comprehensive › should create editor without bio and avatar 
    [chromium] › tests/e2e/editors-crud-comprehensive.spec.ts:48:7 › Editors CRUD - Comprehensive › should validate email format 
    [chromium] › tests/e2e/editors-crud-comprehensive.spec.ts:61:7 › Editors CRUD - Comprehensive › should validate required fields 
    [chromium] › tests/e2e/editors-crud-comprehensive.spec.ts:70:7 › Editors CRUD - Comprehensive › should reset form after successful creation 
    [chromium] › tests/e2e/editors-crud-comprehensive.spec.ts:86:7 › Editors CRUD - Comprehensive › should delete editor 
    [chromium] › tests/e2e/editors-crud-comprehensive.spec.ts:109:7 › Editors CRUD - Comprehensive › should prevent duplicate emails 
    [chromium] › tests/e2e/editors-crud-comprehensive.spec.ts:132:7 › Editors CRUD - Comprehensive › should generate unique slug automatically 
    [chromium] › tests/e2e/editors-crud-comprehensive.spec.ts:154:7 › Editors CRUD - Comprehensive › should show empty state when no editors 
    [chromium] › tests/e2e/editors-crud-comprehensive.spec.ts:173:7 › Editors CRUD - Comprehensive › should display editors in alphabetical order 
    [chromium] › tests/e2e/editors-crud-comprehensive.spec.ts:199:7 › Editors CRUD - Comprehensive › should update article dropdown when editor created 
    [chromium] › tests/e2e/editors-crud-comprehensive.spec.ts:217:7 › Editors CRUD - Comprehensive › should handle special characters in name 
    [chromium] › tests/e2e/editors-crud-comprehensive.spec.ts:231:7 › Editors CRUD - Comprehensive › should show loading state during creation 
    [chromium] › tests/e2e/editors-crud.spec.ts:3:5 › create editor and see it listed ──────────────
    [chromium] › tests/e2e/import-comprehensive.spec.ts:44:7 › WordPress CSV Import - Comprehensive › should show import page with instructions 
    [chromium] › tests/e2e/import-comprehensive.spec.ts:53:7 › WordPress CSV Import - Comprehensive › should accept CSV file upload 
    [chromium] › tests/e2e/import-comprehensive.spec.ts:72:7 › WordPress CSV Import - Comprehensive › should import articles from CSV 
    [chromium] › tests/e2e/import-comprehensive.spec.ts:98:7 › WordPress CSV Import - Comprehensive › should handle CSV with only required fields 
    [chromium] › tests/e2e/import-comprehensive.spec.ts:118:7 › WordPress CSV Import - Comprehensive › should show import errors for invalid CSV 
    [chromium] › tests/e2e/import-comprehensive.spec.ts:139:7 › WordPress CSV Import - Comprehensive › should create categories automatically 
    [chromium] › tests/e2e/import-comprehensive.spec.ts:164:7 › WordPress CSV Import - Comprehensive › should create editors automatically 
    [chromium] › tests/e2e/import-comprehensive.spec.ts:189:7 › WordPress CSV Import - Comprehensive › should update existing articles with same slug 
    [chromium] › tests/e2e/import-comprehensive.spec.ts:228:7 › WordPress CSV Import - Comprehensive › should handle multiple articles in CSV 
    [chromium] › tests/e2e/import-comprehensive.spec.ts:256:7 › WordPress CSV Import - Comprehensive › should show file name and size after selection 
    [chromium] › tests/e2e/import-comprehensive.spec.ts:275:7 › WordPress CSV Import - Comprehensive › should disable import button when no file selected 
    [chromium] › tests/e2e/import-comprehensive.spec.ts:282:7 › WordPress CSV Import - Comprehensive › should enable import button when file selected 
    [chromium] › tests/e2e/import-comprehensive.spec.ts:300:7 › WordPress CSV Import - Comprehensive › should show loading state during import 
    [chromium] › tests/e2e/import-comprehensive.spec.ts:320:7 › WordPress CSV Import - Comprehensive › should reset file selection after import 
    [chromium] › tests/e2e/perf-and-canonical.spec.ts:12:5 › home canonical is absolute and correct 
    [chromium] › tests/e2e/seo.spec.ts:5:5 › home has canonical link ───────────────────────────────
    [chromium] › tests/e2e/seo.spec.ts:20:5 › sitemap.xml is served and includes site root ─────────
    [chromium] › tests/e2e/settings-comprehensive.spec.ts:39:7 › Settings Management - Comprehensive › should update site name 
    [chromium] › tests/e2e/settings-comprehensive.spec.ts:51:7 › Settings Management - Comprehensive › should update logo URL 
    [chromium] › tests/e2e/settings-comprehensive.spec.ts:62:7 › Settings Management - Comprehensive › should update navigation links JSON 
    [chromium] › tests/e2e/settings-comprehensive.spec.ts:72:7 › Settings Management - Comprehensive › should update footer links JSON 
    [chromium] › tests/e2e/settings-comprehensive.spec.ts:82:7 › Settings Management - Comprehensive › should update subscribe CTA text 
    [chromium] › tests/e2e/settings-comprehensive.spec.ts:92:7 › Settings Management - Comprehensive › should update header bar settings 
    [chromium] › tests/e2e/settings-comprehensive.spec.ts:111:7 › Settings Management - Comprehensive › should load existing settings on page load 
    [chromium] › tests/e2e/settings-comprehensive.spec.ts:129:7 › Settings Management - Comprehensive › should handle empty settings 
    [chromium] › tests/e2e/settings-comprehensive.spec.ts:149:7 › Settings Management - Comprehensive › should show loading state during save 
    [chromium] › tests/e2e/settings-comprehensive.spec.ts:158:7 › Settings Management - Comprehensive › should reload page after save 
    [chromium] › tests/e2e/settings-comprehensive.spec.ts:174:7 › Settings Management - Comprehensive › should validate JSON format for nav links 
    [chromium] › tests/e2e/settings-comprehensive.spec.ts:185:7 › Settings Management - Comprehensive › should handle very long text fields 
    [chromium] › tests/e2e/settings-comprehensive.spec.ts:195:7 › Settings Management - Comprehensive › should persist settings across sessions 
    [chromium] › tests/e2e/settings-comprehensive.spec.ts:209:7 › Settings Management - Comprehensive › should create default settings if none exist 
    [chromium] › tests/e2e/settings.spec.ts:3:5 › update a setting and persist ─────────────────────
    [chromium] › tests/e2e/sponsored-banners.spec.ts:15:7 › Sponsored Banners CRUD › should create sponsored banner 
    [chromium] › tests/e2e/sponsored-banners.spec.ts:31:7 › Sponsored Banners CRUD › should create banner with all fields 
    [chromium] › tests/e2e/sponsored-banners.spec.ts:58:7 › Sponsored Banners CRUD › should validate required fields 
    [chromium] › tests/e2e/sponsored-banners.spec.ts:69:7 › Sponsored Banners CRUD › should edit banner 
    [chromium] › tests/e2e/sponsored-banners.spec.ts:96:7 › Sponsored Banners CRUD › should delete banner 
    [chromium] › tests/e2e/sponsored-banners.spec.ts:120:7 › Sponsored Banners CRUD › should show all banner types 
    [chromium] › tests/e2e/sponsored-banners.spec.ts:132:7 › Sponsored Banners CRUD › should handle date ranges 
    [chromium] › tests/e2e/sponsored-banners.spec.ts:155:7 › Sponsored Banners CRUD › should toggle active status 
    [chromium] › tests/e2e/sponsored-banners.spec.ts:180:7 › Sponsored Banners CRUD › should show empty state when no banners 
    [chromium] › tests/e2e/sponsored-banners.spec.ts:193:7 › Sponsored Banners CRUD › should set display order 
    [chromium] › tests/e2e/sponsored-banners.spec.ts:221:7 › Sponsored Banners CRUD › should reset form on cancel 
    [chromium] › tests/e2e/sponsored-banners.spec.ts:233:7 › Sponsored Banners CRUD › should validate image URL format 
    [chromium] › tests/e2e/subscribers-comprehensive.spec.ts:15:7 › Subscribers Management - Comprehensive › should display subscribers list 
    [chromium] › tests/e2e/subscribers-comprehensive.spec.ts:54:7 › Subscribers Management - Comprehensive › should export subscribers as CSV 
    [chromium] › tests/e2e/subscribers-comprehensive.spec.ts:120:7 › Subscribers Management - Comprehensive › should prevent duplicate email subscriptions 
    [chromium] › tests/e2e/subscribers-comprehensive.spec.ts:139:7 › Subscribers Management - Comprehensive › should show correct date format 
    [chromium] › tests/e2e/subscribers.spec.ts:3:5 › subscribe via API and see in admin list ───────
  8 passed (10.4m)
